<?xml version="1.0" encoding="ISO-8859-1" ?>
<link_info>
   <banner>TI ARM Linker Unix v18.12.3.LTS</banner>
   <copyright>Copyright (c) 1996-2018 Texas Instruments Incorporated</copyright>
   <link_time>0x5dd94011</link_time>
   <link_errors>0x0</link_errors>
   <output_file>Jogo.out</output_file>
   <entry_point>
      <name>_c_int00_noargs</name>
      <address>0x2541</address>
   </entry_point>
   <input_file_list>
      <input_file id="fl-1">
         <path>./</path>
         <kind>object</kind>
         <file>Nokia5110.obj</file>
         <name>Nokia5110.obj</name>
      </input_file>
      <input_file id="fl-2">
         <path>./</path>
         <kind>object</kind>
         <file>bitmaps.obj</file>
         <name>bitmaps.obj</name>
      </input_file>
      <input_file id="fl-3">
         <path>./</path>
         <kind>object</kind>
         <file>jogo.obj</file>
         <name>jogo.obj</name>
      </input_file>
      <input_file id="fl-4">
         <path>./</path>
         <kind>object</kind>
         <file>main.obj</file>
         <name>main.obj</name>
      </input_file>
      <input_file id="fl-5">
         <path>./</path>
         <kind>object</kind>
         <file>tm4c1231h6pm_startup_ccs.obj</file>
         <name>tm4c1231h6pm_startup_ccs.obj</name>
      </input_file>
      <input_file id="fl-a">
         <kind>object</kind>
         <file>&lt;internal&gt;</file>
         <name>&lt;internal&gt;</name>
      </input_file>
      <input_file id="fl-b">
         <path>/home/thiago/ti/TivaWare_C_Series-2.1.4.178/driverlib/ccs/Debug/</path>
         <kind>archive</kind>
         <file>driverlib.lib</file>
         <name>gpio.obj</name>
      </input_file>
      <input_file id="fl-c">
         <path>/home/thiago/ti/TivaWare_C_Series-2.1.4.178/driverlib/ccs/Debug/</path>
         <kind>archive</kind>
         <file>driverlib.lib</file>
         <name>interrupt.obj</name>
      </input_file>
      <input_file id="fl-d">
         <path>/home/thiago/ti/TivaWare_C_Series-2.1.4.178/driverlib/ccs/Debug/</path>
         <kind>archive</kind>
         <file>driverlib.lib</file>
         <name>sysctl.obj</name>
      </input_file>
      <input_file id="fl-e">
         <path>/home/thiago/ti/TivaWare_C_Series-2.1.4.178/driverlib/ccs/Debug/</path>
         <kind>archive</kind>
         <file>driverlib.lib</file>
         <name>systick.obj</name>
      </input_file>
      <input_file id="fl-f">
         <path>/home/thiago/ti/TivaWare_C_Series-2.1.4.178/driverlib/ccs/Debug/</path>
         <kind>archive</kind>
         <file>driverlib.lib</file>
         <name>timer.obj</name>
      </input_file>
      <input_file id="fl-10">
         <path>/home/thiago/ti/TivaWare_C_Series-2.1.4.178/driverlib/ccs/Debug/</path>
         <kind>archive</kind>
         <file>driverlib.lib</file>
         <name>cpu.obj</name>
      </input_file>
      <input_file id="fl-c6">
         <path>/home/thiago/ti/ccs910/ccs/tools/compiler/ti-cgt-arm_18.12.3.LTS/lib/</path>
         <kind>archive</kind>
         <file>rtsv7M4_T_le_v4SPD16_eabi.lib</file>
         <name>copy_zero_init.c.obj</name>
      </input_file>
      <input_file id="fl-c7">
         <path>/home/thiago/ti/ccs910/ccs/tools/compiler/ti-cgt-arm_18.12.3.LTS/lib/</path>
         <kind>archive</kind>
         <file>rtsv7M4_T_le_v4SPD16_eabi.lib</file>
         <name>copy_decompress_none.c.obj</name>
      </input_file>
      <input_file id="fl-c8">
         <path>/home/thiago/ti/ccs910/ccs/tools/compiler/ti-cgt-arm_18.12.3.LTS/lib/</path>
         <kind>archive</kind>
         <file>rtsv7M4_T_le_v4SPD16_eabi.lib</file>
         <name>copy_decompress_lzss.c.obj</name>
      </input_file>
      <input_file id="fl-c9">
         <path>/home/thiago/ti/ccs910/ccs/tools/compiler/ti-cgt-arm_18.12.3.LTS/lib/</path>
         <kind>archive</kind>
         <file>rtsv7M4_T_le_v4SPD16_eabi.lib</file>
         <name>boot_cortex_m.c.obj</name>
      </input_file>
      <input_file id="fl-ca">
         <path>/home/thiago/ti/ccs910/ccs/tools/compiler/ti-cgt-arm_18.12.3.LTS/lib/</path>
         <kind>archive</kind>
         <file>rtsv7M4_T_le_v4SPD16_eabi.lib</file>
         <name>memset_t2.asm.obj</name>
      </input_file>
      <input_file id="fl-cb">
         <path>/home/thiago/ti/ccs910/ccs/tools/compiler/ti-cgt-arm_18.12.3.LTS/lib/</path>
         <kind>archive</kind>
         <file>rtsv7M4_T_le_v4SPD16_eabi.lib</file>
         <name>memcpy_t2.asm.obj</name>
      </input_file>
      <input_file id="fl-cc">
         <path>/home/thiago/ti/ccs910/ccs/tools/compiler/ti-cgt-arm_18.12.3.LTS/lib/</path>
         <kind>archive</kind>
         <file>rtsv7M4_T_le_v4SPD16_eabi.lib</file>
         <name>autoinit.c.obj</name>
      </input_file>
      <input_file id="fl-cd">
         <path>/home/thiago/ti/ccs910/ccs/tools/compiler/ti-cgt-arm_18.12.3.LTS/lib/</path>
         <kind>archive</kind>
         <file>rtsv7M4_T_le_v4SPD16_eabi.lib</file>
         <name>pre_init.c.obj</name>
      </input_file>
      <input_file id="fl-ce">
         <path>/home/thiago/ti/ccs910/ccs/tools/compiler/ti-cgt-arm_18.12.3.LTS/lib/</path>
         <kind>archive</kind>
         <file>rtsv7M4_T_le_v4SPD16_eabi.lib</file>
         <name>cpy_tbl.c.obj</name>
      </input_file>
      <input_file id="fl-cf">
         <path>/home/thiago/ti/ccs910/ccs/tools/compiler/ti-cgt-arm_18.12.3.LTS/lib/</path>
         <kind>archive</kind>
         <file>rtsv7M4_T_le_v4SPD16_eabi.lib</file>
         <name>exit.c.obj</name>
      </input_file>
      <input_file id="fl-d0">
         <path>/home/thiago/ti/ccs910/ccs/tools/compiler/ti-cgt-arm_18.12.3.LTS/lib/</path>
         <kind>archive</kind>
         <file>rtsv7M4_T_le_v4SPD16_eabi.lib</file>
         <name>_lock.c.obj</name>
      </input_file>
      <input_file id="fl-d1">
         <path>/home/thiago/ti/ccs910/ccs/tools/compiler/ti-cgt-arm_18.12.3.LTS/lib/</path>
         <kind>archive</kind>
         <file>rtsv7M4_T_le_v4SPD16_eabi.lib</file>
         <name>args_main.c.obj</name>
      </input_file>
   </input_file_list>
   <object_component_list>
      <object_component id="oc-f">
         <name>.intvecs</name>
         <load_address>0x0</load_address>
         <run_address>0x0</run_address>
         <size>0x26c</size>
         <input_file_ref idref="fl-5"/>
      </object_component>
      <object_component id="oc-c1">
         <name>.text</name>
         <load_address>0x26c</load_address>
         <run_address>0x26c</run_address>
         <size>0xf30</size>
         <input_file_ref idref="fl-3"/>
      </object_component>
      <object_component id="oc-113">
         <name>.text</name>
         <load_address>0x119c</load_address>
         <run_address>0x119c</run_address>
         <size>0xc58</size>
         <input_file_ref idref="fl-1"/>
      </object_component>
      <object_component id="oc-1a3">
         <name>.text:GPIOPadConfigSet</name>
         <load_address>0x1df4</load_address>
         <run_address>0x1df4</run_address>
         <size>0x132</size>
         <input_file_ref idref="fl-b"/>
      </object_component>
      <object_component id="oc-14f">
         <name>.text:SysCtlClockGet</name>
         <load_address>0x1f28</load_address>
         <run_address>0x1f28</run_address>
         <size>0x110</size>
         <input_file_ref idref="fl-d"/>
      </object_component>
      <object_component id="oc-10d">
         <name>.text:SysCtlClockSet</name>
         <load_address>0x2038</load_address>
         <run_address>0x2038</run_address>
         <size>0xf4</size>
         <input_file_ref idref="fl-d"/>
      </object_component>
      <object_component id="oc-38">
         <name>.text</name>
         <load_address>0x212c</load_address>
         <run_address>0x212c</run_address>
         <size>0x9c</size>
         <input_file_ref idref="fl-cb"/>
      </object_component>
      <object_component id="oc-8c">
         <name>.text</name>
         <load_address>0x21c8</load_address>
         <run_address>0x21c8</run_address>
         <size>0x7a</size>
         <input_file_ref idref="fl-ca"/>
      </object_component>
      <object_component id="oc-240">
         <name>.text:IntEnable</name>
         <load_address>0x2244</load_address>
         <run_address>0x2244</run_address>
         <size>0x68</size>
         <input_file_ref idref="fl-c"/>
      </object_component>
      <object_component id="oc-12">
         <name>.text:decompress:lzss:__TI_decompress_lzss</name>
         <load_address>0x22ac</load_address>
         <run_address>0x22ac</run_address>
         <size>0x68</size>
         <input_file_ref idref="fl-c8"/>
      </object_component>
      <object_component id="oc-15b">
         <name>.text:TimerConfigure</name>
         <load_address>0x2314</load_address>
         <run_address>0x2314</run_address>
         <size>0x60</size>
         <input_file_ref idref="fl-f"/>
      </object_component>
      <object_component id="oc-13d">
         <name>.text:GPIOIntTypeSet</name>
         <load_address>0x2374</load_address>
         <run_address>0x2374</run_address>
         <size>0x56</size>
         <input_file_ref idref="fl-b"/>
      </object_component>
      <object_component id="oc-25d">
         <name>.text:_TimerIntNumberGet</name>
         <load_address>0x23cc</load_address>
         <run_address>0x23cc</run_address>
         <size>0x4c</size>
         <input_file_ref idref="fl-f"/>
      </object_component>
      <object_component id="oc-234">
         <name>.text:_GPIOIntNumberGet</name>
         <load_address>0x2418</load_address>
         <run_address>0x2418</run_address>
         <size>0x44</size>
         <input_file_ref idref="fl-b"/>
      </object_component>
      <object_component id="oc-d9">
         <name>.text:__TI_auto_init_nobinit_nopinit:__TI_auto_init_nobinit_nopinit</name>
         <load_address>0x245c</load_address>
         <run_address>0x245c</run_address>
         <size>0x44</size>
         <input_file_ref idref="fl-cc"/>
      </object_component>
      <object_component id="oc-11f">
         <name>.text:SysCtlPeripheralReady</name>
         <load_address>0x24a0</load_address>
         <run_address>0x24a0</run_address>
         <size>0x38</size>
         <input_file_ref idref="fl-d"/>
      </object_component>
      <object_component id="oc-23a">
         <name>.text:IntRegister</name>
         <load_address>0x24d8</load_address>
         <run_address>0x24d8</run_address>
         <size>0x34</size>
         <input_file_ref idref="fl-c"/>
      </object_component>
      <object_component id="oc-119">
         <name>.text:SysCtlPeripheralEnable</name>
         <load_address>0x250c</load_address>
         <run_address>0x250c</run_address>
         <size>0x34</size>
         <input_file_ref idref="fl-d"/>
      </object_component>
      <object_component id="oc-56">
         <name>.text:_c_int00_noargs:_c_int00_noargs</name>
         <load_address>0x2540</load_address>
         <run_address>0x2540</run_address>
         <size>0x34</size>
         <input_file_ref idref="fl-c9"/>
      </object_component>
      <object_component id="oc-26c">
         <name>.text:GPIODirModeSet</name>
         <load_address>0x2574</load_address>
         <run_address>0x2574</run_address>
         <size>0x2a</size>
         <input_file_ref idref="fl-b"/>
      </object_component>
      <object_component id="oc-137">
         <name>.text:IntPrioritySet</name>
         <load_address>0x25a0</load_address>
         <run_address>0x25a0</run_address>
         <size>0x24</size>
         <input_file_ref idref="fl-c"/>
      </object_component>
      <object_component id="oc-185">
         <name>.text:SysTickIntRegister</name>
         <load_address>0x25c4</load_address>
         <run_address>0x25c4</run_address>
         <size>0x1c</size>
         <input_file_ref idref="fl-e"/>
      </object_component>
      <object_component id="oc-131">
         <name>.text:GPIOIntRegister</name>
         <load_address>0x25e0</load_address>
         <run_address>0x25e0</run_address>
         <size>0x18</size>
         <input_file_ref idref="fl-b"/>
      </object_component>
      <object_component id="oc-197">
         <name>.text:GPIOPinTypeGPIOOutput</name>
         <load_address>0x25f8</load_address>
         <run_address>0x25f8</run_address>
         <size>0x18</size>
         <input_file_ref idref="fl-b"/>
      </object_component>
      <object_component id="oc-167">
         <name>.text:TimerIntRegister</name>
         <load_address>0x2610</load_address>
         <run_address>0x2610</run_address>
         <size>0x18</size>
         <input_file_ref idref="fl-f"/>
      </object_component>
      <object_component id="oc-191">
         <name>.text:SysTickEnable</name>
         <load_address>0x2628</load_address>
         <run_address>0x2628</run_address>
         <size>0x14</size>
         <input_file_ref idref="fl-e"/>
      </object_component>
      <object_component id="oc-179">
         <name>.text:SysTickIntDisable</name>
         <load_address>0x263c</load_address>
         <run_address>0x263c</run_address>
         <size>0x14</size>
         <input_file_ref idref="fl-e"/>
      </object_component>
      <object_component id="oc-18b">
         <name>.text:SysTickIntEnable</name>
         <load_address>0x2650</load_address>
         <run_address>0x2650</run_address>
         <size>0x14</size>
         <input_file_ref idref="fl-e"/>
      </object_component>
      <object_component id="oc-19d">
         <name>.text:GPIOPinTypeGPIOInput</name>
         <load_address>0x2664</load_address>
         <run_address>0x2664</run_address>
         <size>0x12</size>
         <input_file_ref idref="fl-b"/>
      </object_component>
      <object_component id="oc-161">
         <name>.text:TimerLoadSet</name>
         <load_address>0x2676</load_address>
         <run_address>0x2676</run_address>
         <size>0x12</size>
         <input_file_ref idref="fl-f"/>
      </object_component>
      <object_component id="oc-149">
         <name>.text:IntMasterEnable</name>
         <load_address>0x2688</load_address>
         <run_address>0x2688</run_address>
         <size>0x10</size>
         <input_file_ref idref="fl-c"/>
      </object_component>
      <object_component id="oc-17f">
         <name>.text:SysTickPeriodSet</name>
         <load_address>0x2698</load_address>
         <run_address>0x2698</run_address>
         <size>0x10</size>
         <input_file_ref idref="fl-e"/>
      </object_component>
      <object_component id="oc-125">
         <name>.text:GPIOIntDisable</name>
         <load_address>0x26a8</load_address>
         <run_address>0x26a8</run_address>
         <size>0xe</size>
         <input_file_ref idref="fl-b"/>
      </object_component>
      <object_component id="oc-1d7">
         <name>.text:GPIOIntStatus</name>
         <load_address>0x26b6</load_address>
         <run_address>0x26b6</run_address>
         <size>0xe</size>
         <input_file_ref idref="fl-b"/>
      </object_component>
      <object_component id="oc-173">
         <name>.text:TimerEnable</name>
         <load_address>0x26c4</load_address>
         <run_address>0x26c4</run_address>
         <size>0xe</size>
         <input_file_ref idref="fl-f"/>
      </object_component>
      <object_component id="oc-18">
         <name>.text:decompress:none:__TI_decompress_none</name>
         <load_address>0x26d2</load_address>
         <run_address>0x26d2</run_address>
         <size>0xe</size>
         <input_file_ref idref="fl-c7"/>
      </object_component>
      <object_component id="oc-24e">
         <name>.text:CPUcpsie</name>
         <load_address>0x26e0</load_address>
         <run_address>0x26e0</run_address>
         <size>0xc</size>
         <input_file_ref idref="fl-10"/>
      </object_component>
      <object_component id="oc-143">
         <name>.text:GPIOIntEnable</name>
         <load_address>0x26ec</load_address>
         <run_address>0x26ec</run_address>
         <size>0xc</size>
         <input_file_ref idref="fl-b"/>
      </object_component>
      <object_component id="oc-4a">
         <name>.text:decompress:ZI:__TI_zero_init</name>
         <load_address>0x26f8</load_address>
         <run_address>0x26f8</run_address>
         <size>0xc</size>
         <input_file_ref idref="fl-c6"/>
      </object_component>
      <object_component id="oc-24">
         <name>.text</name>
         <load_address>0x2704</load_address>
         <run_address>0x2704</run_address>
         <size>0xc</size>
         <input_file_ref idref="fl-5"/>
      </object_component>
      <object_component id="oc-155">
         <name>.text:TimerIntDisable</name>
         <load_address>0x2710</load_address>
         <run_address>0x2710</run_address>
         <size>0xa</size>
         <input_file_ref idref="fl-f"/>
      </object_component>
      <object_component id="oc-16d">
         <name>.text:TimerIntEnable</name>
         <load_address>0x271a</load_address>
         <run_address>0x271a</run_address>
         <size>0x8</size>
         <input_file_ref idref="fl-f"/>
      </object_component>
      <object_component id="oc-98">
         <name>.text</name>
         <load_address>0x2722</load_address>
         <run_address>0x2722</run_address>
         <size>0x8</size>
         <input_file_ref idref="fl-4"/>
      </object_component>
      <object_component id="oc-12b">
         <name>.text:GPIOIntClear</name>
         <load_address>0x272a</load_address>
         <run_address>0x272a</run_address>
         <size>0x6</size>
         <input_file_ref idref="fl-b"/>
      </object_component>
      <object_component id="oc-1a9">
         <name>.text:GPIOPinWrite</name>
         <load_address>0x2730</load_address>
         <run_address>0x2730</run_address>
         <size>0x6</size>
         <input_file_ref idref="fl-b"/>
      </object_component>
      <object_component id="oc-214">
         <name>.text:SysCtlDelay</name>
         <load_address>0x2736</load_address>
         <run_address>0x2736</run_address>
         <size>0x6</size>
         <input_file_ref idref="fl-d"/>
      </object_component>
      <object_component id="oc-1af">
         <name>.text:TimerIntClear</name>
         <load_address>0x273c</load_address>
         <run_address>0x273c</run_address>
         <size>0x4</size>
         <input_file_ref idref="fl-f"/>
      </object_component>
      <object_component id="oc-92">
         <name>.text:_system_pre_init</name>
         <load_address>0x2740</load_address>
         <run_address>0x2740</run_address>
         <size>0x4</size>
         <input_file_ref idref="fl-cd"/>
      </object_component>
      <object_component id="oc-cd">
         <name>.text:abort:abort</name>
         <load_address>0x2744</load_address>
         <run_address>0x2744</run_address>
         <size>0x4</size>
         <input_file_ref idref="fl-cf"/>
      </object_component>
      <object_component id="oc-1c2">
         <name>.const:.string:Buttons</name>
         <load_address>0x2748</load_address>
         <run_address>0x2748</run_address>
         <size>0x1f8</size>
         <input_file_ref idref="fl-2"/>
      </object_component>
      <object_component id="oc-1c5">
         <name>.const:.string:Inst1</name>
         <load_address>0x2940</load_address>
         <run_address>0x2940</run_address>
         <size>0x1f8</size>
         <input_file_ref idref="fl-2"/>
      </object_component>
      <object_component id="oc-1c8">
         <name>.const:.string:Inst2</name>
         <load_address>0x2b38</load_address>
         <run_address>0x2b38</run_address>
         <size>0x1f8</size>
         <input_file_ref idref="fl-2"/>
      </object_component>
      <object_component id="oc-1cb">
         <name>.const:.string:Inst3</name>
         <load_address>0x2d30</load_address>
         <run_address>0x2d30</run_address>
         <size>0x1f8</size>
         <input_file_ref idref="fl-2"/>
      </object_component>
      <object_component id="oc-1ce">
         <name>.const:.string:Inst4</name>
         <load_address>0x2f28</load_address>
         <run_address>0x2f28</run_address>
         <size>0x1f8</size>
         <input_file_ref idref="fl-2"/>
      </object_component>
      <object_component id="oc-1d1">
         <name>.const:.string:Inst5</name>
         <load_address>0x3120</load_address>
         <run_address>0x3120</run_address>
         <size>0x1f8</size>
         <input_file_ref idref="fl-2"/>
      </object_component>
      <object_component id="oc-1d4">
         <name>.const:.string:Inst6</name>
         <load_address>0x3318</load_address>
         <run_address>0x3318</run_address>
         <size>0x1f8</size>
         <input_file_ref idref="fl-2"/>
      </object_component>
      <object_component id="oc-1df">
         <name>.const:.string:Inst7</name>
         <load_address>0x3510</load_address>
         <run_address>0x3510</run_address>
         <size>0x1f8</size>
         <input_file_ref idref="fl-2"/>
      </object_component>
      <object_component id="oc-1e2">
         <name>.const:.string:Inst8</name>
         <load_address>0x3708</load_address>
         <run_address>0x3708</run_address>
         <size>0x1f8</size>
         <input_file_ref idref="fl-2"/>
      </object_component>
      <object_component id="oc-1ec">
         <name>.const:.string:JogoPlayer1</name>
         <load_address>0x3900</load_address>
         <run_address>0x3900</run_address>
         <size>0x1f8</size>
         <input_file_ref idref="fl-2"/>
      </object_component>
      <object_component id="oc-1ef">
         <name>.const:.string:JogoPlayer2</name>
         <load_address>0x3af8</load_address>
         <run_address>0x3af8</run_address>
         <size>0x1f8</size>
         <input_file_ref idref="fl-2"/>
      </object_component>
      <object_component id="oc-1bc">
         <name>.const:.string:Menu1_full</name>
         <load_address>0x3cf0</load_address>
         <run_address>0x3cf0</run_address>
         <size>0x1f8</size>
         <input_file_ref idref="fl-2"/>
      </object_component>
      <object_component id="oc-1bf">
         <name>.const:.string:Menu2_full</name>
         <load_address>0x3ee8</load_address>
         <run_address>0x3ee8</run_address>
         <size>0x1f8</size>
         <input_file_ref idref="fl-2"/>
      </object_component>
      <object_component id="oc-21c">
         <name>.const:ASCII</name>
         <load_address>0x40e0</load_address>
         <run_address>0x40e0</run_address>
         <size>0x1e5</size>
         <input_file_ref idref="fl-1"/>
      </object_component>
      <object_component id="oc-2d6">
         <name>.const:g_ppui32GPIOIntMapSnowflake</name>
         <load_address>0x42c8</load_address>
         <run_address>0x42c8</run_address>
         <size>0xd8</size>
         <input_file_ref idref="fl-b"/>
      </object_component>
      <object_component id="oc-2d3">
         <name>.const:g_ppui32GPIOIntMapBlizzard</name>
         <load_address>0x43a0</load_address>
         <run_address>0x43a0</run_address>
         <size>0xc0</size>
         <input_file_ref idref="fl-b"/>
      </object_component>
      <object_component id="oc-247">
         <name>.const:g_pui32Regs</name>
         <load_address>0x4460</load_address>
         <run_address>0x4460</run_address>
         <size>0x9c</size>
         <input_file_ref idref="fl-c"/>
      </object_component>
      <object_component id="oc-2de">
         <name>.const</name>
         <load_address>0x44fc</load_address>
         <run_address>0x44fc</run_address>
         <size>0x70</size>
         <input_file_ref idref="fl-c"/>
      </object_component>
      <object_component id="oc-255">
         <name>.const:g_pui32Xtals</name>
         <load_address>0x456c</load_address>
         <run_address>0x456c</run_address>
         <size>0x6c</size>
         <input_file_ref idref="fl-d"/>
      </object_component>
      <object_component id="oc-2eb">
         <name>.const:g_ppui32TimerIntMap</name>
         <load_address>0x45d8</load_address>
         <run_address>0x45d8</run_address>
         <size>0x60</size>
         <input_file_ref idref="fl-f"/>
      </object_component>
      <object_component id="oc-2ee">
         <name>.const:g_ppui32TimerIntMapSnowflake</name>
         <load_address>0x4638</load_address>
         <run_address>0x4638</run_address>
         <size>0x40</size>
         <input_file_ref idref="fl-f"/>
      </object_component>
      <object_component id="oc-226">
         <name>.const:MIX_SIMBOLS</name>
         <load_address>0x4678</load_address>
         <run_address>0x4678</run_address>
         <size>0xc</size>
         <input_file_ref idref="fl-1"/>
      </object_component>
      <object_component id="oc-220">
         <name>.const:.string:Masks</name>
         <load_address>0x4684</load_address>
         <run_address>0x4684</run_address>
         <size>0x8</size>
         <input_file_ref idref="fl-1"/>
      </object_component>
      <object_component id="oc-223">
         <name>.const:SPECIAL_SIMBOLS</name>
         <load_address>0x468c</load_address>
         <run_address>0x468c</run_address>
         <size>0x5</size>
         <input_file_ref idref="fl-1"/>
      </object_component>
      <object_component id="oc-339">
         <name>__TI_handler_table</name>
         <load_address>0x4698</load_address>
         <run_address>0x4698</run_address>
         <size>0xc</size>
      </object_component>
      <object_component id="oc-33d">
         <name>.cinit..bss.load</name>
         <load_address>0x46a8</load_address>
         <run_address>0x46a8</run_address>
         <size>0x8</size>
      </object_component>
      <object_component id="oc-33b">
         <name>.cinit..vtable.load</name>
         <load_address>0x46b0</load_address>
         <run_address>0x46b0</run_address>
         <size>0x8</size>
      </object_component>
      <object_component id="oc-33c">
         <name>.cinit..data.load</name>
         <load_address>0x46b8</load_address>
         <run_address>0x46b8</run_address>
         <size>0x7</size>
      </object_component>
      <object_component id="oc-33a">
         <name>__TI_cinit_table</name>
         <load_address>0x46c0</load_address>
         <run_address>0x46c0</run_address>
         <size>0x18</size>
      </object_component>
      <object_component id="oc-2da">
         <name>.vtable</name>
         <uninitialized>true</uninitialized>
         <run_address>0x20000000</run_address>
         <size>0x26c</size>
         <input_file_ref idref="fl-c"/>
      </object_component>
      <object_component id="oc-1f2">
         <name>.data</name>
         <load_address>0x200006f0</load_address>
         <run_address>0x200006f0</run_address>
         <size>0x8</size>
         <input_file_ref idref="fl-3"/>
      </object_component>
      <object_component id="oc-21f">
         <name>.common:Screen</name>
         <uninitialized>true</uninitialized>
         <run_address>0x2000026c</run_address>
         <size>0x1f8</size>
      </object_component>
      <object_component id="oc-1e9">
         <name>.common:pedras</name>
         <uninitialized>true</uninitialized>
         <run_address>0x20000464</run_address>
         <size>0x78</size>
      </object_component>
      <object_component id="oc-1b5">
         <name>.common:G_posmenu</name>
         <uninitialized>true</uninitialized>
         <run_address>0x200004ea</run_address>
         <size>0x1</size>
      </object_component>
      <object_component id="oc-1b8">
         <name>.common:G_modo</name>
         <uninitialized>true</uninitialized>
         <run_address>0x200004e7</run_address>
         <size>0x1</size>
      </object_component>
      <object_component id="oc-1b9">
         <name>.common:G_linhaInst</name>
         <uninitialized>true</uninitialized>
         <run_address>0x200004e6</run_address>
         <size>0x1</size>
      </object_component>
      <object_component id="oc-1dd">
         <name>.common:G_cursor_x</name>
         <uninitialized>true</uninitialized>
         <run_address>0x200004e4</run_address>
         <size>0x1</size>
      </object_component>
      <object_component id="oc-1ba">
         <name>.common:G_cursor_y</name>
         <uninitialized>true</uninitialized>
         <run_address>0x200004e5</run_address>
         <size>0x1</size>
      </object_component>
      <object_component id="oc-1bb">
         <name>.common:G_vit</name>
         <uninitialized>true</uninitialized>
         <run_address>0x200004eb</run_address>
         <size>0x1</size>
      </object_component>
      <object_component id="oc-1e8">
         <name>.common:G_player</name>
         <uninitialized>true</uninitialized>
         <run_address>0x200004e9</run_address>
         <size>0x1</size>
      </object_component>
      <object_component id="oc-1de">
         <name>.common:G_mux</name>
         <uninitialized>true</uninitialized>
         <run_address>0x200004e8</run_address>
         <size>0x1</size>
      </object_component>
      <object_component id="oc-1e5">
         <name>.common:debouncer</name>
         <uninitialized>true</uninitialized>
         <run_address>0x200004ec</run_address>
         <size>0x1</size>
      </object_component>
      <object_component id="oc-1e6">
         <name>.common:G_selec_x</name>
         <uninitialized>true</uninitialized>
         <run_address>0x200004dc</run_address>
         <size>0x4</size>
      </object_component>
      <object_component id="oc-1e7">
         <name>.common:G_selec_y</name>
         <uninitialized>true</uninitialized>
         <run_address>0x200004e0</run_address>
         <size>0x4</size>
      </object_component>
      <object_component id="oc-21">
         <name>.stack</name>
         <uninitialized>true</uninitialized>
         <run_address>0x200004f0</run_address>
         <size>0x4</size>
         <input_file_ref idref="fl-c9"/>
      </object_component>
      <object_component id="oc-33e">
         <name>.stack</name>
         <uninitialized>true</uninitialized>
         <run_address>0x200004f0</run_address>
         <size>0x0</size>
      </object_component>
      <object_component id="oc-af">
         <name>.debug_info</name>
         <load_address>0x0</load_address>
         <run_address>0x0</run_address>
         <size>0x2fa</size>
         <input_file_ref idref="fl-1"/>
      </object_component>
      <object_component id="oc-221">
         <name>.debug_info</name>
         <load_address>0x2fa</load_address>
         <run_address>0x2fa</run_address>
         <size>0xc6</size>
         <input_file_ref idref="fl-1"/>
      </object_component>
      <object_component id="oc-21d">
         <name>.debug_info</name>
         <load_address>0x3c0</load_address>
         <run_address>0x3c0</run_address>
         <size>0xc5</size>
         <input_file_ref idref="fl-1"/>
      </object_component>
      <object_component id="oc-224">
         <name>.debug_info</name>
         <load_address>0x485</load_address>
         <run_address>0x485</run_address>
         <size>0xd9</size>
         <input_file_ref idref="fl-1"/>
      </object_component>
      <object_component id="oc-227">
         <name>.debug_info</name>
         <load_address>0x55e</load_address>
         <run_address>0x55e</run_address>
         <size>0xd1</size>
         <input_file_ref idref="fl-1"/>
      </object_component>
      <object_component id="oc-114">
         <name>.debug_info</name>
         <load_address>0x62f</load_address>
         <run_address>0x62f</run_address>
         <size>0x1682</size>
         <input_file_ref idref="fl-1"/>
      </object_component>
      <object_component id="oc-6d">
         <name>.debug_info</name>
         <load_address>0x1cb1</load_address>
         <run_address>0x1cb1</run_address>
         <size>0x26b</size>
         <input_file_ref idref="fl-1"/>
      </object_component>
      <object_component id="oc-33">
         <name>.debug_info</name>
         <load_address>0x1f1c</load_address>
         <run_address>0x1f1c</run_address>
         <size>0x84</size>
         <input_file_ref idref="fl-1"/>
      </object_component>
      <object_component id="oc-aa">
         <name>.debug_info</name>
         <load_address>0x1fa0</load_address>
         <run_address>0x1fa0</run_address>
         <size>0x297</size>
         <input_file_ref idref="fl-1"/>
      </object_component>
      <object_component id="oc-72">
         <name>.debug_info</name>
         <load_address>0x2237</load_address>
         <run_address>0x2237</run_address>
         <size>0xbb</size>
         <input_file_ref idref="fl-1"/>
      </object_component>
      <object_component id="oc-22a">
         <name>.debug_info</name>
         <load_address>0x22f2</load_address>
         <run_address>0x22f2</run_address>
         <size>0x3f</size>
         <input_file_ref idref="fl-1"/>
      </object_component>
      <object_component id="oc-280">
         <name>.debug_info</name>
         <load_address>0x2331</load_address>
         <run_address>0x2331</run_address>
         <size>0xde</size>
         <input_file_ref idref="fl-2"/>
      </object_component>
      <object_component id="oc-1c3">
         <name>.debug_info</name>
         <load_address>0x240f</load_address>
         <run_address>0x240f</run_address>
         <size>0xc8</size>
         <input_file_ref idref="fl-2"/>
      </object_component>
      <object_component id="oc-1bd">
         <name>.debug_info</name>
         <load_address>0x24d7</load_address>
         <run_address>0x24d7</run_address>
         <size>0xce</size>
         <input_file_ref idref="fl-2"/>
      </object_component>
      <object_component id="oc-1c0">
         <name>.debug_info</name>
         <load_address>0x25a5</load_address>
         <run_address>0x25a5</run_address>
         <size>0xce</size>
         <input_file_ref idref="fl-2"/>
      </object_component>
      <object_component id="oc-1c6">
         <name>.debug_info</name>
         <load_address>0x2673</load_address>
         <run_address>0x2673</run_address>
         <size>0xc4</size>
         <input_file_ref idref="fl-2"/>
      </object_component>
      <object_component id="oc-1c9">
         <name>.debug_info</name>
         <load_address>0x2737</load_address>
         <run_address>0x2737</run_address>
         <size>0xc4</size>
         <input_file_ref idref="fl-2"/>
      </object_component>
      <object_component id="oc-1cc">
         <name>.debug_info</name>
         <load_address>0x27fb</load_address>
         <run_address>0x27fb</run_address>
         <size>0xc4</size>
         <input_file_ref idref="fl-2"/>
      </object_component>
      <object_component id="oc-1cf">
         <name>.debug_info</name>
         <load_address>0x28bf</load_address>
         <run_address>0x28bf</run_address>
         <size>0xc4</size>
         <input_file_ref idref="fl-2"/>
      </object_component>
      <object_component id="oc-1d2">
         <name>.debug_info</name>
         <load_address>0x2983</load_address>
         <run_address>0x2983</run_address>
         <size>0xc4</size>
         <input_file_ref idref="fl-2"/>
      </object_component>
      <object_component id="oc-1d5">
         <name>.debug_info</name>
         <load_address>0x2a47</load_address>
         <run_address>0x2a47</run_address>
         <size>0xc4</size>
         <input_file_ref idref="fl-2"/>
      </object_component>
      <object_component id="oc-1e0">
         <name>.debug_info</name>
         <load_address>0x2b0b</load_address>
         <run_address>0x2b0b</run_address>
         <size>0xc4</size>
         <input_file_ref idref="fl-2"/>
      </object_component>
      <object_component id="oc-1e3">
         <name>.debug_info</name>
         <load_address>0x2bcf</load_address>
         <run_address>0x2bcf</run_address>
         <size>0xc4</size>
         <input_file_ref idref="fl-2"/>
      </object_component>
      <object_component id="oc-1ed">
         <name>.debug_info</name>
         <load_address>0x2c93</load_address>
         <run_address>0x2c93</run_address>
         <size>0xd0</size>
         <input_file_ref idref="fl-2"/>
      </object_component>
      <object_component id="oc-1f0">
         <name>.debug_info</name>
         <load_address>0x2d63</load_address>
         <run_address>0x2d63</run_address>
         <size>0xd0</size>
         <input_file_ref idref="fl-2"/>
      </object_component>
      <object_component id="oc-1ea">
         <name>.debug_info</name>
         <load_address>0x2e33</load_address>
         <run_address>0x2e33</run_address>
         <size>0xcb5</size>
         <input_file_ref idref="fl-3"/>
      </object_component>
      <object_component id="oc-c2">
         <name>.debug_info</name>
         <load_address>0x3ae8</load_address>
         <run_address>0x3ae8</run_address>
         <size>0x15d9</size>
         <input_file_ref idref="fl-3"/>
      </object_component>
      <object_component id="oc-c8">
         <name>.debug_info</name>
         <load_address>0x50c1</load_address>
         <run_address>0x50c1</run_address>
         <size>0x8b</size>
         <input_file_ref idref="fl-3"/>
      </object_component>
      <object_component id="oc-279">
         <name>.debug_info</name>
         <load_address>0x514c</load_address>
         <run_address>0x514c</run_address>
         <size>0x35</size>
         <input_file_ref idref="fl-3"/>
      </object_component>
      <object_component id="oc-298">
         <name>.debug_info</name>
         <load_address>0x5181</load_address>
         <run_address>0x5181</run_address>
         <size>0x9e</size>
         <input_file_ref idref="fl-3"/>
      </object_component>
      <object_component id="oc-1b6">
         <name>.debug_info</name>
         <load_address>0x521f</load_address>
         <run_address>0x521f</run_address>
         <size>0x421</size>
         <input_file_ref idref="fl-4"/>
      </object_component>
      <object_component id="oc-99">
         <name>.debug_info</name>
         <load_address>0x5640</load_address>
         <run_address>0x5640</run_address>
         <size>0xf3</size>
         <input_file_ref idref="fl-4"/>
      </object_component>
      <object_component id="oc-2c">
         <name>.debug_info</name>
         <load_address>0x5733</load_address>
         <run_address>0x5733</run_address>
         <size>0x2a4</size>
         <input_file_ref idref="fl-5"/>
      </object_component>
      <object_component id="oc-10">
         <name>.debug_info</name>
         <load_address>0x59d7</load_address>
         <run_address>0x59d7</run_address>
         <size>0xe3</size>
         <input_file_ref idref="fl-5"/>
      </object_component>
      <object_component id="oc-25">
         <name>.debug_info</name>
         <load_address>0x5aba</load_address>
         <run_address>0x5aba</run_address>
         <size>0x25f</size>
         <input_file_ref idref="fl-5"/>
      </object_component>
      <object_component id="oc-232">
         <name>.debug_info</name>
         <load_address>0x5d19</load_address>
         <run_address>0x5d19</run_address>
         <size>0x240</size>
         <input_file_ref idref="fl-b"/>
      </object_component>
      <object_component id="oc-2d4">
         <name>.debug_info</name>
         <load_address>0x5f59</load_address>
         <run_address>0x5f59</run_address>
         <size>0x167</size>
         <input_file_ref idref="fl-b"/>
      </object_component>
      <object_component id="oc-2d7">
         <name>.debug_info</name>
         <load_address>0x60c0</load_address>
         <run_address>0x60c0</run_address>
         <size>0x169</size>
         <input_file_ref idref="fl-b"/>
      </object_component>
      <object_component id="oc-1aa">
         <name>.debug_info</name>
         <load_address>0x6229</load_address>
         <run_address>0x6229</run_address>
         <size>0x2a3</size>
         <input_file_ref idref="fl-b"/>
      </object_component>
      <object_component id="oc-26d">
         <name>.debug_info</name>
         <load_address>0x64cc</load_address>
         <run_address>0x64cc</run_address>
         <size>0x2b3</size>
         <input_file_ref idref="fl-b"/>
      </object_component>
      <object_component id="oc-1a4">
         <name>.debug_info</name>
         <load_address>0x677f</load_address>
         <run_address>0x677f</run_address>
         <size>0x316</size>
         <input_file_ref idref="fl-b"/>
      </object_component>
      <object_component id="oc-198">
         <name>.debug_info</name>
         <load_address>0x6a95</load_address>
         <run_address>0x6a95</run_address>
         <size>0x2b7</size>
         <input_file_ref idref="fl-b"/>
      </object_component>
      <object_component id="oc-19e">
         <name>.debug_info</name>
         <load_address>0x6d4c</load_address>
         <run_address>0x6d4c</run_address>
         <size>0x285</size>
         <input_file_ref idref="fl-b"/>
      </object_component>
      <object_component id="oc-235">
         <name>.debug_info</name>
         <load_address>0x6fd1</load_address>
         <run_address>0x6fd1</run_address>
         <size>0x298</size>
         <input_file_ref idref="fl-b"/>
      </object_component>
      <object_component id="oc-13e">
         <name>.debug_info</name>
         <load_address>0x7269</load_address>
         <run_address>0x7269</run_address>
         <size>0x2bb</size>
         <input_file_ref idref="fl-b"/>
      </object_component>
      <object_component id="oc-1d8">
         <name>.debug_info</name>
         <load_address>0x7524</load_address>
         <run_address>0x7524</run_address>
         <size>0x27f</size>
         <input_file_ref idref="fl-b"/>
      </object_component>
      <object_component id="oc-132">
         <name>.debug_info</name>
         <load_address>0x77a3</load_address>
         <run_address>0x77a3</run_address>
         <size>0x2cf</size>
         <input_file_ref idref="fl-b"/>
      </object_component>
      <object_component id="oc-144">
         <name>.debug_info</name>
         <load_address>0x7a72</load_address>
         <run_address>0x7a72</run_address>
         <size>0x28f</size>
         <input_file_ref idref="fl-b"/>
      </object_component>
      <object_component id="oc-126">
         <name>.debug_info</name>
         <load_address>0x7d01</load_address>
         <run_address>0x7d01</run_address>
         <size>0x291</size>
         <input_file_ref idref="fl-b"/>
      </object_component>
      <object_component id="oc-12c">
         <name>.debug_info</name>
         <load_address>0x7f92</load_address>
         <run_address>0x7f92</run_address>
         <size>0x28d</size>
         <input_file_ref idref="fl-b"/>
      </object_component>
      <object_component id="oc-216">
         <name>.debug_info</name>
         <load_address>0x821f</load_address>
         <run_address>0x821f</run_address>
         <size>0x18b</size>
         <input_file_ref idref="fl-b"/>
      </object_component>
      <object_component id="oc-24b">
         <name>.debug_info</name>
         <load_address>0x83aa</load_address>
         <run_address>0x83aa</run_address>
         <size>0x20e</size>
         <input_file_ref idref="fl-c"/>
      </object_component>
      <object_component id="oc-2df">
         <name>.debug_info</name>
         <load_address>0x85b8</load_address>
         <run_address>0x85b8</run_address>
         <size>0x210</size>
         <input_file_ref idref="fl-c"/>
      </object_component>
      <object_component id="oc-248">
         <name>.debug_info</name>
         <load_address>0x87c8</load_address>
         <run_address>0x87c8</run_address>
         <size>0x14e</size>
         <input_file_ref idref="fl-c"/>
      </object_component>
      <object_component id="oc-2db">
         <name>.debug_info</name>
         <load_address>0x8916</load_address>
         <run_address>0x8916</run_address>
         <size>0x157</size>
         <input_file_ref idref="fl-c"/>
      </object_component>
      <object_component id="oc-23b">
         <name>.debug_info</name>
         <load_address>0x8a6d</load_address>
         <run_address>0x8a6d</run_address>
         <size>0x2c1</size>
         <input_file_ref idref="fl-c"/>
      </object_component>
      <object_component id="oc-138">
         <name>.debug_info</name>
         <load_address>0x8d2e</load_address>
         <run_address>0x8d2e</run_address>
         <size>0x2c9</size>
         <input_file_ref idref="fl-c"/>
      </object_component>
      <object_component id="oc-14a">
         <name>.debug_info</name>
         <load_address>0x8ff7</load_address>
         <run_address>0x8ff7</run_address>
         <size>0x23e</size>
         <input_file_ref idref="fl-c"/>
      </object_component>
      <object_component id="oc-242">
         <name>.debug_info</name>
         <load_address>0x9235</load_address>
         <run_address>0x9235</run_address>
         <size>0x268</size>
         <input_file_ref idref="fl-c"/>
      </object_component>
      <object_component id="oc-21b">
         <name>.debug_info</name>
         <load_address>0x949d</load_address>
         <run_address>0x949d</run_address>
         <size>0x298</size>
         <input_file_ref idref="fl-d"/>
      </object_component>
      <object_component id="oc-256">
         <name>.debug_info</name>
         <load_address>0x9735</load_address>
         <run_address>0x9735</run_address>
         <size>0x14d</size>
         <input_file_ref idref="fl-d"/>
      </object_component>
      <object_component id="oc-120">
         <name>.debug_info</name>
         <load_address>0x9882</load_address>
         <run_address>0x9882</run_address>
         <size>0x27f</size>
         <input_file_ref idref="fl-d"/>
      </object_component>
      <object_component id="oc-11a">
         <name>.debug_info</name>
         <load_address>0x9b01</load_address>
         <run_address>0x9b01</run_address>
         <size>0x27d</size>
         <input_file_ref idref="fl-d"/>
      </object_component>
      <object_component id="oc-10e">
         <name>.debug_info</name>
         <load_address>0x9d7e</load_address>
         <run_address>0x9d7e</run_address>
         <size>0x2db</size>
         <input_file_ref idref="fl-d"/>
      </object_component>
      <object_component id="oc-150">
         <name>.debug_info</name>
         <load_address>0xa059</load_address>
         <run_address>0xa059</run_address>
         <size>0x2b5</size>
         <input_file_ref idref="fl-d"/>
      </object_component>
      <object_component id="oc-2c4">
         <name>.debug_info</name>
         <load_address>0xa30e</load_address>
         <run_address>0xa30e</run_address>
         <size>0x5f</size>
         <input_file_ref idref="fl-d"/>
      </object_component>
      <object_component id="oc-268">
         <name>.debug_info</name>
         <load_address>0xa36d</load_address>
         <run_address>0xa36d</run_address>
         <size>0x19d</size>
         <input_file_ref idref="fl-e"/>
      </object_component>
      <object_component id="oc-180">
         <name>.debug_info</name>
         <load_address>0xa50a</load_address>
         <run_address>0xa50a</run_address>
         <size>0x261</size>
         <input_file_ref idref="fl-e"/>
      </object_component>
      <object_component id="oc-186">
         <name>.debug_info</name>
         <load_address>0xa76b</load_address>
         <run_address>0xa76b</run_address>
         <size>0x277</size>
         <input_file_ref idref="fl-e"/>
      </object_component>
      <object_component id="oc-18c">
         <name>.debug_info</name>
         <load_address>0xa9e2</load_address>
         <run_address>0xa9e2</run_address>
         <size>0x227</size>
         <input_file_ref idref="fl-e"/>
      </object_component>
      <object_component id="oc-17a">
         <name>.debug_info</name>
         <load_address>0xac09</load_address>
         <run_address>0xac09</run_address>
         <size>0x229</size>
         <input_file_ref idref="fl-e"/>
      </object_component>
      <object_component id="oc-192">
         <name>.debug_info</name>
         <load_address>0xae32</load_address>
         <run_address>0xae32</run_address>
         <size>0x221</size>
         <input_file_ref idref="fl-e"/>
      </object_component>
      <object_component id="oc-25a">
         <name>.debug_info</name>
         <load_address>0xb053</load_address>
         <run_address>0xb053</run_address>
         <size>0x223</size>
         <input_file_ref idref="fl-f"/>
      </object_component>
      <object_component id="oc-2ec">
         <name>.debug_info</name>
         <load_address>0xb276</load_address>
         <run_address>0xb276</run_address>
         <size>0x15a</size>
         <input_file_ref idref="fl-f"/>
      </object_component>
      <object_component id="oc-2ef">
         <name>.debug_info</name>
         <load_address>0xb3d0</load_address>
         <run_address>0xb3d0</run_address>
         <size>0x16c</size>
         <input_file_ref idref="fl-f"/>
      </object_component>
      <object_component id="oc-162">
         <name>.debug_info</name>
         <load_address>0xb53c</load_address>
         <run_address>0xb53c</run_address>
         <size>0x2ba</size>
         <input_file_ref idref="fl-f"/>
      </object_component>
      <object_component id="oc-25e">
         <name>.debug_info</name>
         <load_address>0xb7f6</load_address>
         <run_address>0xb7f6</run_address>
         <size>0x2eb</size>
         <input_file_ref idref="fl-f"/>
      </object_component>
      <object_component id="oc-168">
         <name>.debug_info</name>
         <load_address>0xbae1</load_address>
         <run_address>0xbae1</run_address>
         <size>0x2e4</size>
         <input_file_ref idref="fl-f"/>
      </object_component>
      <object_component id="oc-16e">
         <name>.debug_info</name>
         <load_address>0xbdc5</load_address>
         <run_address>0xbdc5</run_address>
         <size>0x294</size>
         <input_file_ref idref="fl-f"/>
      </object_component>
      <object_component id="oc-156">
         <name>.debug_info</name>
         <load_address>0xc059</load_address>
         <run_address>0xc059</run_address>
         <size>0x296</size>
         <input_file_ref idref="fl-f"/>
      </object_component>
      <object_component id="oc-1b0">
         <name>.debug_info</name>
         <load_address>0xc2ef</load_address>
         <run_address>0xc2ef</run_address>
         <size>0x292</size>
         <input_file_ref idref="fl-f"/>
      </object_component>
      <object_component id="oc-174">
         <name>.debug_info</name>
         <load_address>0xc581</load_address>
         <run_address>0xc581</run_address>
         <size>0x27f</size>
         <input_file_ref idref="fl-f"/>
      </object_component>
      <object_component id="oc-15c">
         <name>.debug_info</name>
         <load_address>0xc800</load_address>
         <run_address>0xc800</run_address>
         <size>0x28c</size>
         <input_file_ref idref="fl-f"/>
      </object_component>
      <object_component id="oc-24f">
         <name>.debug_info</name>
         <load_address>0xca8c</load_address>
         <run_address>0xca8c</run_address>
         <size>0x212</size>
         <input_file_ref idref="fl-10"/>
      </object_component>
      <object_component id="oc-8b">
         <name>.debug_info</name>
         <load_address>0xcc9e</load_address>
         <run_address>0xcc9e</run_address>
         <size>0x2d5</size>
         <input_file_ref idref="fl-c6"/>
      </object_component>
      <object_component id="oc-4b">
         <name>.debug_info</name>
         <load_address>0xcf73</load_address>
         <run_address>0xcf73</run_address>
         <size>0x1b6</size>
         <input_file_ref idref="fl-c6"/>
      </object_component>
      <object_component id="oc-86">
         <name>.debug_info</name>
         <load_address>0xd129</load_address>
         <run_address>0xd129</run_address>
         <size>0x46</size>
         <input_file_ref idref="fl-c6"/>
      </object_component>
      <object_component id="oc-b8">
         <name>.debug_info</name>
         <load_address>0xd16f</load_address>
         <run_address>0xd16f</run_address>
         <size>0x2c</size>
         <input_file_ref idref="fl-c6"/>
      </object_component>
      <object_component id="oc-43">
         <name>.debug_info</name>
         <load_address>0xd19b</load_address>
         <run_address>0xd19b</run_address>
         <size>0x2a9</size>
         <input_file_ref idref="fl-c7"/>
      </object_component>
      <object_component id="oc-19">
         <name>.debug_info</name>
         <load_address>0xd444</load_address>
         <run_address>0xd444</run_address>
         <size>0x1eb</size>
         <input_file_ref idref="fl-c7"/>
      </object_component>
      <object_component id="oc-3e">
         <name>.debug_info</name>
         <load_address>0xd62f</load_address>
         <run_address>0xd62f</run_address>
         <size>0x46</size>
         <input_file_ref idref="fl-c7"/>
      </object_component>
      <object_component id="oc-7e">
         <name>.debug_info</name>
         <load_address>0xd675</load_address>
         <run_address>0xd675</run_address>
         <size>0x2c</size>
         <input_file_ref idref="fl-c7"/>
      </object_component>
      <object_component id="oc-7c">
         <name>.debug_info</name>
         <load_address>0xd6a1</load_address>
         <run_address>0xd6a1</run_address>
         <size>0x29f</size>
         <input_file_ref idref="fl-c8"/>
      </object_component>
      <object_component id="oc-13">
         <name>.debug_info</name>
         <load_address>0xd940</load_address>
         <run_address>0xd940</run_address>
         <size>0x251</size>
         <input_file_ref idref="fl-c8"/>
      </object_component>
      <object_component id="oc-2e">
         <name>.debug_info</name>
         <load_address>0xdb91</load_address>
         <run_address>0xdb91</run_address>
         <size>0x60</size>
         <input_file_ref idref="fl-c8"/>
      </object_component>
      <object_component id="oc-b1">
         <name>.debug_info</name>
         <load_address>0xdbf1</load_address>
         <run_address>0xdbf1</run_address>
         <size>0x46</size>
         <input_file_ref idref="fl-c8"/>
      </object_component>
      <object_component id="oc-77">
         <name>.debug_info</name>
         <load_address>0xdc37</load_address>
         <run_address>0xdc37</run_address>
         <size>0x39</size>
         <input_file_ref idref="fl-c8"/>
      </object_component>
      <object_component id="oc-22">
         <name>.debug_info</name>
         <load_address>0xdc70</load_address>
         <run_address>0xdc70</run_address>
         <size>0x10c</size>
         <input_file_ref idref="fl-c9"/>
      </object_component>
      <object_component id="oc-57">
         <name>.debug_info</name>
         <load_address>0xdd7c</load_address>
         <run_address>0xdd7c</run_address>
         <size>0x1aa</size>
         <input_file_ref idref="fl-c9"/>
      </object_component>
      <object_component id="oc-8d">
         <name>.debug_info</name>
         <load_address>0xdf26</load_address>
         <run_address>0xdf26</run_address>
         <size>0x148</size>
         <input_file_ref idref="fl-ca"/>
      </object_component>
      <object_component id="oc-39">
         <name>.debug_info</name>
         <load_address>0xe06e</load_address>
         <run_address>0xe06e</run_address>
         <size>0x11a</size>
         <input_file_ref idref="fl-cb"/>
      </object_component>
      <object_component id="oc-1ff">
         <name>.debug_info</name>
         <load_address>0xe188</load_address>
         <run_address>0xe188</run_address>
         <size>0x4b4</size>
         <input_file_ref idref="fl-cc"/>
      </object_component>
      <object_component id="oc-da">
         <name>.debug_info</name>
         <load_address>0xe63c</load_address>
         <run_address>0xe63c</run_address>
         <size>0x1a7</size>
         <input_file_ref idref="fl-cc"/>
      </object_component>
      <object_component id="oc-2b1">
         <name>.debug_info</name>
         <load_address>0xe7e3</load_address>
         <run_address>0xe7e3</run_address>
         <size>0x39</size>
         <input_file_ref idref="fl-cc"/>
      </object_component>
      <object_component id="oc-2fa">
         <name>.debug_info</name>
         <load_address>0xe81c</load_address>
         <run_address>0xe81c</run_address>
         <size>0x39</size>
         <input_file_ref idref="fl-cc"/>
      </object_component>
      <object_component id="oc-2b6">
         <name>.debug_info</name>
         <load_address>0xe855</load_address>
         <run_address>0xe855</run_address>
         <size>0x39</size>
         <input_file_ref idref="fl-cc"/>
      </object_component>
      <object_component id="oc-2bb">
         <name>.debug_info</name>
         <load_address>0xe88e</load_address>
         <run_address>0xe88e</run_address>
         <size>0xcd</size>
         <input_file_ref idref="fl-cc"/>
      </object_component>
      <object_component id="oc-93">
         <name>.debug_info</name>
         <load_address>0xe95b</load_address>
         <run_address>0xe95b</run_address>
         <size>0x154</size>
         <input_file_ref idref="fl-cd"/>
      </object_component>
      <object_component id="oc-ce">
         <name>.debug_info</name>
         <load_address>0xeaaf</load_address>
         <run_address>0xeaaf</run_address>
         <size>0x123</size>
         <input_file_ref idref="fl-cf"/>
      </object_component>
      <object_component id="oc-33f">
         <name>.debug_info</name>
         <load_address>0xebd2</load_address>
         <run_address>0xebd2</run_address>
         <size>0x96</size>
      </object_component>
      <object_component id="oc-10c">
         <name>.debug_line</name>
         <load_address>0x0</load_address>
         <run_address>0x0</run_address>
         <size>0x32</size>
         <input_file_ref idref="fl-1"/>
      </object_component>
      <object_component id="oc-2cc">
         <name>.debug_line</name>
         <load_address>0x32</load_address>
         <run_address>0x32</run_address>
         <size>0x32</size>
         <input_file_ref idref="fl-1"/>
      </object_component>
      <object_component id="oc-2ca">
         <name>.debug_line</name>
         <load_address>0x64</load_address>
         <run_address>0x64</run_address>
         <size>0x32</size>
         <input_file_ref idref="fl-1"/>
      </object_component>
      <object_component id="oc-2ce">
         <name>.debug_line</name>
         <load_address>0x96</load_address>
         <run_address>0x96</run_address>
         <size>0x32</size>
         <input_file_ref idref="fl-1"/>
      </object_component>
      <object_component id="oc-2d0">
         <name>.debug_line</name>
         <load_address>0xc8</load_address>
         <run_address>0xc8</run_address>
         <size>0x32</size>
         <input_file_ref idref="fl-1"/>
      </object_component>
      <object_component id="oc-117">
         <name>.debug_line</name>
         <load_address>0xfa</load_address>
         <run_address>0xfa</run_address>
         <size>0x5c7</size>
         <input_file_ref idref="fl-1"/>
      </object_component>
      <object_component id="oc-70">
         <name>.debug_line</name>
         <load_address>0x6c1</load_address>
         <run_address>0x6c1</run_address>
         <size>0x79</size>
         <input_file_ref idref="fl-1"/>
      </object_component>
      <object_component id="oc-36">
         <name>.debug_line</name>
         <load_address>0x73a</load_address>
         <run_address>0x73a</run_address>
         <size>0x20</size>
         <input_file_ref idref="fl-1"/>
      </object_component>
      <object_component id="oc-ad">
         <name>.debug_line</name>
         <load_address>0x75a</load_address>
         <run_address>0x75a</run_address>
         <size>0x7d</size>
         <input_file_ref idref="fl-1"/>
      </object_component>
      <object_component id="oc-75">
         <name>.debug_line</name>
         <load_address>0x7d7</load_address>
         <run_address>0x7d7</run_address>
         <size>0x7a</size>
         <input_file_ref idref="fl-1"/>
      </object_component>
      <object_component id="oc-22d">
         <name>.debug_line</name>
         <load_address>0x851</load_address>
         <run_address>0x851</run_address>
         <size>0x32</size>
         <input_file_ref idref="fl-1"/>
      </object_component>
      <object_component id="oc-2f6">
         <name>.debug_line</name>
         <load_address>0x883</load_address>
         <run_address>0x883</run_address>
         <size>0x20</size>
         <input_file_ref idref="fl-2"/>
      </object_component>
      <object_component id="oc-284">
         <name>.debug_line</name>
         <load_address>0x8a3</load_address>
         <run_address>0x8a3</run_address>
         <size>0x30</size>
         <input_file_ref idref="fl-2"/>
      </object_component>
      <object_component id="oc-27f">
         <name>.debug_line</name>
         <load_address>0x8d3</load_address>
         <run_address>0x8d3</run_address>
         <size>0x30</size>
         <input_file_ref idref="fl-2"/>
      </object_component>
      <object_component id="oc-282">
         <name>.debug_line</name>
         <load_address>0x903</load_address>
         <run_address>0x903</run_address>
         <size>0x30</size>
         <input_file_ref idref="fl-2"/>
      </object_component>
      <object_component id="oc-286">
         <name>.debug_line</name>
         <load_address>0x933</load_address>
         <run_address>0x933</run_address>
         <size>0x30</size>
         <input_file_ref idref="fl-2"/>
      </object_component>
      <object_component id="oc-288">
         <name>.debug_line</name>
         <load_address>0x963</load_address>
         <run_address>0x963</run_address>
         <size>0x30</size>
         <input_file_ref idref="fl-2"/>
      </object_component>
      <object_component id="oc-28a">
         <name>.debug_line</name>
         <load_address>0x993</load_address>
         <run_address>0x993</run_address>
         <size>0x30</size>
         <input_file_ref idref="fl-2"/>
      </object_component>
      <object_component id="oc-28c">
         <name>.debug_line</name>
         <load_address>0x9c3</load_address>
         <run_address>0x9c3</run_address>
         <size>0x30</size>
         <input_file_ref idref="fl-2"/>
      </object_component>
      <object_component id="oc-28e">
         <name>.debug_line</name>
         <load_address>0x9f3</load_address>
         <run_address>0x9f3</run_address>
         <size>0x30</size>
         <input_file_ref idref="fl-2"/>
      </object_component>
      <object_component id="oc-290">
         <name>.debug_line</name>
         <load_address>0xa23</load_address>
         <run_address>0xa23</run_address>
         <size>0x30</size>
         <input_file_ref idref="fl-2"/>
      </object_component>
      <object_component id="oc-293">
         <name>.debug_line</name>
         <load_address>0xa53</load_address>
         <run_address>0xa53</run_address>
         <size>0x30</size>
         <input_file_ref idref="fl-2"/>
      </object_component>
      <object_component id="oc-295">
         <name>.debug_line</name>
         <load_address>0xa83</load_address>
         <run_address>0xa83</run_address>
         <size>0x30</size>
         <input_file_ref idref="fl-2"/>
      </object_component>
      <object_component id="oc-29e">
         <name>.debug_line</name>
         <load_address>0xab3</load_address>
         <run_address>0xab3</run_address>
         <size>0x30</size>
         <input_file_ref idref="fl-2"/>
      </object_component>
      <object_component id="oc-2a0">
         <name>.debug_line</name>
         <load_address>0xae3</load_address>
         <run_address>0xae3</run_address>
         <size>0x30</size>
         <input_file_ref idref="fl-2"/>
      </object_component>
      <object_component id="oc-297">
         <name>.debug_line</name>
         <load_address>0xb13</load_address>
         <run_address>0xb13</run_address>
         <size>0x1a9</size>
         <input_file_ref idref="fl-3"/>
      </object_component>
      <object_component id="oc-c5">
         <name>.debug_line</name>
         <load_address>0xcbc</load_address>
         <run_address>0xcbc</run_address>
         <size>0x5a1</size>
         <input_file_ref idref="fl-3"/>
      </object_component>
      <object_component id="oc-cb">
         <name>.debug_line</name>
         <load_address>0x125d</load_address>
         <run_address>0x125d</run_address>
         <size>0x20</size>
         <input_file_ref idref="fl-3"/>
      </object_component>
      <object_component id="oc-27c">
         <name>.debug_line</name>
         <load_address>0x127d</load_address>
         <run_address>0x127d</run_address>
         <size>0x7c</size>
         <input_file_ref idref="fl-3"/>
      </object_component>
      <object_component id="oc-29b">
         <name>.debug_line</name>
         <load_address>0x12f9</load_address>
         <run_address>0x12f9</run_address>
         <size>0x2d</size>
         <input_file_ref idref="fl-3"/>
      </object_component>
      <object_component id="oc-278">
         <name>.debug_line</name>
         <load_address>0x1326</load_address>
         <run_address>0x1326</run_address>
         <size>0x3c</size>
         <input_file_ref idref="fl-4"/>
      </object_component>
      <object_component id="oc-9c">
         <name>.debug_line</name>
         <load_address>0x1362</load_address>
         <run_address>0x1362</run_address>
         <size>0x42</size>
         <input_file_ref idref="fl-4"/>
      </object_component>
      <object_component id="oc-6c">
         <name>.debug_line</name>
         <load_address>0x13a4</load_address>
         <run_address>0x13a4</run_address>
         <size>0x41</size>
         <input_file_ref idref="fl-5"/>
      </object_component>
      <object_component id="oc-2b">
         <name>.debug_line</name>
         <load_address>0x13e5</load_address>
         <run_address>0x13e5</run_address>
         <size>0x41</size>
         <input_file_ref idref="fl-5"/>
      </object_component>
      <object_component id="oc-28">
         <name>.debug_line</name>
         <load_address>0x1426</load_address>
         <run_address>0x1426</run_address>
         <size>0xa1</size>
         <input_file_ref idref="fl-5"/>
      </object_component>
      <object_component id="oc-2d2">
         <name>.debug_line</name>
         <load_address>0x14c7</load_address>
         <run_address>0x14c7</run_address>
         <size>0x82</size>
         <input_file_ref idref="fl-b"/>
      </object_component>
      <object_component id="oc-307">
         <name>.debug_line</name>
         <load_address>0x1549</load_address>
         <run_address>0x1549</run_address>
         <size>0x7d</size>
         <input_file_ref idref="fl-b"/>
      </object_component>
      <object_component id="oc-309">
         <name>.debug_line</name>
         <load_address>0x15c6</load_address>
         <run_address>0x15c6</run_address>
         <size>0x7d</size>
         <input_file_ref idref="fl-b"/>
      </object_component>
      <object_component id="oc-1ad">
         <name>.debug_line</name>
         <load_address>0x1643</load_address>
         <run_address>0x1643</run_address>
         <size>0x92</size>
         <input_file_ref idref="fl-b"/>
      </object_component>
      <object_component id="oc-270">
         <name>.debug_line</name>
         <load_address>0x16d5</load_address>
         <run_address>0x16d5</run_address>
         <size>0x95</size>
         <input_file_ref idref="fl-b"/>
      </object_component>
      <object_component id="oc-1a7">
         <name>.debug_line</name>
         <load_address>0x176a</load_address>
         <run_address>0x176a</run_address>
         <size>0xd1</size>
         <input_file_ref idref="fl-b"/>
      </object_component>
      <object_component id="oc-19b">
         <name>.debug_line</name>
         <load_address>0x183b</load_address>
         <run_address>0x183b</run_address>
         <size>0x99</size>
         <input_file_ref idref="fl-b"/>
      </object_component>
      <object_component id="oc-1a1">
         <name>.debug_line</name>
         <load_address>0x18d4</load_address>
         <run_address>0x18d4</run_address>
         <size>0x93</size>
         <input_file_ref idref="fl-b"/>
      </object_component>
      <object_component id="oc-238">
         <name>.debug_line</name>
         <load_address>0x1967</load_address>
         <run_address>0x1967</run_address>
         <size>0xa6</size>
         <input_file_ref idref="fl-b"/>
      </object_component>
      <object_component id="oc-141">
         <name>.debug_line</name>
         <load_address>0x1a0d</load_address>
         <run_address>0x1a0d</run_address>
         <size>0x99</size>
         <input_file_ref idref="fl-b"/>
      </object_component>
      <object_component id="oc-1db">
         <name>.debug_line</name>
         <load_address>0x1aa6</load_address>
         <run_address>0x1aa6</run_address>
         <size>0x92</size>
         <input_file_ref idref="fl-b"/>
      </object_component>
      <object_component id="oc-135">
         <name>.debug_line</name>
         <load_address>0x1b38</load_address>
         <run_address>0x1b38</run_address>
         <size>0x99</size>
         <input_file_ref idref="fl-b"/>
      </object_component>
      <object_component id="oc-147">
         <name>.debug_line</name>
         <load_address>0x1bd1</load_address>
         <run_address>0x1bd1</run_address>
         <size>0x92</size>
         <input_file_ref idref="fl-b"/>
      </object_component>
      <object_component id="oc-129">
         <name>.debug_line</name>
         <load_address>0x1c63</load_address>
         <run_address>0x1c63</run_address>
         <size>0x92</size>
         <input_file_ref idref="fl-b"/>
      </object_component>
      <object_component id="oc-12f">
         <name>.debug_line</name>
         <load_address>0x1cf5</load_address>
         <run_address>0x1cf5</run_address>
         <size>0x92</size>
         <input_file_ref idref="fl-b"/>
      </object_component>
      <object_component id="oc-219">
         <name>.debug_line</name>
         <load_address>0x1d87</load_address>
         <run_address>0x1d87</run_address>
         <size>0x69</size>
         <input_file_ref idref="fl-b"/>
      </object_component>
      <object_component id="oc-2e5">
         <name>.debug_line</name>
         <load_address>0x1df0</load_address>
         <run_address>0x1df0</run_address>
         <size>0x7c</size>
         <input_file_ref idref="fl-c"/>
      </object_component>
      <object_component id="oc-30d">
         <name>.debug_line</name>
         <load_address>0x1e6c</load_address>
         <run_address>0x1e6c</run_address>
         <size>0x82</size>
         <input_file_ref idref="fl-c"/>
      </object_component>
      <object_component id="oc-2e3">
         <name>.debug_line</name>
         <load_address>0x1eee</load_address>
         <run_address>0x1eee</run_address>
         <size>0x82</size>
         <input_file_ref idref="fl-c"/>
      </object_component>
      <object_component id="oc-30b">
         <name>.debug_line</name>
         <load_address>0x1f70</load_address>
         <run_address>0x1f70</run_address>
         <size>0x82</size>
         <input_file_ref idref="fl-c"/>
      </object_component>
      <object_component id="oc-23e">
         <name>.debug_line</name>
         <load_address>0x1ff2</load_address>
         <run_address>0x1ff2</run_address>
         <size>0xaf</size>
         <input_file_ref idref="fl-c"/>
      </object_component>
      <object_component id="oc-13b">
         <name>.debug_line</name>
         <load_address>0x20a1</load_address>
         <run_address>0x20a1</run_address>
         <size>0x99</size>
         <input_file_ref idref="fl-c"/>
      </object_component>
      <object_component id="oc-14e">
         <name>.debug_line</name>
         <load_address>0x213a</load_address>
         <run_address>0x213a</run_address>
         <size>0x97</size>
         <input_file_ref idref="fl-c"/>
      </object_component>
      <object_component id="oc-241">
         <name>.debug_line</name>
         <load_address>0x21d1</load_address>
         <run_address>0x21d1</run_address>
         <size>0xc2</size>
         <input_file_ref idref="fl-c"/>
      </object_component>
      <object_component id="oc-2c3">
         <name>.debug_line</name>
         <load_address>0x2293</load_address>
         <run_address>0x2293</run_address>
         <size>0x13d</size>
         <input_file_ref idref="fl-d"/>
      </object_component>
      <object_component id="oc-2e8">
         <name>.debug_line</name>
         <load_address>0x23d0</load_address>
         <run_address>0x23d0</run_address>
         <size>0x7f</size>
         <input_file_ref idref="fl-d"/>
      </object_component>
      <object_component id="oc-123">
         <name>.debug_line</name>
         <load_address>0x244f</load_address>
         <run_address>0x244f</run_address>
         <size>0x94</size>
         <input_file_ref idref="fl-d"/>
      </object_component>
      <object_component id="oc-11d">
         <name>.debug_line</name>
         <load_address>0x24e3</load_address>
         <run_address>0x24e3</run_address>
         <size>0x94</size>
         <input_file_ref idref="fl-d"/>
      </object_component>
      <object_component id="oc-111">
         <name>.debug_line</name>
         <load_address>0x2577</load_address>
         <run_address>0x2577</run_address>
         <size>0xee</size>
         <input_file_ref idref="fl-d"/>
      </object_component>
      <object_component id="oc-153">
         <name>.debug_line</name>
         <load_address>0x2665</load_address>
         <run_address>0x2665</run_address>
         <size>0x11a</size>
         <input_file_ref idref="fl-d"/>
      </object_component>
      <object_component id="oc-2c7">
         <name>.debug_line</name>
         <load_address>0x277f</load_address>
         <run_address>0x277f</run_address>
         <size>0x7f</size>
         <input_file_ref idref="fl-d"/>
      </object_component>
      <object_component id="oc-2f3">
         <name>.debug_line</name>
         <load_address>0x27fe</load_address>
         <run_address>0x27fe</run_address>
         <size>0x82</size>
         <input_file_ref idref="fl-e"/>
      </object_component>
      <object_component id="oc-183">
         <name>.debug_line</name>
         <load_address>0x2880</load_address>
         <run_address>0x2880</run_address>
         <size>0x95</size>
         <input_file_ref idref="fl-e"/>
      </object_component>
      <object_component id="oc-189">
         <name>.debug_line</name>
         <load_address>0x2915</load_address>
         <run_address>0x2915</run_address>
         <size>0x96</size>
         <input_file_ref idref="fl-e"/>
      </object_component>
      <object_component id="oc-18f">
         <name>.debug_line</name>
         <load_address>0x29ab</load_address>
         <run_address>0x29ab</run_address>
         <size>0x95</size>
         <input_file_ref idref="fl-e"/>
      </object_component>
      <object_component id="oc-17d">
         <name>.debug_line</name>
         <load_address>0x2a40</load_address>
         <run_address>0x2a40</run_address>
         <size>0x95</size>
         <input_file_ref idref="fl-e"/>
      </object_component>
      <object_component id="oc-195">
         <name>.debug_line</name>
         <load_address>0x2ad5</load_address>
         <run_address>0x2ad5</run_address>
         <size>0x92</size>
         <input_file_ref idref="fl-e"/>
      </object_component>
      <object_component id="oc-2ea">
         <name>.debug_line</name>
         <load_address>0x2b67</load_address>
         <run_address>0x2b67</run_address>
         <size>0x82</size>
         <input_file_ref idref="fl-f"/>
      </object_component>
      <object_component id="oc-30f">
         <name>.debug_line</name>
         <load_address>0x2be9</load_address>
         <run_address>0x2be9</run_address>
         <size>0x7e</size>
         <input_file_ref idref="fl-f"/>
      </object_component>
      <object_component id="oc-311">
         <name>.debug_line</name>
         <load_address>0x2c67</load_address>
         <run_address>0x2c67</run_address>
         <size>0x7e</size>
         <input_file_ref idref="fl-f"/>
      </object_component>
      <object_component id="oc-165">
         <name>.debug_line</name>
         <load_address>0x2ce5</load_address>
         <run_address>0x2ce5</run_address>
         <size>0x9c</size>
         <input_file_ref idref="fl-f"/>
      </object_component>
      <object_component id="oc-261">
         <name>.debug_line</name>
         <load_address>0x2d81</load_address>
         <run_address>0x2d81</run_address>
         <size>0xaf</size>
         <input_file_ref idref="fl-f"/>
      </object_component>
      <object_component id="oc-16b">
         <name>.debug_line</name>
         <load_address>0x2e30</load_address>
         <run_address>0x2e30</run_address>
         <size>0x9a</size>
         <input_file_ref idref="fl-f"/>
      </object_component>
      <object_component id="oc-171">
         <name>.debug_line</name>
         <load_address>0x2eca</load_address>
         <run_address>0x2eca</run_address>
         <size>0x93</size>
         <input_file_ref idref="fl-f"/>
      </object_component>
      <object_component id="oc-159">
         <name>.debug_line</name>
         <load_address>0x2f5d</load_address>
         <run_address>0x2f5d</run_address>
         <size>0x93</size>
         <input_file_ref idref="fl-f"/>
      </object_component>
      <object_component id="oc-1b3">
         <name>.debug_line</name>
         <load_address>0x2ff0</load_address>
         <run_address>0x2ff0</run_address>
         <size>0x93</size>
         <input_file_ref idref="fl-f"/>
      </object_component>
      <object_component id="oc-177">
         <name>.debug_line</name>
         <load_address>0x3083</load_address>
         <run_address>0x3083</run_address>
         <size>0x93</size>
         <input_file_ref idref="fl-f"/>
      </object_component>
      <object_component id="oc-15f">
         <name>.debug_line</name>
         <load_address>0x3116</load_address>
         <run_address>0x3116</run_address>
         <size>0xb7</size>
         <input_file_ref idref="fl-f"/>
      </object_component>
      <object_component id="oc-252">
         <name>.debug_line</name>
         <load_address>0x31cd</load_address>
         <run_address>0x31cd</run_address>
         <size>0x91</size>
         <input_file_ref idref="fl-10"/>
      </object_component>
      <object_component id="oc-be">
         <name>.debug_line</name>
         <load_address>0x325e</load_address>
         <run_address>0x325e</run_address>
         <size>0x92</size>
         <input_file_ref idref="fl-c6"/>
      </object_component>
      <object_component id="oc-4e">
         <name>.debug_line</name>
         <load_address>0x32f0</load_address>
         <run_address>0x32f0</run_address>
         <size>0x4f</size>
         <input_file_ref idref="fl-c6"/>
      </object_component>
      <object_component id="oc-89">
         <name>.debug_line</name>
         <load_address>0x333f</load_address>
         <run_address>0x333f</run_address>
         <size>0x34</size>
         <input_file_ref idref="fl-c6"/>
      </object_component>
      <object_component id="oc-bb">
         <name>.debug_line</name>
         <load_address>0x3373</load_address>
         <run_address>0x3373</run_address>
         <size>0x92</size>
         <input_file_ref idref="fl-c6"/>
      </object_component>
      <object_component id="oc-84">
[...]
         <cprec>
            <name>.vtable</name>
            <load_address>0x46b0</load_address>
            <load_size>0x8</load_size>
            <run_address>0x20000000</run_address>
            <run_size>0x26c</run_size>
            <compression>zero_init</compression>
         </cprec>
         <cprec>
            <name>.data</name>
            <load_address>0x46b8</load_address>
            <load_size>0x7</load_size>
            <run_address>0x200006f0</run_address>
            <run_size>0x8</run_size>
            <compression>lzss</compression>
         </cprec>
      </cptbl>
   </cptbl_list>
   <handler_table>
      <handler_table_name>__TI_handler_table</handler_table_name>
      <handler>
         <index>0x0</index>
         <name>__TI_zero_init</name>
      </handler>
      <handler>
         <index>0x1</index>
         <name>__TI_decompress_lzss</name>
      </handler>
      <handler>
         <index>0x2</index>
         <name>__TI_decompress_none</name>
      </handler>
   </handler_table>
   <symbol_table>
      <symbol id="sm-1">
         <name>__STACK_TOP</name>
         <value>0x200006f0</value>
      </symbol>
      <symbol id="sm-2">
         <name>__TI_CINIT_Base</name>
         <value>0x46c0</value>
      </symbol>
      <symbol id="sm-3">
         <name>__TI_CINIT_Limit</name>
         <value>0x46d8</value>
      </symbol>
      <symbol id="sm-4">
         <name>__TI_Handler_Table_Base</name>
         <value>0x4698</value>
      </symbol>
      <symbol id="sm-5">
         <name>__TI_Handler_Table_Limit</name>
         <value>0x46a4</value>
      </symbol>
      <symbol id="sm-6">
         <name>binit</name>
         <value>0xffffffff</value>
      </symbol>
      <symbol id="sm-7">
         <name>__binit__</name>
         <value>0xffffffff</value>
      </symbol>
      <symbol id="sm-8">
         <name>__STACK_SIZE</name>
         <value>0x200</value>
      </symbol>
      <symbol id="sm-9">
         <name>__STACK_END</name>
         <value>0x200006f0</value>
      </symbol>
      <symbol id="sm-a">
         <name>__c_args__</name>
         <value>0xffffffff</value>
      </symbol>
      <symbol id="sm-b">
         <name>__TI_pprof_out_hndl</name>
         <value>0xffffffff</value>
      </symbol>
      <symbol id="sm-c">
         <name>__TI_prof_data_start</name>
         <value>0xffffffff</value>
      </symbol>
      <symbol id="sm-d">
         <name>__TI_prof_data_size</name>
         <value>0xffffffff</value>
      </symbol>
      <symbol id="sm-ef">
         <name>Screen</name>
         <value>0x2000026c</value>
      </symbol>
      <symbol id="sm-f0">
         <name>Nokia5110_BufferFullImage</name>
         <value>0x1db5</value>
         <object_component_ref idref="oc-113"/>
      </symbol>
      <symbol id="sm-f1">
         <name>Nokia5110_Cursor</name>
         <value>0x15e9</value>
         <object_component_ref idref="oc-113"/>
      </symbol>
      <symbol id="sm-f2">
         <name>Nokia5110_SetCursor</name>
         <value>0x1595</value>
         <object_component_ref idref="oc-113"/>
      </symbol>
      <symbol id="sm-f3">
         <name>Nokia5110_ClearBuffer</name>
         <value>0x18f1</value>
         <object_component_ref idref="oc-113"/>
      </symbol>
      <symbol id="sm-f4">
         <name>Nokia5110_PrintBMP</name>
         <value>0x170d</value>
         <object_component_ref idref="oc-113"/>
      </symbol>
      <symbol id="sm-f5">
         <name>Nokia5110_SetPxl</name>
         <value>0x194b</value>
         <object_component_ref idref="oc-113"/>
      </symbol>
      <symbol id="sm-f6">
         <name>Nokia5110_DisplayBuffer</name>
         <value>0x191b</value>
         <object_component_ref idref="oc-113"/>
      </symbol>
      <symbol id="sm-f7">
         <name>Nokia5110_OutSpecial</name>
         <value>0x1c81</value>
         <object_component_ref idref="oc-113"/>
      </symbol>
      <symbol id="sm-f8">
         <name>Nokia5110_OutDec</name>
         <value>0x19e5</value>
         <object_component_ref idref="oc-113"/>
      </symbol>
      <symbol id="sm-f9">
         <name>Nokia5110_Init</name>
         <value>0x120b</value>
         <object_component_ref idref="oc-113"/>
      </symbol>
      <symbol id="sm-fa">
         <name>Nokia5110_DrawFullImage</name>
         <value>0x1659</value>
         <object_component_ref idref="oc-113"/>
      </symbol>
      <symbol id="sm-fb">
         <name>Nokia5110_OutString</name>
         <value>0x1365</value>
         <object_component_ref idref="oc-113"/>
      </symbol>
      <symbol id="sm-fc">
         <name>Nokia5110_Padding</name>
         <value>0x1dab</value>
         <object_component_ref idref="oc-113"/>
      </symbol>
      <symbol id="sm-fd">
         <name>Nokia5110_DrawChar</name>
         <value>0x1cc9</value>
         <object_component_ref idref="oc-113"/>
      </symbol>
      <symbol id="sm-fe">
         <name>Nokia5110_OutStringInv</name>
         <value>0x1c3d</value>
         <object_component_ref idref="oc-113"/>
      </symbol>
      <symbol id="sm-ff">
         <name>Nokia5110_OutUDec</name>
         <value>0x1391</value>
         <object_component_ref idref="oc-113"/>
      </symbol>
      <symbol id="sm-100">
         <name>Nokia5110_DrawMix</name>
         <value>0x1d33</value>
         <object_component_ref idref="oc-113"/>
      </symbol>
      <symbol id="sm-101">
         <name>PLL_Init</name>
         <value>0x1971</value>
         <object_component_ref idref="oc-113"/>
      </symbol>
      <symbol id="sm-102">
         <name>Nokia5110_OutChar</name>
         <value>0x1325</value>
         <object_component_ref idref="oc-113"/>
      </symbol>
      <symbol id="sm-103">
         <name>Nokia5110_DrawSpecial</name>
         <value>0x1d01</value>
         <object_component_ref idref="oc-113"/>
      </symbol>
      <symbol id="sm-104">
         <name>Nokia5110_MyDrawing</name>
         <value>0x1693</value>
         <object_component_ref idref="oc-113"/>
      </symbol>
      <symbol id="sm-105">
         <name>Nokia5110_OutCharInv</name>
         <value>0x1bab</value>
         <object_component_ref idref="oc-113"/>
      </symbol>
      <symbol id="sm-106">
         <name>Nokia5110_ClrPxl</name>
         <value>0x1925</value>
         <object_component_ref idref="oc-113"/>
      </symbol>
      <symbol id="sm-107">
         <name>Nokia5110_Clear</name>
         <value>0x1629</value>
         <object_component_ref idref="oc-113"/>
      </symbol>
      <symbol id="sm-108">
         <name>Masks</name>
         <value>0x4684</value>
         <object_component_ref idref="oc-220"/>
      </symbol>
      <symbol id="sm-15b">
         <name>Inst8</name>
         <value>0x3708</value>
         <object_component_ref idref="oc-1e2"/>
      </symbol>
      <symbol id="sm-15c">
         <name>Inst3</name>
         <value>0x2d30</value>
         <object_component_ref idref="oc-1cb"/>
      </symbol>
      <symbol id="sm-15d">
         <name>Inst2</name>
         <value>0x2b38</value>
         <object_component_ref idref="oc-1c8"/>
      </symbol>
      <symbol id="sm-15e">
         <name>Inst1</name>
         <value>0x2940</value>
         <object_component_ref idref="oc-1c5"/>
      </symbol>
      <symbol id="sm-15f">
         <name>Inst7</name>
         <value>0x3510</value>
         <object_component_ref idref="oc-1df"/>
      </symbol>
      <symbol id="sm-160">
         <name>Inst6</name>
         <value>0x3318</value>
         <object_component_ref idref="oc-1d4"/>
      </symbol>
      <symbol id="sm-161">
         <name>Inst5</name>
         <value>0x3120</value>
         <object_component_ref idref="oc-1d1"/>
      </symbol>
      <symbol id="sm-162">
         <name>Inst4</name>
         <value>0x2f28</value>
         <object_component_ref idref="oc-1ce"/>
      </symbol>
      <symbol id="sm-163">
         <name>Menu2_full</name>
         <value>0x3ee8</value>
         <object_component_ref idref="oc-1bf"/>
      </symbol>
      <symbol id="sm-164">
         <name>Menu1_full</name>
         <value>0x3cf0</value>
         <object_component_ref idref="oc-1bc"/>
      </symbol>
      <symbol id="sm-165">
         <name>Buttons</name>
         <value>0x2748</value>
         <object_component_ref idref="oc-1c2"/>
      </symbol>
      <symbol id="sm-166">
         <name>JogoPlayer2</name>
         <value>0x3af8</value>
         <object_component_ref idref="oc-1ef"/>
      </symbol>
      <symbol id="sm-167">
         <name>JogoPlayer1</name>
         <value>0x3900</value>
         <object_component_ref idref="oc-1ec"/>
      </symbol>
      <symbol id="sm-266">
         <name>pedras</name>
         <value>0x20000464</value>
      </symbol>
      <symbol id="sm-267">
         <name>trataTimer0</name>
         <value>0x4df</value>
         <object_component_ref idref="oc-c1"/>
      </symbol>
      <symbol id="sm-268">
         <name>start</name>
         <value>0x26d</value>
         <object_component_ref idref="oc-c1"/>
      </symbol>
      <symbol id="sm-269">
         <name>trataSysTick</name>
         <value>0x781</value>
         <object_component_ref idref="oc-c1"/>
      </symbol>
      <symbol id="sm-26a">
         <name>trataGPIOF</name>
         <value>0x559</value>
         <object_component_ref idref="oc-c1"/>
      </symbol>
      <symbol id="sm-279">
         <name>G_posmenu</name>
         <value>0x200004ea</value>
      </symbol>
      <symbol id="sm-27a">
         <name>G_modo</name>
         <value>0x200004e7</value>
      </symbol>
      <symbol id="sm-27b">
         <name>G_linhaInst</name>
         <value>0x200004e6</value>
      </symbol>
      <symbol id="sm-27c">
         <name>G_cursor_x</name>
         <value>0x200004e4</value>
      </symbol>
      <symbol id="sm-27d">
         <name>G_cursor_y</name>
         <value>0x200004e5</value>
      </symbol>
      <symbol id="sm-27e">
         <name>G_vit</name>
         <value>0x200004eb</value>
      </symbol>
      <symbol id="sm-27f">
         <name>G_player</name>
         <value>0x200004e9</value>
      </symbol>
      <symbol id="sm-280">
         <name>G_mux</name>
         <value>0x200004e8</value>
      </symbol>
      <symbol id="sm-281">
         <name>debouncer</name>
         <value>0x200004ec</value>
      </symbol>
      <symbol id="sm-282">
         <name>G_selec_x</name>
         <value>0x200004dc</value>
      </symbol>
      <symbol id="sm-283">
         <name>G_selec_y</name>
         <value>0x200004e0</value>
      </symbol>
      <symbol id="sm-284">
         <name>main</name>
         <value>0x2723</value>
         <object_component_ref idref="oc-98"/>
      </symbol>
      <symbol id="sm-2a0">
         <name>ResetISR</name>
         <value>0x2705</value>
         <object_component_ref idref="oc-24"/>
      </symbol>
      <symbol id="sm-2a1">
         <name>g_pfnVectors</name>
         <value>0x0</value>
         <object_component_ref idref="oc-f"/>
      </symbol>
      <symbol id="sm-324">
         <name>GPIOIntRegister</name>
         <value>0x25e1</value>
         <object_component_ref idref="oc-131"/>
      </symbol>
      <symbol id="sm-325">
         <name>GPIOIntDisable</name>
         <value>0x26a9</value>
         <object_component_ref idref="oc-125"/>
      </symbol>
      <symbol id="sm-326">
         <name>GPIOIntEnable</name>
         <value>0x26ed</value>
         <object_component_ref idref="oc-143"/>
      </symbol>
      <symbol id="sm-327">
         <name>GPIOIntTypeSet</name>
         <value>0x2375</value>
         <object_component_ref idref="oc-13d"/>
      </symbol>
      <symbol id="sm-328">
         <name>GPIOPinTypeGPIOInput</name>
         <value>0x2665</value>
         <object_component_ref idref="oc-19d"/>
      </symbol>
      <symbol id="sm-329">
         <name>GPIOIntClear</name>
         <value>0x272b</value>
         <object_component_ref idref="oc-12b"/>
      </symbol>
      <symbol id="sm-32a">
         <name>GPIOIntStatus</name>
         <value>0x26b7</value>
         <object_component_ref idref="oc-1d7"/>
      </symbol>
      <symbol id="sm-32b">
         <name>GPIOPinTypeGPIOOutput</name>
         <value>0x25f9</value>
         <object_component_ref idref="oc-197"/>
      </symbol>
      <symbol id="sm-32c">
         <name>GPIODirModeSet</name>
         <value>0x2575</value>
         <object_component_ref idref="oc-26c"/>
      </symbol>
      <symbol id="sm-32d">
         <name>GPIOPinWrite</name>
         <value>0x2731</value>
         <object_component_ref idref="oc-1a9"/>
      </symbol>
      <symbol id="sm-32e">
         <name>GPIOPadConfigSet</name>
         <value>0x1df5</value>
         <object_component_ref idref="oc-1a3"/>
      </symbol>
      <symbol id="sm-381">
         <name>IntPrioritySet</name>
         <value>0x25a1</value>
         <object_component_ref idref="oc-137"/>
      </symbol>
      <symbol id="sm-382">
         <name>IntEnable</name>
         <value>0x2245</value>
         <object_component_ref idref="oc-240"/>
      </symbol>
      <symbol id="sm-383">
         <name>IntRegister</name>
         <value>0x24d9</value>
         <object_component_ref idref="oc-23a"/>
      </symbol>
      <symbol id="sm-384">
         <name>g_pfnRAMVectors</name>
         <value>0x20000000</value>
         <object_component_ref idref="oc-2da"/>
      </symbol>
      <symbol id="sm-385">
         <name>IntMasterEnable</name>
         <value>0x2689</value>
         <object_component_ref idref="oc-149"/>
      </symbol>
      <symbol id="sm-3e2">
         <name>SysCtlClockSet</name>
         <value>0x2039</value>
         <object_component_ref idref="oc-10d"/>
      </symbol>
      <symbol id="sm-3e3">
         <name>SysCtlDelay</name>
         <value>0x2737</value>
         <object_component_ref idref="oc-214"/>
      </symbol>
      <symbol id="sm-3e4">
         <name>SysCtlPeripheralEnable</name>
         <value>0x250d</value>
         <object_component_ref idref="oc-119"/>
      </symbol>
      <symbol id="sm-3e5">
         <name>SysCtlClockGet</name>
         <value>0x1f29</value>
         <object_component_ref idref="oc-14f"/>
      </symbol>
      <symbol id="sm-3e6">
         <name>SysCtlPeripheralReady</name>
         <value>0x24a1</value>
         <object_component_ref idref="oc-11f"/>
      </symbol>
      <symbol id="sm-41d">
         <name>SysTickIntDisable</name>
         <value>0x263d</value>
         <object_component_ref idref="oc-179"/>
      </symbol>
      <symbol id="sm-41e">
         <name>SysTickEnable</name>
         <value>0x2629</value>
         <object_component_ref idref="oc-191"/>
      </symbol>
      <symbol id="sm-41f">
         <name>SysTickIntRegister</name>
         <value>0x25c5</value>
         <object_component_ref idref="oc-185"/>
      </symbol>
      <symbol id="sm-420">
         <name>SysTickIntEnable</name>
         <value>0x2651</value>
         <object_component_ref idref="oc-18b"/>
      </symbol>
      <symbol id="sm-421">
         <name>SysTickPeriodSet</name>
         <value>0x2699</value>
         <object_component_ref idref="oc-17f"/>
      </symbol>
      <symbol id="sm-484">
         <name>TimerLoadSet</name>
         <value>0x2677</value>
         <object_component_ref idref="oc-161"/>
      </symbol>
      <symbol id="sm-485">
         <name>TimerIntRegister</name>
         <value>0x2611</value>
         <object_component_ref idref="oc-167"/>
      </symbol>
      <symbol id="sm-486">
         <name>TimerEnable</name>
         <value>0x26c5</value>
         <object_component_ref idref="oc-173"/>
      </symbol>
      <symbol id="sm-487">
         <name>TimerIntDisable</name>
         <value>0x2711</value>
         <object_component_ref idref="oc-155"/>
      </symbol>
      <symbol id="sm-488">
         <name>TimerIntEnable</name>
         <value>0x271b</value>
         <object_component_ref idref="oc-16d"/>
      </symbol>
      <symbol id="sm-489">
         <name>TimerConfigure</name>
         <value>0x2315</value>
         <object_component_ref idref="oc-15b"/>
      </symbol>
      <symbol id="sm-48a">
         <name>TimerIntClear</name>
         <value>0x273d</value>
         <object_component_ref idref="oc-1af"/>
      </symbol>
      <symbol id="sm-494">
         <name>CPUcpsie</name>
         <value>0x26e1</value>
         <object_component_ref idref="oc-24e"/>
      </symbol>
      <symbol id="sm-4ab">
         <name>__TI_zero_init</name>
         <value>0x26f9</value>
         <object_component_ref idref="oc-4a"/>
      </symbol>
      <symbol id="sm-4c2">
         <name>__TI_decompress_none</name>
         <value>0x26d3</value>
         <object_component_ref idref="oc-18"/>
      </symbol>
      <symbol id="sm-4e5">
         <name>__TI_decompress_lzss</name>
         <value>0x22ad</value>
         <object_component_ref idref="oc-12"/>
      </symbol>
      <symbol id="sm-4f8">
         <name>__stack</name>
         <value>0x200004f0</value>
         <object_component_ref idref="oc-21"/>
      </symbol>
      <symbol id="sm-4f9">
         <name>_c_int00_noargs</name>
         <value>0x2541</value>
         <object_component_ref idref="oc-56"/>
      </symbol>
      <symbol id="sm-508">
         <name>__aeabi_memset</name>
         <value>0x21cb</value>
         <object_component_ref idref="oc-8c"/>
      </symbol>
      <symbol id="sm-509">
         <name>memset</name>
         <value>0x21d1</value>
         <object_component_ref idref="oc-8c"/>
      </symbol>
      <symbol id="sm-50a">
         <name>__aeabi_memset8</name>
         <value>0x21cb</value>
         <object_component_ref idref="oc-8c"/>
      </symbol>
      <symbol id="sm-50b">
         <name>__aeabi_memset4</name>
         <value>0x21cb</value>
         <object_component_ref idref="oc-8c"/>
      </symbol>
      <symbol id="sm-50c">
         <name>__aeabi_memclr8</name>
         <value>0x21c9</value>
         <object_component_ref idref="oc-8c"/>
      </symbol>
      <symbol id="sm-50d">
         <name>__aeabi_memclr4</name>
         <value>0x21c9</value>
         <object_component_ref idref="oc-8c"/>
      </symbol>
      <symbol id="sm-50e">
         <name>__aeabi_memclr</name>
         <value>0x21c9</value>
         <object_component_ref idref="oc-8c"/>
      </symbol>
      <symbol id="sm-529">
         <name>memcpy</name>
         <value>0x212d</value>
         <object_component_ref idref="oc-38"/>
      </symbol>
      <symbol id="sm-52a">
         <name>__aeabi_memcpy</name>
         <value>0x212d</value>
         <object_component_ref idref="oc-38"/>
      </symbol>
      <symbol id="sm-52b">
         <name>__aeabi_memcpy8</name>
         <value>0x212d</value>
         <object_component_ref idref="oc-38"/>
      </symbol>
      <symbol id="sm-52c">
         <name>__aeabi_memcpy4</name>
         <value>0x212d</value>
         <object_component_ref idref="oc-38"/>
      </symbol>
      <symbol id="sm-554">
         <name>__TI_auto_init_nobinit_nopinit</name>
         <value>0x245d</value>
         <object_component_ref idref="oc-d9"/>
      </symbol>
      <symbol id="sm-55e">
         <name>_system_pre_init</name>
         <value>0x2741</value>
         <object_component_ref idref="oc-92"/>
      </symbol>
      <symbol id="sm-56a">
         <name>C$$EXIT</name>
         <value>0x2745</value>
         <object_component_ref idref="oc-cd"/>
      </symbol>
      <symbol id="sm-56b">
         <name>abort</name>
         <value>0x2745</value>
         <object_component_ref idref="oc-cd"/>
      </symbol>
      <symbol id="sm-56e">
         <name>__TI_static_base__</name>
         <value>0x0</value>
      </symbol>
      <symbol id="sm-571">
         <name>__mpu_init</name>
         <value>0x0</value>
      </symbol>
      <symbol id="sm-572">
         <name>_system_post_cinit</name>
         <value>0x0</value>
      </symbol>
   </symbol_table>
   <title>Link successful</title>
</link_info>
