******************************************************************************
                  TI ARM Linker Unix v18.12.3                  
******************************************************************************
>> Linked Sat Nov 23 11:20:01 2019

OUTPUT FILE NAME:   <Jogo.out>
ENTRY POINT SYMBOL: "_c_int00_noargs"  address: 00002541


MEMORY CONFIGURATION

         name            origin    length      used     unused   attr    fill
----------------------  --------  ---------  --------  --------  ----  --------
  FLASH                 00000000   00040000  000046d1  0003b92f  R  X
  SRAM                  20000000   00008000  000006f5  0000790b  RW X


SEGMENT ALLOCATION MAP

run origin  load origin   length   init length attrs members
----------  ----------- ---------- ----------- ----- -------
00000000    00000000    000046d8   000046d8    r-x
  00000000    00000000    0000026c   0000026c    r-- .intvecs
  0000026c    0000026c    000024dc   000024dc    r-x .text
  00002748    00002748    00001f49   00001f49    r-- .const
  00004698    00004698    00000040   00000040    r-- .cinit
20000000    20000000    000006f8   00000000    rw-
  20000000    20000000    0000026c   00000000    rw- .vtable
  2000026c    2000026c    00000281   00000000    rw- .bss
  200004f0    200004f0    00000200   00000000    rw- .stack
  200006f0    200006f0    00000008   00000000    rw- .data


SECTION ALLOCATION MAP

 output                                  attributes/
section   page    origin      length       input sections
--------  ----  ----------  ----------   ----------------
.intvecs   0    00000000    0000026c     
                  00000000    0000026c     tm4c1231h6pm_startup_ccs.obj (.intvecs)

.text      0    0000026c    000024dc     
                  0000026c    00000f30     jogo.obj (.text)
                  0000119c    00000c58     Nokia5110.obj (.text)
                  00001df4    00000132     driverlib.lib : gpio.obj (.text:GPIOPadConfigSet)
                  00001f26    00000002     --HOLE-- [fill = 0]
                  00001f28    00000110                   : sysctl.obj (.text:SysCtlClockGet)
                  00002038    000000f4                   : sysctl.obj (.text:SysCtlClockSet)
                  0000212c    0000009c     rtsv7M4_T_le_v4SPD16_eabi.lib : memcpy_t2.asm.obj (.text)
                  000021c8    0000007a                                   : memset_t2.asm.obj (.text)
                  00002242    00000002     --HOLE-- [fill = 0]
                  00002244    00000068     driverlib.lib : interrupt.obj (.text:IntEnable)
                  000022ac    00000068     rtsv7M4_T_le_v4SPD16_eabi.lib : copy_decompress_lzss.c.obj (.text:decompress:lzss:__TI_decompress_lzss)
                  00002314    00000060     driverlib.lib : timer.obj (.text:TimerConfigure)
                  00002374    00000056                   : gpio.obj (.text:GPIOIntTypeSet)
                  000023ca    00000002     --HOLE-- [fill = 0]
                  000023cc    0000004c                   : timer.obj (.text:_TimerIntNumberGet)
                  00002418    00000044                   : gpio.obj (.text:_GPIOIntNumberGet)
                  0000245c    00000044     rtsv7M4_T_le_v4SPD16_eabi.lib : autoinit.c.obj (.text:__TI_auto_init_nobinit_nopinit:__TI_auto_init_nobinit_nopinit)
                  000024a0    00000038     driverlib.lib : sysctl.obj (.text:SysCtlPeripheralReady)
                  000024d8    00000034                   : interrupt.obj (.text:IntRegister)
                  0000250c    00000034                   : sysctl.obj (.text:SysCtlPeripheralEnable)
                  00002540    00000034     rtsv7M4_T_le_v4SPD16_eabi.lib : boot_cortex_m.c.obj (.text:_c_int00_noargs:_c_int00_noargs)
                  00002574    0000002a     driverlib.lib : gpio.obj (.text:GPIODirModeSet)
                  0000259e    00000002     --HOLE-- [fill = 0]
                  000025a0    00000024                   : interrupt.obj (.text:IntPrioritySet)
                  000025c4    0000001c                   : systick.obj (.text:SysTickIntRegister)
                  000025e0    00000018                   : gpio.obj (.text:GPIOIntRegister)
                  000025f8    00000018                   : gpio.obj (.text:GPIOPinTypeGPIOOutput)
                  00002610    00000018                   : timer.obj (.text:TimerIntRegister)
                  00002628    00000014                   : systick.obj (.text:SysTickEnable)
                  0000263c    00000014                   : systick.obj (.text:SysTickIntDisable)
                  00002650    00000014                   : systick.obj (.text:SysTickIntEnable)
                  00002664    00000012                   : gpio.obj (.text:GPIOPinTypeGPIOInput)
                  00002676    00000012                   : timer.obj (.text:TimerLoadSet)
                  00002688    00000010                   : interrupt.obj (.text:IntMasterEnable)
                  00002698    00000010                   : systick.obj (.text:SysTickPeriodSet)
                  000026a8    0000000e                   : gpio.obj (.text:GPIOIntDisable)
                  000026b6    0000000e                   : gpio.obj (.text:GPIOIntStatus)
                  000026c4    0000000e                   : timer.obj (.text:TimerEnable)
                  000026d2    0000000e     rtsv7M4_T_le_v4SPD16_eabi.lib : copy_decompress_none.c.obj (.text:decompress:none:__TI_decompress_none)
                  000026e0    0000000c     driverlib.lib : cpu.obj (.text:CPUcpsie)
                  000026ec    0000000c                   : gpio.obj (.text:GPIOIntEnable)
                  000026f8    0000000c     rtsv7M4_T_le_v4SPD16_eabi.lib : copy_zero_init.c.obj (.text:decompress:ZI:__TI_zero_init)
                  00002704    0000000c     tm4c1231h6pm_startup_ccs.obj (.text)
                  00002710    0000000a     driverlib.lib : timer.obj (.text:TimerIntDisable)
                  0000271a    00000008                   : timer.obj (.text:TimerIntEnable)
                  00002722    00000008     main.obj (.text)
                  0000272a    00000006     driverlib.lib : gpio.obj (.text:GPIOIntClear)
                  00002730    00000006                   : gpio.obj (.text:GPIOPinWrite)
                  00002736    00000006                   : sysctl.obj (.text:SysCtlDelay)
                  0000273c    00000004                   : timer.obj (.text:TimerIntClear)
                  00002740    00000004     rtsv7M4_T_le_v4SPD16_eabi.lib : pre_init.c.obj (.text:_system_pre_init)
                  00002744    00000004                                   : exit.c.obj (.text:abort:abort)

.const     0    00002748    00001f49     
                  00002748    000001f8     bitmaps.obj (.const:.string:Buttons)
                  00002940    000001f8     bitmaps.obj (.const:.string:Inst1)
                  00002b38    000001f8     bitmaps.obj (.const:.string:Inst2)
                  00002d30    000001f8     bitmaps.obj (.const:.string:Inst3)
                  00002f28    000001f8     bitmaps.obj (.const:.string:Inst4)
                  00003120    000001f8     bitmaps.obj (.const:.string:Inst5)
                  00003318    000001f8     bitmaps.obj (.const:.string:Inst6)
                  00003510    000001f8     bitmaps.obj (.const:.string:Inst7)
                  00003708    000001f8     bitmaps.obj (.const:.string:Inst8)
                  00003900    000001f8     bitmaps.obj (.const:.string:JogoPlayer1)
                  00003af8    000001f8     bitmaps.obj (.const:.string:JogoPlayer2)
                  00003cf0    000001f8     bitmaps.obj (.const:.string:Menu1_full)
                  00003ee8    000001f8     bitmaps.obj (.const:.string:Menu2_full)
                  000040e0    000001e5     Nokia5110.obj (.const:ASCII)
                  000042c5    00000003     --HOLE-- [fill = 0]
                  000042c8    000000d8     driverlib.lib : gpio.obj (.const:g_ppui32GPIOIntMapSnowflake)
                  000043a0    000000c0                   : gpio.obj (.const:g_ppui32GPIOIntMapBlizzard)
                  00004460    0000009c                   : interrupt.obj (.const:g_pui32Regs)
                  000044fc    00000070                   : interrupt.obj (.const)
                  0000456c    0000006c                   : sysctl.obj (.const:g_pui32Xtals)
                  000045d8    00000060                   : timer.obj (.const:g_ppui32TimerIntMap)
                  00004638    00000040                   : timer.obj (.const:g_ppui32TimerIntMapSnowflake)
                  00004678    0000000c     Nokia5110.obj (.const:MIX_SIMBOLS)
                  00004684    00000008     Nokia5110.obj (.const:.string:Masks)
                  0000468c    00000005     Nokia5110.obj (.const:SPECIAL_SIMBOLS)

.cinit     0    00004698    00000040     
                  00004698    0000000c     (__TI_handler_table)
                  000046a4    00000004     --HOLE-- [fill = 0]
                  000046a8    00000008     (.cinit..bss.load) [load image, compression = zero_init]
                  000046b0    00000008     (.cinit..vtable.load) [load image, compression = zero_init]
                  000046b8    00000007     (.cinit..data.load) [load image, compression = lzss]
                  000046bf    00000001     --HOLE-- [fill = 0]
                  000046c0    00000018     (__TI_cinit_table)

.init_array 
*          0    00000000    00000000     UNINITIALIZED

.vtable    0    20000000    0000026c     UNINITIALIZED
                  20000000    0000026c     driverlib.lib : interrupt.obj (.vtable)

.bss       0    2000026c    00000281     UNINITIALIZED
                  2000026c    000001f8     (.common:Screen)
                  20000464    00000078     (.common:pedras)
                  200004dc    00000004     (.common:G_selec_x)
                  200004e0    00000004     (.common:G_selec_y)
                  200004e4    00000001     (.common:G_cursor_x)
                  200004e5    00000001     (.common:G_cursor_y)
                  200004e6    00000001     (.common:G_linhaInst)
                  200004e7    00000001     (.common:G_modo)
                  200004e8    00000001     (.common:G_mux)
                  200004e9    00000001     (.common:G_player)
                  200004ea    00000001     (.common:G_posmenu)
                  200004eb    00000001     (.common:G_vit)
                  200004ec    00000001     (.common:debouncer)

.data      0    200006f0    00000008     UNINITIALIZED
                  200006f0    00000008     jogo.obj (.data)

.stack     0    200004f0    00000200     UNINITIALIZED
                  200004f0    00000004     rtsv7M4_T_le_v4SPD16_eabi.lib : boot_cortex_m.c.obj (.stack)
                  200004f4    000001fc     --HOLE--

MODULE SUMMARY

       Module                         code   ro data   rw data
       ------                         ----   -------   -------
    ./
       bitmaps.obj                    0      6552      0      
       Nokia5110.obj                  3160   510       504    
       jogo.obj                       3888   0         128    
       tm4c1231h6pm_startup_ccs.obj   12     620       0      
       main.obj                       8      0         17     
    +--+------------------------------+------+---------+---------+
       Total:                         7068   7682      649    
                                                              
    /home/thiago/ti/TivaWare_C_Series-2.1.4.178/driverlib/ccs/Debug/driverlib.lib
       interrupt.obj                  208    268       620    
       gpio.obj                       620    408       0      
       sysctl.obj                     630    108       0      
       timer.obj                      250    160       0      
       systick.obj                    104    0         0      
       cpu.obj                        12     0         0      
    +--+------------------------------+------+---------+---------+
       Total:                         1824   944       620    
                                                              
    /home/thiago/ti/ccs910/ccs/tools/compiler/ti-cgt-arm_18.12.3.LTS/lib/rtsv7M4_T_le_v4SPD16_eabi.lib
       memcpy_t2.asm.obj              156    0         0      
       memset_t2.asm.obj              122    0         0      
       copy_decompress_lzss.c.obj     104    0         0      
       autoinit.c.obj                 68     0         0      
       boot_cortex_m.c.obj            52     0         0      
       copy_decompress_none.c.obj     14     0         0      
       copy_zero_init.c.obj           12     0         0      
       exit.c.obj                     4      0         0      
       pre_init.c.obj                 4      0         0      
    +--+------------------------------+------+---------+---------+
       Total:                         536    0         0      
                                                              
       Stack:                         0      0         512    
       Linker Generated:              0      59        0      
    +--+------------------------------+------+---------+---------+
       Grand Total:                   9428   8685      1781   


LINKER GENERATED COPY TABLES

__TI_cinit_table @ 000046c0 records: 3, size/record: 8, table size: 24
	.bss: load addr=000046a8, load size=00000008 bytes, run addr=2000026c, run size=00000281 bytes, compression=zero_init
	.vtable: load addr=000046b0, load size=00000008 bytes, run addr=20000000, run size=0000026c bytes, compression=zero_init
	.data: load addr=000046b8, load size=00000007 bytes, run addr=200006f0, run size=00000008 bytes, compression=lzss


LINKER GENERATED HANDLER TABLE

__TI_handler_table @ 00004698 records: 3, size/record: 4, table size: 12
	index: 0, handler: __TI_zero_init
	index: 1, handler: __TI_decompress_lzss
	index: 2, handler: __TI_decompress_none


GLOBAL SYMBOLS: SORTED ALPHABETICALLY BY Name 

address   name                          
-------   ----                          
00002748  Buttons                       
00002745  C$$EXIT                       
000026e1  CPUcpsie                      
00002575  GPIODirModeSet                
0000272b  GPIOIntClear                  
000026a9  GPIOIntDisable                
000026ed  GPIOIntEnable                 
000025e1  GPIOIntRegister               
000026b7  GPIOIntStatus                 
00002375  GPIOIntTypeSet                
00001df5  GPIOPadConfigSet              
00002665  GPIOPinTypeGPIOInput          
000025f9  GPIOPinTypeGPIOOutput         
00002731  GPIOPinWrite                  
200004e4  G_cursor_x                    
200004e5  G_cursor_y                    
200004e6  G_linhaInst                   
200004e7  G_modo                        
200004e8  G_mux                         
200004e9  G_player                      
200004ea  G_posmenu                     
200004dc  G_selec_x                     
200004e0  G_selec_y                     
200004eb  G_vit                         
00002940  Inst1                         
00002b38  Inst2                         
00002d30  Inst3                         
00002f28  Inst4                         
00003120  Inst5                         
00003318  Inst6                         
00003510  Inst7                         
00003708  Inst8                         
00002245  IntEnable                     
00002689  IntMasterEnable               
000025a1  IntPrioritySet                
000024d9  IntRegister                   
00003900  JogoPlayer1                   
00003af8  JogoPlayer2                   
00004684  Masks                         
00003cf0  Menu1_full                    
00003ee8  Menu2_full                    
00001db5  Nokia5110_BufferFullImage     
00001629  Nokia5110_Clear               
000018f1  Nokia5110_ClearBuffer         
00001925  Nokia5110_ClrPxl              
000015e9  Nokia5110_Cursor              
0000191b  Nokia5110_DisplayBuffer       
00001cc9  Nokia5110_DrawChar            
00001659  Nokia5110_DrawFullImage       
00001d33  Nokia5110_DrawMix             
00001d01  Nokia5110_DrawSpecial         
0000120b  Nokia5110_Init                
00001693  Nokia5110_MyDrawing           
00001325  Nokia5110_OutChar             
00001bab  Nokia5110_OutCharInv          
000019e5  Nokia5110_OutDec              
00001c81  Nokia5110_OutSpecial          
00001365  Nokia5110_OutString           
00001c3d  Nokia5110_OutStringInv        
00001391  Nokia5110_OutUDec             
00001dab  Nokia5110_Padding             
0000170d  Nokia5110_PrintBMP            
00001595  Nokia5110_SetCursor           
0000194b  Nokia5110_SetPxl              
00001971  PLL_Init                      
00002705  ResetISR                      
2000026c  Screen                        
00001f29  SysCtlClockGet                
00002039  SysCtlClockSet                
00002737  SysCtlDelay                   
0000250d  SysCtlPeripheralEnable        
000024a1  SysCtlPeripheralReady         
00002629  SysTickEnable                 
0000263d  SysTickIntDisable             
00002651  SysTickIntEnable              
000025c5  SysTickIntRegister            
00002699  SysTickPeriodSet              
00002315  TimerConfigure                
000026c5  TimerEnable                   
0000273d  TimerIntClear                 
00002711  TimerIntDisable               
0000271b  TimerIntEnable                
00002611  TimerIntRegister              
00002677  TimerLoadSet                  
200006f0  __STACK_END                   
00000200  __STACK_SIZE                  
200006f0  __STACK_TOP                   
000046c0  __TI_CINIT_Base               
000046d8  __TI_CINIT_Limit              
00004698  __TI_Handler_Table_Base       
000046a4  __TI_Handler_Table_Limit      
0000245d  __TI_auto_init_nobinit_nopinit
000022ad  __TI_decompress_lzss          
000026d3  __TI_decompress_none          
ffffffff  __TI_pprof_out_hndl           
ffffffff  __TI_prof_data_size           
ffffffff  __TI_prof_data_start          
00000000  __TI_static_base__            
000026f9  __TI_zero_init                
000021c9  __aeabi_memclr                
000021c9  __aeabi_memclr4               
000021c9  __aeabi_memclr8               
0000212d  __aeabi_memcpy                
0000212d  __aeabi_memcpy4               
0000212d  __aeabi_memcpy8               
000021cb  __aeabi_memset                
000021cb  __aeabi_memset4               
000021cb  __aeabi_memset8               
ffffffff  __binit__                     
ffffffff  __c_args__                    
UNDEFED   __mpu_init                    
200004f0  __stack                       
00002541  _c_int00_noargs               
UNDEFED   _system_post_cinit            
00002741  _system_pre_init              
00002745  abort                         
ffffffff  binit                         
200004ec  debouncer                     
20000000  g_pfnRAMVectors               
00000000  g_pfnVectors                  
00002723  main                          
0000212d  memcpy                        
000021d1  memset                        
20000464  pedras                        
0000026d  start                         
00000559  trataGPIOF                    
00000781  trataSysTick                  
000004df  trataTimer0                   


GLOBAL SYMBOLS: SORTED BY Symbol Address 

address   name                          
-------   ----                          
00000000  __TI_static_base__            
00000000  g_pfnVectors                  
00000200  __STACK_SIZE                  
0000026d  start                         
000004df  trataTimer0                   
00000559  trataGPIOF                    
00000781  trataSysTick                  
0000120b  Nokia5110_Init                
00001325  Nokia5110_OutChar             
00001365  Nokia5110_OutString           
00001391  Nokia5110_OutUDec             
00001595  Nokia5110_SetCursor           
000015e9  Nokia5110_Cursor              
00001629  Nokia5110_Clear               
00001659  Nokia5110_DrawFullImage       
00001693  Nokia5110_MyDrawing           
0000170d  Nokia5110_PrintBMP            
000018f1  Nokia5110_ClearBuffer         
0000191b  Nokia5110_DisplayBuffer       
00001925  Nokia5110_ClrPxl              
0000194b  Nokia5110_SetPxl              
00001971  PLL_Init                      
000019e5  Nokia5110_OutDec              
00001bab  Nokia5110_OutCharInv          
00001c3d  Nokia5110_OutStringInv        
00001c81  Nokia5110_OutSpecial          
00001cc9  Nokia5110_DrawChar            
00001d01  Nokia5110_DrawSpecial         
00001d33  Nokia5110_DrawMix             
00001dab  Nokia5110_Padding             
00001db5  Nokia5110_BufferFullImage     
00001df5  GPIOPadConfigSet              
00001f29  SysCtlClockGet                
00002039  SysCtlClockSet                
0000212d  __aeabi_memcpy                
0000212d  __aeabi_memcpy4               
0000212d  __aeabi_memcpy8               
0000212d  memcpy                        
000021c9  __aeabi_memclr                
000021c9  __aeabi_memclr4               
000021c9  __aeabi_memclr8               
000021cb  __aeabi_memset                
000021cb  __aeabi_memset4               
000021cb  __aeabi_memset8               
000021d1  memset                        
00002245  IntEnable                     
000022ad  __TI_decompress_lzss          
00002315  TimerConfigure                
00002375  GPIOIntTypeSet                
0000245d  __TI_auto_init_nobinit_nopinit
000024a1  SysCtlPeripheralReady         
000024d9  IntRegister                   
0000250d  SysCtlPeripheralEnable        
00002541  _c_int00_noargs               
00002575  GPIODirModeSet                
000025a1  IntPrioritySet                
000025c5  SysTickIntRegister            
000025e1  GPIOIntRegister               
000025f9  GPIOPinTypeGPIOOutput         
00002611  TimerIntRegister              
00002629  SysTickEnable                 
0000263d  SysTickIntDisable             
00002651  SysTickIntEnable              
00002665  GPIOPinTypeGPIOInput          
00002677  TimerLoadSet                  
00002689  IntMasterEnable               
00002699  SysTickPeriodSet              
000026a9  GPIOIntDisable                
000026b7  GPIOIntStatus                 
000026c5  TimerEnable                   
000026d3  __TI_decompress_none          
000026e1  CPUcpsie                      
000026ed  GPIOIntEnable                 
000026f9  __TI_zero_init                
00002705  ResetISR                      
00002711  TimerIntDisable               
0000271b  TimerIntEnable                
00002723  main                          
0000272b  GPIOIntClear                  
00002731  GPIOPinWrite                  
00002737  SysCtlDelay                   
0000273d  TimerIntClear                 
00002741  _system_pre_init              
00002745  C$$EXIT                       
00002745  abort                         
00002748  Buttons                       
00002940  Inst1                         
00002b38  Inst2                         
00002d30  Inst3                         
00002f28  Inst4                         
00003120  Inst5                         
00003318  Inst6                         
00003510  Inst7                         
00003708  Inst8                         
00003900  JogoPlayer1                   
00003af8  JogoPlayer2                   
00003cf0  Menu1_full                    
00003ee8  Menu2_full                    
00004684  Masks                         
00004698  __TI_Handler_Table_Base       
000046a4  __TI_Handler_Table_Limit      
000046c0  __TI_CINIT_Base               
000046d8  __TI_CINIT_Limit              
20000000  g_pfnRAMVectors               
2000026c  Screen                        
20000464  pedras                        
200004dc  G_selec_x                     
200004e0  G_selec_y                     
200004e4  G_cursor_x                    
200004e5  G_cursor_y                    
200004e6  G_linhaInst                   
200004e7  G_modo                        
200004e8  G_mux                         
200004e9  G_player                      
200004ea  G_posmenu                     
200004eb  G_vit                         
200004ec  debouncer                     
200004f0  __stack                       
200006f0  __STACK_END                   
200006f0  __STACK_TOP                   
ffffffff  __TI_pprof_out_hndl           
ffffffff  __TI_prof_data_size           
ffffffff  __TI_prof_data_start          
ffffffff  __binit__                     
ffffffff  __c_args__                    
ffffffff  binit                         
UNDEFED   __mpu_init                    
UNDEFED   _system_post_cinit            

[128 symbols]
