******************************************************************************
                  TI ARM Linker Unix v18.12.3                  
******************************************************************************
>> Linked Sat Nov 23 16:58:16 2019

OUTPUT FILE NAME:   <Jogo.out>
ENTRY POINT SYMBOL: "_c_int00_noargs"  address: 00002fad


MEMORY CONFIGURATION

         name            origin    length      used     unused   attr    fill
----------------------  --------  ---------  --------  --------  ----  --------
  FLASH                 00000000   00040000  0000513d  0003aec3  R  X
  SRAM                  20000000   00008000  000006fb  00007905  RW X


SEGMENT ALLOCATION MAP

run origin  load origin   length   init length attrs members
----------  ----------- ---------- ----------- ----- -------
00000000    00000000    00005140   00005140    r-x
  00000000    00000000    0000026c   0000026c    r-- .intvecs
  0000026c    0000026c    00002f48   00002f48    r-x .text
  000031b4    000031b4    00001f49   00001f49    r-- .const
  00005100    00005100    00000040   00000040    r-- .cinit
20000000    20000000    00000700   00000000    rw-
  20000000    20000000    0000026c   00000000    rw- .vtable
  2000026c    2000026c    00000287   00000000    rw- .bss
  200004f8    200004f8    00000200   00000000    rw- .stack
  200006f8    200006f8    00000008   00000000    rw- .data


SECTION ALLOCATION MAP

 output                                  attributes/
section   page    origin      length       input sections
--------  ----  ----------  ----------   ----------------
.intvecs   0    00000000    0000026c     
                  00000000    0000026c     tm4c1231h6pm_startup_ccs.obj (.intvecs)

.text      0    0000026c    00002f48     
                  0000026c    0000199c     jogo.obj (.text)
                  00001c08    00000c58     Nokia5110.obj (.text)
                  00002860    00000132     driverlib.lib : gpio.obj (.text:GPIOPadConfigSet)
                  00002992    00000002     --HOLE-- [fill = 0]
                  00002994    00000110                   : sysctl.obj (.text:SysCtlClockGet)
                  00002aa4    000000f4                   : sysctl.obj (.text:SysCtlClockSet)
                  00002b98    0000009c     rtsv7M4_T_le_v4SPD16_eabi.lib : memcpy_t2.asm.obj (.text)
                  00002c34    0000007a                                   : memset_t2.asm.obj (.text)
                  00002cae    00000002     --HOLE-- [fill = 0]
                  00002cb0    00000068     driverlib.lib : interrupt.obj (.text:IntEnable)
                  00002d18    00000068     rtsv7M4_T_le_v4SPD16_eabi.lib : copy_decompress_lzss.c.obj (.text:decompress:lzss:__TI_decompress_lzss)
                  00002d80    00000060     driverlib.lib : timer.obj (.text:TimerConfigure)
                  00002de0    00000056                   : gpio.obj (.text:GPIOIntTypeSet)
                  00002e36    00000002     --HOLE-- [fill = 0]
                  00002e38    0000004c                   : timer.obj (.text:_TimerIntNumberGet)
                  00002e84    00000044                   : gpio.obj (.text:_GPIOIntNumberGet)
                  00002ec8    00000044     rtsv7M4_T_le_v4SPD16_eabi.lib : autoinit.c.obj (.text:__TI_auto_init_nobinit_nopinit:__TI_auto_init_nobinit_nopinit)
                  00002f0c    00000038     driverlib.lib : sysctl.obj (.text:SysCtlPeripheralReady)
                  00002f44    00000034                   : interrupt.obj (.text:IntRegister)
                  00002f78    00000034                   : sysctl.obj (.text:SysCtlPeripheralEnable)
                  00002fac    00000034     rtsv7M4_T_le_v4SPD16_eabi.lib : boot_cortex_m.c.obj (.text:_c_int00_noargs:_c_int00_noargs)
                  00002fe0    0000002a     driverlib.lib : gpio.obj (.text:GPIODirModeSet)
                  0000300a    00000002     --HOLE-- [fill = 0]
                  0000300c    00000024                   : interrupt.obj (.text:IntPrioritySet)
                  00003030    0000001c                   : systick.obj (.text:SysTickIntRegister)
                  0000304c    00000018                   : gpio.obj (.text:GPIOIntRegister)
                  00003064    00000018                   : gpio.obj (.text:GPIOPinTypeGPIOOutput)
                  0000307c    00000018                   : timer.obj (.text:TimerIntRegister)
                  00003094    00000014                   : systick.obj (.text:SysTickEnable)
                  000030a8    00000014                   : systick.obj (.text:SysTickIntDisable)
                  000030bc    00000014                   : systick.obj (.text:SysTickIntEnable)
                  000030d0    00000012                   : gpio.obj (.text:GPIOPinTypeGPIOInput)
                  000030e2    00000012                   : timer.obj (.text:TimerLoadSet)
                  000030f4    00000010                   : interrupt.obj (.text:IntMasterEnable)
                  00003104    00000010                   : systick.obj (.text:SysTickPeriodSet)
                  00003114    0000000e                   : gpio.obj (.text:GPIOIntDisable)
                  00003122    0000000e                   : gpio.obj (.text:GPIOIntStatus)
                  00003130    0000000e                   : timer.obj (.text:TimerEnable)
                  0000313e    0000000e     rtsv7M4_T_le_v4SPD16_eabi.lib : copy_decompress_none.c.obj (.text:decompress:none:__TI_decompress_none)
                  0000314c    0000000c     driverlib.lib : cpu.obj (.text:CPUcpsie)
                  00003158    0000000c                   : gpio.obj (.text:GPIOIntEnable)
                  00003164    0000000c     rtsv7M4_T_le_v4SPD16_eabi.lib : copy_zero_init.c.obj (.text:decompress:ZI:__TI_zero_init)
                  00003170    0000000c     tm4c1231h6pm_startup_ccs.obj (.text)
                  0000317c    0000000a     driverlib.lib : timer.obj (.text:TimerIntDisable)
                  00003186    00000008                   : timer.obj (.text:TimerIntEnable)
                  0000318e    00000008     main.obj (.text)
                  00003196    00000006     driverlib.lib : gpio.obj (.text:GPIOIntClear)
                  0000319c    00000006                   : gpio.obj (.text:GPIOPinWrite)
                  000031a2    00000006                   : sysctl.obj (.text:SysCtlDelay)
                  000031a8    00000004                   : timer.obj (.text:TimerIntClear)
                  000031ac    00000004     rtsv7M4_T_le_v4SPD16_eabi.lib : pre_init.c.obj (.text:_system_pre_init)
                  000031b0    00000004                                   : exit.c.obj (.text:abort:abort)

.const     0    000031b4    00001f49     
                  000031b4    000001f8     bitmaps.obj (.const:.string:Buttons)
                  000033ac    000001f8     bitmaps.obj (.const:.string:Inst1)
                  000035a4    000001f8     bitmaps.obj (.const:.string:Inst2)
                  0000379c    000001f8     bitmaps.obj (.const:.string:Inst3)
                  00003994    000001f8     bitmaps.obj (.const:.string:Inst4)
                  00003b8c    000001f8     bitmaps.obj (.const:.string:Inst5)
                  00003d84    000001f8     bitmaps.obj (.const:.string:Inst6)
                  00003f7c    000001f8     bitmaps.obj (.const:.string:Inst7)
                  00004174    000001f8     bitmaps.obj (.const:.string:Inst8)
                  0000436c    000001f8     bitmaps.obj (.const:.string:JogoPlayer1)
                  00004564    000001f8     bitmaps.obj (.const:.string:JogoPlayer2)
                  0000475c    000001f8     bitmaps.obj (.const:.string:Menu1_full)
                  00004954    000001f8     bitmaps.obj (.const:.string:Menu2_full)
                  00004b4c    000001e5     Nokia5110.obj (.const:ASCII)
                  00004d31    00000003     --HOLE-- [fill = 0]
                  00004d34    000000d8     driverlib.lib : gpio.obj (.const:g_ppui32GPIOIntMapSnowflake)
                  00004e0c    000000c0                   : gpio.obj (.const:g_ppui32GPIOIntMapBlizzard)
                  00004ecc    0000009c                   : interrupt.obj (.const:g_pui32Regs)
                  00004f68    00000070                   : interrupt.obj (.const)
                  00004fd8    0000006c                   : sysctl.obj (.const:g_pui32Xtals)
                  00005044    00000060                   : timer.obj (.const:g_ppui32TimerIntMap)
                  000050a4    00000040                   : timer.obj (.const:g_ppui32TimerIntMapSnowflake)
                  000050e4    0000000c     Nokia5110.obj (.const:MIX_SIMBOLS)
                  000050f0    00000008     Nokia5110.obj (.const:.string:Masks)
                  000050f8    00000005     Nokia5110.obj (.const:SPECIAL_SIMBOLS)

.cinit     0    00005100    00000040     
                  00005100    0000000c     (__TI_handler_table)
                  0000510c    00000004     --HOLE-- [fill = 0]
                  00005110    00000008     (.cinit..bss.load) [load image, compression = zero_init]
                  00005118    00000008     (.cinit..vtable.load) [load image, compression = zero_init]
                  00005120    00000007     (.cinit..data.load) [load image, compression = lzss]
                  00005127    00000001     --HOLE-- [fill = 0]
                  00005128    00000018     (__TI_cinit_table)

.init_array 
*          0    00000000    00000000     UNINITIALIZED

.vtable    0    20000000    0000026c     UNINITIALIZED
                  20000000    0000026c     driverlib.lib : interrupt.obj (.vtable)

.bss       0    2000026c    00000287     UNINITIALIZED
                  2000026c    000001f8     (.common:Screen)
                  20000464    00000078     (.common:pedras)
                  200004dc    00000004     (.common:G_cursor_x)
                  200004e0    00000004     (.common:G_cursor_y)
                  200004e4    00000004     (.common:G_selec_x)
                  200004e8    00000004     (.common:G_selec_y)
                  200004ec    00000001     (.common:G_linhaInst)
                  200004ed    00000001     (.common:G_modo)
                  200004ee    00000001     (.common:G_mux)
                  200004ef    00000001     (.common:G_player)
                  200004f0    00000001     (.common:G_posmenu)
                  200004f1    00000001     (.common:G_vit)
                  200004f2    00000001     (.common:debouncer)

.data      0    200006f8    00000008     UNINITIALIZED
                  200006f8    00000008     jogo.obj (.data)

.stack     0    200004f8    00000200     UNINITIALIZED
                  200004f8    00000004     rtsv7M4_T_le_v4SPD16_eabi.lib : boot_cortex_m.c.obj (.stack)
                  200004fc    000001fc     --HOLE--

MODULE SUMMARY

       Module                         code    ro data   rw data
       ------                         ----    -------   -------
    ./
       jogo.obj                       6556    0         128    
       bitmaps.obj                    0       6552      0      
       Nokia5110.obj                  3160    510       504    
       tm4c1231h6pm_startup_ccs.obj   12      620       0      
       main.obj                       8       0         23     
    +--+------------------------------+-------+---------+---------+
       Total:                         9736    7682      655    
                                                               
    /home/thiago/ti/TivaWare_C_Series-2.1.4.178/driverlib/ccs/Debug/driverlib.lib
       interrupt.obj                  208     268       620    
       gpio.obj                       620     408       0      
       sysctl.obj                     630     108       0      
       timer.obj                      250     160       0      
       systick.obj                    104     0         0      
       cpu.obj                        12      0         0      
    +--+------------------------------+-------+---------+---------+
       Total:                         1824    944       620    
                                                               
    /home/thiago/ti/ccs910/ccs/tools/compiler/ti-cgt-arm_18.12.3.LTS/lib/rtsv7M4_T_le_v4SPD16_eabi.lib
       memcpy_t2.asm.obj              156     0         0      
       memset_t2.asm.obj              122     0         0      
       copy_decompress_lzss.c.obj     104     0         0      
       autoinit.c.obj                 68      0         0      
       boot_cortex_m.c.obj            52      0         0      
       copy_decompress_none.c.obj     14      0         0      
       copy_zero_init.c.obj           12      0         0      
       exit.c.obj                     4       0         0      
       pre_init.c.obj                 4       0         0      
    +--+------------------------------+-------+---------+---------+
       Total:                         536     0         0      
                                                               
       Stack:                         0       0         512    
       Linker Generated:              0       59        0      
    +--+------------------------------+-------+---------+---------+
       Grand Total:                   12096   8685      1787   


LINKER GENERATED COPY TABLES

__TI_cinit_table @ 00005128 records: 3, size/record: 8, table size: 24
	.bss: load addr=00005110, load size=00000008 bytes, run addr=2000026c, run size=00000287 bytes, compression=zero_init
	.vtable: load addr=00005118, load size=00000008 bytes, run addr=20000000, run size=0000026c bytes, compression=zero_init
	.data: load addr=00005120, load size=00000007 bytes, run addr=200006f8, run size=00000008 bytes, compression=lzss


LINKER GENERATED HANDLER TABLE

__TI_handler_table @ 00005100 records: 3, size/record: 4, table size: 12
	index: 0, handler: __TI_zero_init
	index: 1, handler: __TI_decompress_lzss
	index: 2, handler: __TI_decompress_none


GLOBAL SYMBOLS: SORTED ALPHABETICALLY BY Name 

address   name                          
-------   ----                          
000031b4  Buttons                       
000031b1  C$$EXIT                       
0000314d  CPUcpsie                      
00002fe1  GPIODirModeSet                
00003197  GPIOIntClear                  
00003115  GPIOIntDisable                
00003159  GPIOIntEnable                 
0000304d  GPIOIntRegister               
00003123  GPIOIntStatus                 
00002de1  GPIOIntTypeSet                
00002861  GPIOPadConfigSet              
000030d1  GPIOPinTypeGPIOInput          
00003065  GPIOPinTypeGPIOOutput         
0000319d  GPIOPinWrite                  
200004dc  G_cursor_x                    
200004e0  G_cursor_y                    
200004ec  G_linhaInst                   
200004ed  G_modo                        
200004ee  G_mux                         
200004ef  G_player                      
200004f0  G_posmenu                     
200004e4  G_selec_x                     
200004e8  G_selec_y                     
200004f1  G_vit                         
000033ac  Inst1                         
000035a4  Inst2                         
0000379c  Inst3                         
00003994  Inst4                         
00003b8c  Inst5                         
00003d84  Inst6                         
00003f7c  Inst7                         
00004174  Inst8                         
00002cb1  IntEnable                     
000030f5  IntMasterEnable               
0000300d  IntPrioritySet                
00002f45  IntRegister                   
0000436c  JogoPlayer1                   
00004564  JogoPlayer2                   
000050f0  Masks                         
0000475c  Menu1_full                    
00004954  Menu2_full                    
00002821  Nokia5110_BufferFullImage     
00002095  Nokia5110_Clear               
0000235d  Nokia5110_ClearBuffer         
00002391  Nokia5110_ClrPxl              
00002055  Nokia5110_Cursor              
00002387  Nokia5110_DisplayBuffer       
00002735  Nokia5110_DrawChar            
000020c5  Nokia5110_DrawFullImage       
0000279f  Nokia5110_DrawMix             
0000276d  Nokia5110_DrawSpecial         
00001c77  Nokia5110_Init                
000020ff  Nokia5110_MyDrawing           
00001d91  Nokia5110_OutChar             
00002617  Nokia5110_OutCharInv          
00002451  Nokia5110_OutDec              
000026ed  Nokia5110_OutSpecial          
00001dd1  Nokia5110_OutString           
000026a9  Nokia5110_OutStringInv        
00001dfd  Nokia5110_OutUDec             
00002817  Nokia5110_Padding             
00002179  Nokia5110_PrintBMP            
00002001  Nokia5110_SetCursor           
000023b7  Nokia5110_SetPxl              
000023dd  PLL_Init                      
00003171  ResetISR                      
2000026c  Screen                        
00002995  SysCtlClockGet                
00002aa5  SysCtlClockSet                
000031a3  SysCtlDelay                   
00002f79  SysCtlPeripheralEnable        
00002f0d  SysCtlPeripheralReady         
00003095  SysTickEnable                 
000030a9  SysTickIntDisable             
000030bd  SysTickIntEnable              
00003031  SysTickIntRegister            
00003105  SysTickPeriodSet              
00002d81  TimerConfigure                
00003131  TimerEnable                   
000031a9  TimerIntClear                 
0000317d  TimerIntDisable               
00003187  TimerIntEnable                
0000307d  TimerIntRegister              
000030e3  TimerLoadSet                  
200006f8  __STACK_END                   
00000200  __STACK_SIZE                  
200006f8  __STACK_TOP                   
00005128  __TI_CINIT_Base               
00005140  __TI_CINIT_Limit              
00005100  __TI_Handler_Table_Base       
0000510c  __TI_Handler_Table_Limit      
00002ec9  __TI_auto_init_nobinit_nopinit
00002d19  __TI_decompress_lzss          
0000313f  __TI_decompress_none          
ffffffff  __TI_pprof_out_hndl           
ffffffff  __TI_prof_data_size           
ffffffff  __TI_prof_data_start          
00000000  __TI_static_base__            
00003165  __TI_zero_init                
00002c35  __aeabi_memclr                
00002c35  __aeabi_memclr4               
00002c35  __aeabi_memclr8               
00002b99  __aeabi_memcpy                
00002b99  __aeabi_memcpy4               
00002b99  __aeabi_memcpy8               
00002c37  __aeabi_memset                
00002c37  __aeabi_memset4               
00002c37  __aeabi_memset8               
ffffffff  __binit__                     
ffffffff  __c_args__                    
UNDEFED   __mpu_init                    
200004f8  __stack                       
00002fad  _c_int00_noargs               
UNDEFED   _system_post_cinit            
000031ad  _system_pre_init              
000031b1  abort                         
ffffffff  binit                         
200004f2  debouncer                     
20000000  g_pfnRAMVectors               
00000000  g_pfnVectors                  
0000318f  main                          
00002b99  memcpy                        
00002c3d  memset                        
20000464  pedras                        
0000026d  start                         
00000561  trataGPIOF                    
00000859  trataSysTick                  
000004df  trataTimer0                   


GLOBAL SYMBOLS: SORTED BY Symbol Address 

address   name                          
-------   ----                          
00000000  __TI_static_base__            
00000000  g_pfnVectors                  
00000200  __STACK_SIZE                  
0000026d  start                         
000004df  trataTimer0                   
00000561  trataGPIOF                    
00000859  trataSysTick                  
00001c77  Nokia5110_Init                
00001d91  Nokia5110_OutChar             
00001dd1  Nokia5110_OutString           
00001dfd  Nokia5110_OutUDec             
00002001  Nokia5110_SetCursor           
00002055  Nokia5110_Cursor              
00002095  Nokia5110_Clear               
000020c5  Nokia5110_DrawFullImage       
000020ff  Nokia5110_MyDrawing           
00002179  Nokia5110_PrintBMP            
0000235d  Nokia5110_ClearBuffer         
00002387  Nokia5110_DisplayBuffer       
00002391  Nokia5110_ClrPxl              
000023b7  Nokia5110_SetPxl              
000023dd  PLL_Init                      
00002451  Nokia5110_OutDec              
00002617  Nokia5110_OutCharInv          
000026a9  Nokia5110_OutStringInv        
000026ed  Nokia5110_OutSpecial          
00002735  Nokia5110_DrawChar            
0000276d  Nokia5110_DrawSpecial         
0000279f  Nokia5110_DrawMix             
00002817  Nokia5110_Padding             
00002821  Nokia5110_BufferFullImage     
00002861  GPIOPadConfigSet              
00002995  SysCtlClockGet                
00002aa5  SysCtlClockSet                
00002b99  __aeabi_memcpy                
00002b99  __aeabi_memcpy4               
00002b99  __aeabi_memcpy8               
00002b99  memcpy                        
00002c35  __aeabi_memclr                
00002c35  __aeabi_memclr4               
00002c35  __aeabi_memclr8               
00002c37  __aeabi_memset                
00002c37  __aeabi_memset4               
00002c37  __aeabi_memset8               
00002c3d  memset                        
00002cb1  IntEnable                     
00002d19  __TI_decompress_lzss          
00002d81  TimerConfigure                
00002de1  GPIOIntTypeSet                
00002ec9  __TI_auto_init_nobinit_nopinit
00002f0d  SysCtlPeripheralReady         
00002f45  IntRegister                   
00002f79  SysCtlPeripheralEnable        
00002fad  _c_int00_noargs               
00002fe1  GPIODirModeSet                
0000300d  IntPrioritySet                
00003031  SysTickIntRegister            
0000304d  GPIOIntRegister               
00003065  GPIOPinTypeGPIOOutput         
0000307d  TimerIntRegister              
00003095  SysTickEnable                 
000030a9  SysTickIntDisable             
000030bd  SysTickIntEnable              
000030d1  GPIOPinTypeGPIOInput          
000030e3  TimerLoadSet                  
000030f5  IntMasterEnable               
00003105  SysTickPeriodSet              
00003115  GPIOIntDisable                
00003123  GPIOIntStatus                 
00003131  TimerEnable                   
0000313f  __TI_decompress_none          
0000314d  CPUcpsie                      
00003159  GPIOIntEnable                 
00003165  __TI_zero_init                
00003171  ResetISR                      
0000317d  TimerIntDisable               
00003187  TimerIntEnable                
0000318f  main                          
00003197  GPIOIntClear                  
0000319d  GPIOPinWrite                  
000031a3  SysCtlDelay                   
000031a9  TimerIntClear                 
000031ad  _system_pre_init              
000031b1  C$$EXIT                       
000031b1  abort                         
000031b4  Buttons                       
000033ac  Inst1                         
000035a4  Inst2                         
0000379c  Inst3                         
00003994  Inst4                         
00003b8c  Inst5                         
00003d84  Inst6                         
00003f7c  Inst7                         
00004174  Inst8                         
0000436c  JogoPlayer1                   
00004564  JogoPlayer2                   
0000475c  Menu1_full                    
00004954  Menu2_full                    
000050f0  Masks                         
00005100  __TI_Handler_Table_Base       
0000510c  __TI_Handler_Table_Limit      
00005128  __TI_CINIT_Base               
00005140  __TI_CINIT_Limit              
20000000  g_pfnRAMVectors               
2000026c  Screen                        
20000464  pedras                        
200004dc  G_cursor_x                    
200004e0  G_cursor_y                    
200004e4  G_selec_x                     
200004e8  G_selec_y                     
200004ec  G_linhaInst                   
200004ed  G_modo                        
200004ee  G_mux                         
200004ef  G_player                      
200004f0  G_posmenu                     
200004f1  G_vit                         
200004f2  debouncer                     
200004f8  __stack                       
200006f8  __STACK_END                   
200006f8  __STACK_TOP                   
ffffffff  __TI_pprof_out_hndl           
ffffffff  __TI_prof_data_size           
ffffffff  __TI_prof_data_start          
ffffffff  __binit__                     
ffffffff  __c_args__                    
ffffffff  binit                         
UNDEFED   __mpu_init                    
UNDEFED   _system_post_cinit            

[128 symbols]
