<?xml version="1.0" encoding="ISO-8859-1" ?>
<link_info>
   <banner>TI ARM Linker Unix v18.12.3.LTS</banner>
   <copyright>Copyright (c) 1996-2018 Texas Instruments Incorporated</copyright>
   <link_time>0x5dd98f58</link_time>
   <link_errors>0x0</link_errors>
   <output_file>Jogo.out</output_file>
   <entry_point>
      <name>_c_int00_noargs</name>
      <address>0x2fad</address>
   </entry_point>
   <input_file_list>
      <input_file id="fl-1">
         <path>./</path>
         <kind>object</kind>
         <file>Nokia5110.obj</file>
         <name>Nokia5110.obj</name>
      </input_file>
      <input_file id="fl-2">
         <path>./</path>
         <kind>object</kind>
         <file>bitmaps.obj</file>
         <name>bitmaps.obj</name>
      </input_file>
      <input_file id="fl-3">
         <path>./</path>
         <kind>object</kind>
         <file>jogo.obj</file>
         <name>jogo.obj</name>
      </input_file>
      <input_file id="fl-4">
         <path>./</path>
         <kind>object</kind>
         <file>main.obj</file>
         <name>main.obj</name>
      </input_file>
      <input_file id="fl-5">
         <path>./</path>
         <kind>object</kind>
         <file>tm4c1231h6pm_startup_ccs.obj</file>
         <name>tm4c1231h6pm_startup_ccs.obj</name>
      </input_file>
      <input_file id="fl-a">
         <kind>object</kind>
         <file>&lt;internal&gt;</file>
         <name>&lt;internal&gt;</name>
      </input_file>
      <input_file id="fl-b">
         <path>/home/thiago/ti/TivaWare_C_Series-2.1.4.178/driverlib/ccs/Debug/</path>
         <kind>archive</kind>
         <file>driverlib.lib</file>
         <name>gpio.obj</name>
      </input_file>
      <input_file id="fl-c">
         <path>/home/thiago/ti/TivaWare_C_Series-2.1.4.178/driverlib/ccs/Debug/</path>
         <kind>archive</kind>
         <file>driverlib.lib</file>
         <name>interrupt.obj</name>
      </input_file>
      <input_file id="fl-d">
         <path>/home/thiago/ti/TivaWare_C_Series-2.1.4.178/driverlib/ccs/Debug/</path>
         <kind>archive</kind>
         <file>driverlib.lib</file>
         <name>sysctl.obj</name>
      </input_file>
      <input_file id="fl-e">
         <path>/home/thiago/ti/TivaWare_C_Series-2.1.4.178/driverlib/ccs/Debug/</path>
         <kind>archive</kind>
         <file>driverlib.lib</file>
         <name>systick.obj</name>
      </input_file>
      <input_file id="fl-f">
         <path>/home/thiago/ti/TivaWare_C_Series-2.1.4.178/driverlib/ccs/Debug/</path>
         <kind>archive</kind>
         <file>driverlib.lib</file>
         <name>timer.obj</name>
      </input_file>
      <input_file id="fl-10">
         <path>/home/thiago/ti/TivaWare_C_Series-2.1.4.178/driverlib/ccs/Debug/</path>
         <kind>archive</kind>
         <file>driverlib.lib</file>
         <name>cpu.obj</name>
      </input_file>
      <input_file id="fl-c6">
         <path>/home/thiago/ti/ccs910/ccs/tools/compiler/ti-cgt-arm_18.12.3.LTS/lib/</path>
         <kind>archive</kind>
         <file>rtsv7M4_T_le_v4SPD16_eabi.lib</file>
         <name>copy_zero_init.c.obj</name>
      </input_file>
      <input_file id="fl-c7">
         <path>/home/thiago/ti/ccs910/ccs/tools/compiler/ti-cgt-arm_18.12.3.LTS/lib/</path>
         <kind>archive</kind>
         <file>rtsv7M4_T_le_v4SPD16_eabi.lib</file>
         <name>copy_decompress_none.c.obj</name>
      </input_file>
      <input_file id="fl-c8">
         <path>/home/thiago/ti/ccs910/ccs/tools/compiler/ti-cgt-arm_18.12.3.LTS/lib/</path>
         <kind>archive</kind>
         <file>rtsv7M4_T_le_v4SPD16_eabi.lib</file>
         <name>copy_decompress_lzss.c.obj</name>
      </input_file>
      <input_file id="fl-c9">
         <path>/home/thiago/ti/ccs910/ccs/tools/compiler/ti-cgt-arm_18.12.3.LTS/lib/</path>
         <kind>archive</kind>
         <file>rtsv7M4_T_le_v4SPD16_eabi.lib</file>
         <name>boot_cortex_m.c.obj</name>
      </input_file>
      <input_file id="fl-ca">
         <path>/home/thiago/ti/ccs910/ccs/tools/compiler/ti-cgt-arm_18.12.3.LTS/lib/</path>
         <kind>archive</kind>
         <file>rtsv7M4_T_le_v4SPD16_eabi.lib</file>
         <name>memset_t2.asm.obj</name>
      </input_file>
      <input_file id="fl-cb">
         <path>/home/thiago/ti/ccs910/ccs/tools/compiler/ti-cgt-arm_18.12.3.LTS/lib/</path>
         <kind>archive</kind>
         <file>rtsv7M4_T_le_v4SPD16_eabi.lib</file>
         <name>memcpy_t2.asm.obj</name>
      </input_file>
      <input_file id="fl-cc">
         <path>/home/thiago/ti/ccs910/ccs/tools/compiler/ti-cgt-arm_18.12.3.LTS/lib/</path>
         <kind>archive</kind>
         <file>rtsv7M4_T_le_v4SPD16_eabi.lib</file>
         <name>autoinit.c.obj</name>
      </input_file>
      <input_file id="fl-cd">
         <path>/home/thiago/ti/ccs910/ccs/tools/compiler/ti-cgt-arm_18.12.3.LTS/lib/</path>
         <kind>archive</kind>
         <file>rtsv7M4_T_le_v4SPD16_eabi.lib</file>
         <name>pre_init.c.obj</name>
      </input_file>
      <input_file id="fl-ce">
         <path>/home/thiago/ti/ccs910/ccs/tools/compiler/ti-cgt-arm_18.12.3.LTS/lib/</path>
         <kind>archive</kind>
         <file>rtsv7M4_T_le_v4SPD16_eabi.lib</file>
         <name>cpy_tbl.c.obj</name>
      </input_file>
      <input_file id="fl-cf">
         <path>/home/thiago/ti/ccs910/ccs/tools/compiler/ti-cgt-arm_18.12.3.LTS/lib/</path>
         <kind>archive</kind>
         <file>rtsv7M4_T_le_v4SPD16_eabi.lib</file>
         <name>exit.c.obj</name>
      </input_file>
      <input_file id="fl-d0">
         <path>/home/thiago/ti/ccs910/ccs/tools/compiler/ti-cgt-arm_18.12.3.LTS/lib/</path>
         <kind>archive</kind>
         <file>rtsv7M4_T_le_v4SPD16_eabi.lib</file>
         <name>_lock.c.obj</name>
      </input_file>
      <input_file id="fl-d1">
         <path>/home/thiago/ti/ccs910/ccs/tools/compiler/ti-cgt-arm_18.12.3.LTS/lib/</path>
         <kind>archive</kind>
         <file>rtsv7M4_T_le_v4SPD16_eabi.lib</file>
         <name>args_main.c.obj</name>
      </input_file>
   </input_file_list>
   <object_component_list>
      <object_component id="oc-f">
         <name>.intvecs</name>
         <load_address>0x0</load_address>
         <run_address>0x0</run_address>
         <size>0x26c</size>
         <input_file_ref idref="fl-5"/>
      </object_component>
      <object_component id="oc-c1">
         <name>.text</name>
         <load_address>0x26c</load_address>
         <run_address>0x26c</run_address>
         <size>0x199c</size>
         <input_file_ref idref="fl-3"/>
      </object_component>
      <object_component id="oc-113">
         <name>.text</name>
         <load_address>0x1c08</load_address>
         <run_address>0x1c08</run_address>
         <size>0xc58</size>
         <input_file_ref idref="fl-1"/>
      </object_component>
      <object_component id="oc-1a3">
         <name>.text:GPIOPadConfigSet</name>
         <load_address>0x2860</load_address>
         <run_address>0x2860</run_address>
         <size>0x132</size>
         <input_file_ref idref="fl-b"/>
      </object_component>
      <object_component id="oc-14f">
         <name>.text:SysCtlClockGet</name>
         <load_address>0x2994</load_address>
         <run_address>0x2994</run_address>
         <size>0x110</size>
         <input_file_ref idref="fl-d"/>
      </object_component>
      <object_component id="oc-10d">
         <name>.text:SysCtlClockSet</name>
         <load_address>0x2aa4</load_address>
         <run_address>0x2aa4</run_address>
         <size>0xf4</size>
         <input_file_ref idref="fl-d"/>
      </object_component>
      <object_component id="oc-38">
         <name>.text</name>
         <load_address>0x2b98</load_address>
         <run_address>0x2b98</run_address>
         <size>0x9c</size>
         <input_file_ref idref="fl-cb"/>
      </object_component>
      <object_component id="oc-8c">
         <name>.text</name>
         <load_address>0x2c34</load_address>
         <run_address>0x2c34</run_address>
         <size>0x7a</size>
         <input_file_ref idref="fl-ca"/>
      </object_component>
      <object_component id="oc-240">
         <name>.text:IntEnable</name>
         <load_address>0x2cb0</load_address>
         <run_address>0x2cb0</run_address>
         <size>0x68</size>
         <input_file_ref idref="fl-c"/>
      </object_component>
      <object_component id="oc-12">
         <name>.text:decompress:lzss:__TI_decompress_lzss</name>
         <load_address>0x2d18</load_address>
         <run_address>0x2d18</run_address>
         <size>0x68</size>
         <input_file_ref idref="fl-c8"/>
      </object_component>
      <object_component id="oc-15b">
         <name>.text:TimerConfigure</name>
         <load_address>0x2d80</load_address>
         <run_address>0x2d80</run_address>
         <size>0x60</size>
         <input_file_ref idref="fl-f"/>
      </object_component>
      <object_component id="oc-13d">
         <name>.text:GPIOIntTypeSet</name>
         <load_address>0x2de0</load_address>
         <run_address>0x2de0</run_address>
         <size>0x56</size>
         <input_file_ref idref="fl-b"/>
      </object_component>
      <object_component id="oc-25d">
         <name>.text:_TimerIntNumberGet</name>
         <load_address>0x2e38</load_address>
         <run_address>0x2e38</run_address>
         <size>0x4c</size>
         <input_file_ref idref="fl-f"/>
      </object_component>
      <object_component id="oc-234">
         <name>.text:_GPIOIntNumberGet</name>
         <load_address>0x2e84</load_address>
         <run_address>0x2e84</run_address>
         <size>0x44</size>
         <input_file_ref idref="fl-b"/>
      </object_component>
      <object_component id="oc-d9">
         <name>.text:__TI_auto_init_nobinit_nopinit:__TI_auto_init_nobinit_nopinit</name>
         <load_address>0x2ec8</load_address>
         <run_address>0x2ec8</run_address>
         <size>0x44</size>
         <input_file_ref idref="fl-cc"/>
      </object_component>
      <object_component id="oc-11f">
         <name>.text:SysCtlPeripheralReady</name>
         <load_address>0x2f0c</load_address>
         <run_address>0x2f0c</run_address>
         <size>0x38</size>
         <input_file_ref idref="fl-d"/>
      </object_component>
      <object_component id="oc-23a">
         <name>.text:IntRegister</name>
         <load_address>0x2f44</load_address>
         <run_address>0x2f44</run_address>
         <size>0x34</size>
         <input_file_ref idref="fl-c"/>
      </object_component>
      <object_component id="oc-119">
         <name>.text:SysCtlPeripheralEnable</name>
         <load_address>0x2f78</load_address>
         <run_address>0x2f78</run_address>
         <size>0x34</size>
         <input_file_ref idref="fl-d"/>
      </object_component>
      <object_component id="oc-56">
         <name>.text:_c_int00_noargs:_c_int00_noargs</name>
         <load_address>0x2fac</load_address>
         <run_address>0x2fac</run_address>
         <size>0x34</size>
         <input_file_ref idref="fl-c9"/>
      </object_component>
      <object_component id="oc-26c">
         <name>.text:GPIODirModeSet</name>
         <load_address>0x2fe0</load_address>
         <run_address>0x2fe0</run_address>
         <size>0x2a</size>
         <input_file_ref idref="fl-b"/>
      </object_component>
      <object_component id="oc-137">
         <name>.text:IntPrioritySet</name>
         <load_address>0x300c</load_address>
         <run_address>0x300c</run_address>
         <size>0x24</size>
         <input_file_ref idref="fl-c"/>
      </object_component>
      <object_component id="oc-185">
         <name>.text:SysTickIntRegister</name>
         <load_address>0x3030</load_address>
         <run_address>0x3030</run_address>
         <size>0x1c</size>
         <input_file_ref idref="fl-e"/>
      </object_component>
      <object_component id="oc-131">
         <name>.text:GPIOIntRegister</name>
         <load_address>0x304c</load_address>
         <run_address>0x304c</run_address>
         <size>0x18</size>
         <input_file_ref idref="fl-b"/>
      </object_component>
      <object_component id="oc-197">
         <name>.text:GPIOPinTypeGPIOOutput</name>
         <load_address>0x3064</load_address>
         <run_address>0x3064</run_address>
         <size>0x18</size>
         <input_file_ref idref="fl-b"/>
      </object_component>
      <object_component id="oc-167">
         <name>.text:TimerIntRegister</name>
         <load_address>0x307c</load_address>
         <run_address>0x307c</run_address>
         <size>0x18</size>
         <input_file_ref idref="fl-f"/>
      </object_component>
      <object_component id="oc-191">
         <name>.text:SysTickEnable</name>
         <load_address>0x3094</load_address>
         <run_address>0x3094</run_address>
         <size>0x14</size>
         <input_file_ref idref="fl-e"/>
      </object_component>
      <object_component id="oc-179">
         <name>.text:SysTickIntDisable</name>
         <load_address>0x30a8</load_address>
         <run_address>0x30a8</run_address>
         <size>0x14</size>
         <input_file_ref idref="fl-e"/>
      </object_component>
      <object_component id="oc-18b">
         <name>.text:SysTickIntEnable</name>
         <load_address>0x30bc</load_address>
         <run_address>0x30bc</run_address>
         <size>0x14</size>
         <input_file_ref idref="fl-e"/>
      </object_component>
      <object_component id="oc-19d">
         <name>.text:GPIOPinTypeGPIOInput</name>
         <load_address>0x30d0</load_address>
         <run_address>0x30d0</run_address>
         <size>0x12</size>
         <input_file_ref idref="fl-b"/>
      </object_component>
      <object_component id="oc-161">
         <name>.text:TimerLoadSet</name>
         <load_address>0x30e2</load_address>
         <run_address>0x30e2</run_address>
         <size>0x12</size>
         <input_file_ref idref="fl-f"/>
      </object_component>
      <object_component id="oc-149">
         <name>.text:IntMasterEnable</name>
         <load_address>0x30f4</load_address>
         <run_address>0x30f4</run_address>
         <size>0x10</size>
         <input_file_ref idref="fl-c"/>
      </object_component>
      <object_component id="oc-17f">
         <name>.text:SysTickPeriodSet</name>
         <load_address>0x3104</load_address>
         <run_address>0x3104</run_address>
         <size>0x10</size>
         <input_file_ref idref="fl-e"/>
      </object_component>
      <object_component id="oc-125">
         <name>.text:GPIOIntDisable</name>
         <load_address>0x3114</load_address>
         <run_address>0x3114</run_address>
         <size>0xe</size>
         <input_file_ref idref="fl-b"/>
      </object_component>
      <object_component id="oc-1dd">
         <name>.text:GPIOIntStatus</name>
         <load_address>0x3122</load_address>
         <run_address>0x3122</run_address>
         <size>0xe</size>
         <input_file_ref idref="fl-b"/>
      </object_component>
      <object_component id="oc-173">
         <name>.text:TimerEnable</name>
         <load_address>0x3130</load_address>
         <run_address>0x3130</run_address>
         <size>0xe</size>
         <input_file_ref idref="fl-f"/>
      </object_component>
      <object_component id="oc-18">
         <name>.text:decompress:none:__TI_decompress_none</name>
         <load_address>0x313e</load_address>
         <run_address>0x313e</run_address>
         <size>0xe</size>
         <input_file_ref idref="fl-c7"/>
      </object_component>
      <object_component id="oc-24e">
         <name>.text:CPUcpsie</name>
         <load_address>0x314c</load_address>
         <run_address>0x314c</run_address>
         <size>0xc</size>
         <input_file_ref idref="fl-10"/>
      </object_component>
      <object_component id="oc-143">
         <name>.text:GPIOIntEnable</name>
         <load_address>0x3158</load_address>
         <run_address>0x3158</run_address>
         <size>0xc</size>
         <input_file_ref idref="fl-b"/>
      </object_component>
      <object_component id="oc-4a">
         <name>.text:decompress:ZI:__TI_zero_init</name>
         <load_address>0x3164</load_address>
         <run_address>0x3164</run_address>
         <size>0xc</size>
         <input_file_ref idref="fl-c6"/>
      </object_component>
      <object_component id="oc-24">
         <name>.text</name>
         <load_address>0x3170</load_address>
         <run_address>0x3170</run_address>
         <size>0xc</size>
         <input_file_ref idref="fl-5"/>
      </object_component>
      <object_component id="oc-155">
         <name>.text:TimerIntDisable</name>
         <load_address>0x317c</load_address>
         <run_address>0x317c</run_address>
         <size>0xa</size>
         <input_file_ref idref="fl-f"/>
      </object_component>
      <object_component id="oc-16d">
         <name>.text:TimerIntEnable</name>
         <load_address>0x3186</load_address>
         <run_address>0x3186</run_address>
         <size>0x8</size>
         <input_file_ref idref="fl-f"/>
      </object_component>
      <object_component id="oc-98">
         <name>.text</name>
         <load_address>0x318e</load_address>
         <run_address>0x318e</run_address>
         <size>0x8</size>
         <input_file_ref idref="fl-4"/>
      </object_component>
      <object_component id="oc-12b">
         <name>.text:GPIOIntClear</name>
         <load_address>0x3196</load_address>
         <run_address>0x3196</run_address>
         <size>0x6</size>
         <input_file_ref idref="fl-b"/>
      </object_component>
      <object_component id="oc-1a9">
         <name>.text:GPIOPinWrite</name>
         <load_address>0x319c</load_address>
         <run_address>0x319c</run_address>
         <size>0x6</size>
         <input_file_ref idref="fl-b"/>
      </object_component>
      <object_component id="oc-214">
         <name>.text:SysCtlDelay</name>
         <load_address>0x31a2</load_address>
         <run_address>0x31a2</run_address>
         <size>0x6</size>
         <input_file_ref idref="fl-d"/>
      </object_component>
      <object_component id="oc-1af">
         <name>.text:TimerIntClear</name>
         <load_address>0x31a8</load_address>
         <run_address>0x31a8</run_address>
         <size>0x4</size>
         <input_file_ref idref="fl-f"/>
      </object_component>
      <object_component id="oc-92">
         <name>.text:_system_pre_init</name>
         <load_address>0x31ac</load_address>
         <run_address>0x31ac</run_address>
         <size>0x4</size>
         <input_file_ref idref="fl-cd"/>
      </object_component>
      <object_component id="oc-cd">
         <name>.text:abort:abort</name>
         <load_address>0x31b0</load_address>
         <run_address>0x31b0</run_address>
         <size>0x4</size>
         <input_file_ref idref="fl-cf"/>
      </object_component>
      <object_component id="oc-1c2">
         <name>.const:.string:Buttons</name>
         <load_address>0x31b4</load_address>
         <run_address>0x31b4</run_address>
         <size>0x1f8</size>
         <input_file_ref idref="fl-2"/>
      </object_component>
      <object_component id="oc-1c5">
         <name>.const:.string:Inst1</name>
         <load_address>0x33ac</load_address>
         <run_address>0x33ac</run_address>
         <size>0x1f8</size>
         <input_file_ref idref="fl-2"/>
      </object_component>
      <object_component id="oc-1c8">
         <name>.const:.string:Inst2</name>
         <load_address>0x35a4</load_address>
         <run_address>0x35a4</run_address>
         <size>0x1f8</size>
         <input_file_ref idref="fl-2"/>
      </object_component>
      <object_component id="oc-1cb">
         <name>.const:.string:Inst3</name>
         <load_address>0x379c</load_address>
         <run_address>0x379c</run_address>
         <size>0x1f8</size>
         <input_file_ref idref="fl-2"/>
      </object_component>
      <object_component id="oc-1ce">
         <name>.const:.string:Inst4</name>
         <load_address>0x3994</load_address>
         <run_address>0x3994</run_address>
         <size>0x1f8</size>
         <input_file_ref idref="fl-2"/>
      </object_component>
      <object_component id="oc-1d1">
         <name>.const:.string:Inst5</name>
         <load_address>0x3b8c</load_address>
         <run_address>0x3b8c</run_address>
         <size>0x1f8</size>
         <input_file_ref idref="fl-2"/>
      </object_component>
      <object_component id="oc-1d4">
         <name>.const:.string:Inst6</name>
         <load_address>0x3d84</load_address>
         <run_address>0x3d84</run_address>
         <size>0x1f8</size>
         <input_file_ref idref="fl-2"/>
      </object_component>
      <object_component id="oc-1d7">
         <name>.const:.string:Inst7</name>
         <load_address>0x3f7c</load_address>
         <run_address>0x3f7c</run_address>
         <size>0x1f8</size>
         <input_file_ref idref="fl-2"/>
      </object_component>
      <object_component id="oc-1da">
         <name>.const:.string:Inst8</name>
         <load_address>0x4174</load_address>
         <run_address>0x4174</run_address>
         <size>0x1f8</size>
         <input_file_ref idref="fl-2"/>
      </object_component>
      <object_component id="oc-1ec">
         <name>.const:.string:JogoPlayer1</name>
         <load_address>0x436c</load_address>
         <run_address>0x436c</run_address>
         <size>0x1f8</size>
         <input_file_ref idref="fl-2"/>
      </object_component>
      <object_component id="oc-1ef">
         <name>.const:.string:JogoPlayer2</name>
         <load_address>0x4564</load_address>
         <run_address>0x4564</run_address>
         <size>0x1f8</size>
         <input_file_ref idref="fl-2"/>
      </object_component>
      <object_component id="oc-1bc">
         <name>.const:.string:Menu1_full</name>
         <load_address>0x475c</load_address>
         <run_address>0x475c</run_address>
         <size>0x1f8</size>
         <input_file_ref idref="fl-2"/>
      </object_component>
      <object_component id="oc-1bf">
         <name>.const:.string:Menu2_full</name>
         <load_address>0x4954</load_address>
         <run_address>0x4954</run_address>
         <size>0x1f8</size>
         <input_file_ref idref="fl-2"/>
      </object_component>
      <object_component id="oc-21c">
         <name>.const:ASCII</name>
         <load_address>0x4b4c</load_address>
         <run_address>0x4b4c</run_address>
         <size>0x1e5</size>
         <input_file_ref idref="fl-1"/>
      </object_component>
      <object_component id="oc-2d6">
         <name>.const:g_ppui32GPIOIntMapSnowflake</name>
         <load_address>0x4d34</load_address>
         <run_address>0x4d34</run_address>
         <size>0xd8</size>
         <input_file_ref idref="fl-b"/>
      </object_component>
      <object_component id="oc-2d3">
         <name>.const:g_ppui32GPIOIntMapBlizzard</name>
         <load_address>0x4e0c</load_address>
         <run_address>0x4e0c</run_address>
         <size>0xc0</size>
         <input_file_ref idref="fl-b"/>
      </object_component>
      <object_component id="oc-247">
         <name>.const:g_pui32Regs</name>
         <load_address>0x4ecc</load_address>
         <run_address>0x4ecc</run_address>
         <size>0x9c</size>
         <input_file_ref idref="fl-c"/>
      </object_component>
      <object_component id="oc-2de">
         <name>.const</name>
         <load_address>0x4f68</load_address>
         <run_address>0x4f68</run_address>
         <size>0x70</size>
         <input_file_ref idref="fl-c"/>
      </object_component>
      <object_component id="oc-255">
         <name>.const:g_pui32Xtals</name>
         <load_address>0x4fd8</load_address>
         <run_address>0x4fd8</run_address>
         <size>0x6c</size>
         <input_file_ref idref="fl-d"/>
      </object_component>
      <object_component id="oc-2eb">
         <name>.const:g_ppui32TimerIntMap</name>
         <load_address>0x5044</load_address>
         <run_address>0x5044</run_address>
         <size>0x60</size>
         <input_file_ref idref="fl-f"/>
      </object_component>
      <object_component id="oc-2ee">
         <name>.const:g_ppui32TimerIntMapSnowflake</name>
         <load_address>0x50a4</load_address>
         <run_address>0x50a4</run_address>
         <size>0x40</size>
         <input_file_ref idref="fl-f"/>
      </object_component>
      <object_component id="oc-226">
         <name>.const:MIX_SIMBOLS</name>
         <load_address>0x50e4</load_address>
         <run_address>0x50e4</run_address>
         <size>0xc</size>
         <input_file_ref idref="fl-1"/>
      </object_component>
      <object_component id="oc-220">
         <name>.const:.string:Masks</name>
         <load_address>0x50f0</load_address>
         <run_address>0x50f0</run_address>
         <size>0x8</size>
         <input_file_ref idref="fl-1"/>
      </object_component>
      <object_component id="oc-223">
         <name>.const:SPECIAL_SIMBOLS</name>
         <load_address>0x50f8</load_address>
         <run_address>0x50f8</run_address>
         <size>0x5</size>
         <input_file_ref idref="fl-1"/>
      </object_component>
      <object_component id="oc-339">
         <name>__TI_handler_table</name>
         <load_address>0x5100</load_address>
         <run_address>0x5100</run_address>
         <size>0xc</size>
      </object_component>
      <object_component id="oc-33d">
         <name>.cinit..bss.load</name>
         <load_address>0x5110</load_address>
         <run_address>0x5110</run_address>
         <size>0x8</size>
      </object_component>
      <object_component id="oc-33b">
         <name>.cinit..vtable.load</name>
         <load_address>0x5118</load_address>
         <run_address>0x5118</run_address>
         <size>0x8</size>
      </object_component>
      <object_component id="oc-33c">
         <name>.cinit..data.load</name>
         <load_address>0x5120</load_address>
         <run_address>0x5120</run_address>
         <size>0x7</size>
      </object_component>
      <object_component id="oc-33a">
         <name>__TI_cinit_table</name>
         <load_address>0x5128</load_address>
         <run_address>0x5128</run_address>
         <size>0x18</size>
      </object_component>
      <object_component id="oc-2da">
         <name>.vtable</name>
         <uninitialized>true</uninitialized>
         <run_address>0x20000000</run_address>
         <size>0x26c</size>
         <input_file_ref idref="fl-c"/>
      </object_component>
      <object_component id="oc-1f2">
         <name>.data</name>
         <load_address>0x200006f8</load_address>
         <run_address>0x200006f8</run_address>
         <size>0x8</size>
         <input_file_ref idref="fl-3"/>
      </object_component>
      <object_component id="oc-21f">
         <name>.common:Screen</name>
         <uninitialized>true</uninitialized>
         <run_address>0x2000026c</run_address>
         <size>0x1f8</size>
      </object_component>
      <object_component id="oc-1e9">
         <name>.common:pedras</name>
         <uninitialized>true</uninitialized>
         <run_address>0x20000464</run_address>
         <size>0x78</size>
      </object_component>
      <object_component id="oc-1b5">
         <name>.common:G_posmenu</name>
         <uninitialized>true</uninitialized>
         <run_address>0x200004f0</run_address>
         <size>0x1</size>
      </object_component>
      <object_component id="oc-1b8">
         <name>.common:G_modo</name>
         <uninitialized>true</uninitialized>
         <run_address>0x200004ed</run_address>
         <size>0x1</size>
      </object_component>
      <object_component id="oc-1b9">
         <name>.common:G_linhaInst</name>
         <uninitialized>true</uninitialized>
         <run_address>0x200004ec</run_address>
         <size>0x1</size>
      </object_component>
      <object_component id="oc-1bb">
         <name>.common:G_vit</name>
         <uninitialized>true</uninitialized>
         <run_address>0x200004f1</run_address>
         <size>0x1</size>
      </object_component>
      <object_component id="oc-1e8">
         <name>.common:G_player</name>
         <uninitialized>true</uninitialized>
         <run_address>0x200004ef</run_address>
         <size>0x1</size>
      </object_component>
      <object_component id="oc-1e4">
         <name>.common:G_mux</name>
         <uninitialized>true</uninitialized>
         <run_address>0x200004ee</run_address>
         <size>0x1</size>
      </object_component>
      <object_component id="oc-1e5">
         <name>.common:debouncer</name>
         <uninitialized>true</uninitialized>
         <run_address>0x200004f2</run_address>
         <size>0x1</size>
      </object_component>
      <object_component id="oc-1e6">
         <name>.common:G_selec_x</name>
         <uninitialized>true</uninitialized>
         <run_address>0x200004e4</run_address>
         <size>0x4</size>
      </object_component>
      <object_component id="oc-1e7">
         <name>.common:G_selec_y</name>
         <uninitialized>true</uninitialized>
         <run_address>0x200004e8</run_address>
         <size>0x4</size>
      </object_component>
      <object_component id="oc-1e3">
         <name>.common:G_cursor_x</name>
         <uninitialized>true</uninitialized>
         <run_address>0x200004dc</run_address>
         <size>0x4</size>
      </object_component>
      <object_component id="oc-1ba">
         <name>.common:G_cursor_y</name>
         <uninitialized>true</uninitialized>
         <run_address>0x200004e0</run_address>
         <size>0x4</size>
      </object_component>
      <object_component id="oc-21">
         <name>.stack</name>
         <uninitialized>true</uninitialized>
         <run_address>0x200004f8</run_address>
         <size>0x4</size>
         <input_file_ref idref="fl-c9"/>
      </object_component>
      <object_component id="oc-33e">
         <name>.stack</name>
         <uninitialized>true</uninitialized>
         <run_address>0x200004f8</run_address>
         <size>0x0</size>
      </object_component>
      <object_component id="oc-af">
         <name>.debug_info</name>
         <load_address>0x0</load_address>
         <run_address>0x0</run_address>
         <size>0x2fa</size>
         <input_file_ref idref="fl-1"/>
      </object_component>
      <object_component id="oc-221">
         <name>.debug_info</name>
         <load_address>0x2fa</load_address>
         <run_address>0x2fa</run_address>
         <size>0xc6</size>
         <input_file_ref idref="fl-1"/>
      </object_component>
      <object_component id="oc-21d">
         <name>.debug_info</name>
         <load_address>0x3c0</load_address>
         <run_address>0x3c0</run_address>
         <size>0xc5</size>
         <input_file_ref idref="fl-1"/>
      </object_component>
      <object_component id="oc-224">
         <name>.debug_info</name>
         <load_address>0x485</load_address>
         <run_address>0x485</run_address>
         <size>0xd9</size>
         <input_file_ref idref="fl-1"/>
      </object_component>
      <object_component id="oc-227">
         <name>.debug_info</name>
         <load_address>0x55e</load_address>
         <run_address>0x55e</run_address>
         <size>0xd1</size>
         <input_file_ref idref="fl-1"/>
      </object_component>
      <object_component id="oc-114">
         <name>.debug_info</name>
         <load_address>0x62f</load_address>
         <run_address>0x62f</run_address>
         <size>0x1682</size>
         <input_file_ref idref="fl-1"/>
      </object_component>
      <object_component id="oc-6d">
         <name>.debug_info</name>
         <load_address>0x1cb1</load_address>
         <run_address>0x1cb1</run_address>
         <size>0x26b</size>
         <input_file_ref idref="fl-1"/>
      </object_component>
      <object_component id="oc-33">
         <name>.debug_info</name>
         <load_address>0x1f1c</load_address>
         <run_address>0x1f1c</run_address>
         <size>0x84</size>
         <input_file_ref idref="fl-1"/>
      </object_component>
      <object_component id="oc-aa">
         <name>.debug_info</name>
         <load_address>0x1fa0</load_address>
         <run_address>0x1fa0</run_address>
         <size>0x297</size>
         <input_file_ref idref="fl-1"/>
      </object_component>
      <object_component id="oc-72">
         <name>.debug_info</name>
         <load_address>0x2237</load_address>
         <run_address>0x2237</run_address>
         <size>0xbb</size>
         <input_file_ref idref="fl-1"/>
      </object_component>
      <object_component id="oc-22a">
         <name>.debug_info</name>
         <load_address>0x22f2</load_address>
         <run_address>0x22f2</run_address>
         <size>0x3f</size>
         <input_file_ref idref="fl-1"/>
      </object_component>
      <object_component id="oc-280">
         <name>.debug_info</name>
         <load_address>0x2331</load_address>
         <run_address>0x2331</run_address>
         <size>0xde</size>
         <input_file_ref idref="fl-2"/>
      </object_component>
      <object_component id="oc-1c3">
         <name>.debug_info</name>
         <load_address>0x240f</load_address>
         <run_address>0x240f</run_address>
         <size>0xc8</size>
         <input_file_ref idref="fl-2"/>
      </object_component>
      <object_component id="oc-1bd">
         <name>.debug_info</name>
         <load_address>0x24d7</load_address>
         <run_address>0x24d7</run_address>
         <size>0xce</size>
         <input_file_ref idref="fl-2"/>
      </object_component>
      <object_component id="oc-1c0">
         <name>.debug_info</name>
         <load_address>0x25a5</load_address>
         <run_address>0x25a5</run_address>
         <size>0xce</size>
         <input_file_ref idref="fl-2"/>
      </object_component>
      <object_component id="oc-1c6">
         <name>.debug_info</name>
         <load_address>0x2673</load_address>
         <run_address>0x2673</run_address>
         <size>0xc4</size>
         <input_file_ref idref="fl-2"/>
      </object_component>
      <object_component id="oc-1c9">
         <name>.debug_info</name>
         <load_address>0x2737</load_address>
         <run_address>0x2737</run_address>
         <size>0xc4</size>
         <input_file_ref idref="fl-2"/>
      </object_component>
      <object_component id="oc-1cc">
         <name>.debug_info</name>
         <load_address>0x27fb</load_address>
         <run_address>0x27fb</run_address>
         <size>0xc4</size>
         <input_file_ref idref="fl-2"/>
      </object_component>
      <object_component id="oc-1cf">
         <name>.debug_info</name>
         <load_address>0x28bf</load_address>
         <run_address>0x28bf</run_address>
         <size>0xc4</size>
         <input_file_ref idref="fl-2"/>
      </object_component>
      <object_component id="oc-1d2">
         <name>.debug_info</name>
         <load_address>0x2983</load_address>
         <run_address>0x2983</run_address>
         <size>0xc4</size>
         <input_file_ref idref="fl-2"/>
      </object_component>
      <object_component id="oc-1d5">
         <name>.debug_info</name>
         <load_address>0x2a47</load_address>
         <run_address>0x2a47</run_address>
         <size>0xc4</size>
         <input_file_ref idref="fl-2"/>
      </object_component>
      <object_component id="oc-1d8">
         <name>.debug_info</name>
         <load_address>0x2b0b</load_address>
         <run_address>0x2b0b</run_address>
         <size>0xc4</size>
         <input_file_ref idref="fl-2"/>
      </object_component>
      <object_component id="oc-1db">
         <name>.debug_info</name>
         <load_address>0x2bcf</load_address>
         <run_address>0x2bcf</run_address>
         <size>0xc4</size>
         <input_file_ref idref="fl-2"/>
      </object_component>
      <object_component id="oc-1ed">
         <name>.debug_info</name>
         <load_address>0x2c93</load_address>
         <run_address>0x2c93</run_address>
         <size>0xd0</size>
         <input_file_ref idref="fl-2"/>
      </object_component>
      <object_component id="oc-1f0">
         <name>.debug_info</name>
         <load_address>0x2d63</load_address>
         <run_address>0x2d63</run_address>
         <size>0xd0</size>
         <input_file_ref idref="fl-2"/>
      </object_component>
      <object_component id="oc-1ea">
         <name>.debug_info</name>
         <load_address>0x2e33</load_address>
         <run_address>0x2e33</run_address>
         <size>0xcb5</size>
         <input_file_ref idref="fl-3"/>
      </object_component>
      <object_component id="oc-c2">
         <name>.debug_info</name>
         <load_address>0x3ae8</load_address>
         <run_address>0x3ae8</run_address>
         <size>0x1824</size>
         <input_file_ref idref="fl-3"/>
      </object_component>
      <object_component id="oc-c8">
         <name>.debug_info</name>
         <load_address>0x530c</load_address>
         <run_address>0x530c</run_address>
         <size>0x8b</size>
         <input_file_ref idref="fl-3"/>
      </object_component>
      <object_component id="oc-279">
         <name>.debug_info</name>
         <load_address>0x5397</load_address>
         <run_address>0x5397</run_address>
         <size>0x35</size>
         <input_file_ref idref="fl-3"/>
      </object_component>
      <object_component id="oc-298">
         <name>.debug_info</name>
         <load_address>0x53cc</load_address>
         <run_address>0x53cc</run_address>
         <size>0x9e</size>
         <input_file_ref idref="fl-3"/>
      </object_component>
      <object_component id="oc-1b6">
         <name>.debug_info</name>
         <load_address>0x546a</load_address>
         <run_address>0x546a</run_address>
         <size>0x421</size>
         <input_file_ref idref="fl-4"/>
      </object_component>
      <object_component id="oc-99">
         <name>.debug_info</name>
         <load_address>0x588b</load_address>
         <run_address>0x588b</run_address>
         <size>0xf3</size>
         <input_file_ref idref="fl-4"/>
      </object_component>
      <object_component id="oc-2c">
         <name>.debug_info</name>
         <load_address>0x597e</load_address>
         <run_address>0x597e</run_address>
         <size>0x2a4</size>
         <input_file_ref idref="fl-5"/>
      </object_component>
      <object_component id="oc-10">
         <name>.debug_info</name>
         <load_address>0x5c22</load_address>
         <run_address>0x5c22</run_address>
         <size>0xe3</size>
         <input_file_ref idref="fl-5"/>
      </object_component>
      <object_component id="oc-25">
         <name>.debug_info</name>
         <load_address>0x5d05</load_address>
         <run_address>0x5d05</run_address>
         <size>0x25f</size>
         <input_file_ref idref="fl-5"/>
      </object_component>
      <object_component id="oc-232">
         <name>.debug_info</name>
         <load_address>0x5f64</load_address>
         <run_address>0x5f64</run_address>
         <size>0x240</size>
         <input_file_ref idref="fl-b"/>
      </object_component>
      <object_component id="oc-2d4">
         <name>.debug_info</name>
         <load_address>0x61a4</load_address>
         <run_address>0x61a4</run_address>
         <size>0x167</size>
         <input_file_ref idref="fl-b"/>
      </object_component>
      <object_component id="oc-2d7">
         <name>.debug_info</name>
         <load_address>0x630b</load_address>
         <run_address>0x630b</run_address>
         <size>0x169</size>
         <input_file_ref idref="fl-b"/>
      </object_component>
      <object_component id="oc-1aa">
         <name>.debug_info</name>
         <load_address>0x6474</load_address>
         <run_address>0x6474</run_address>
         <size>0x2a3</size>
         <input_file_ref idref="fl-b"/>
      </object_component>
      <object_component id="oc-26d">
         <name>.debug_info</name>
         <load_address>0x6717</load_address>
         <run_address>0x6717</run_address>
         <size>0x2b3</size>
         <input_file_ref idref="fl-b"/>
      </object_component>
      <object_component id="oc-1a4">
         <name>.debug_info</name>
         <load_address>0x69ca</load_address>
         <run_address>0x69ca</run_address>
         <size>0x316</size>
         <input_file_ref idref="fl-b"/>
      </object_component>
      <object_component id="oc-198">
         <name>.debug_info</name>
         <load_address>0x6ce0</load_address>
         <run_address>0x6ce0</run_address>
         <size>0x2b7</size>
         <input_file_ref idref="fl-b"/>
      </object_component>
      <object_component id="oc-19e">
         <name>.debug_info</name>
         <load_address>0x6f97</load_address>
         <run_address>0x6f97</run_address>
         <size>0x285</size>
         <input_file_ref idref="fl-b"/>
      </object_component>
      <object_component id="oc-235">
         <name>.debug_info</name>
         <load_address>0x721c</load_address>
         <run_address>0x721c</run_address>
         <size>0x298</size>
         <input_file_ref idref="fl-b"/>
      </object_component>
      <object_component id="oc-13e">
         <name>.debug_info</name>
         <load_address>0x74b4</load_address>
         <run_address>0x74b4</run_address>
         <size>0x2bb</size>
         <input_file_ref idref="fl-b"/>
      </object_component>
      <object_component id="oc-1de">
         <name>.debug_info</name>
         <load_address>0x776f</load_address>
         <run_address>0x776f</run_address>
         <size>0x27f</size>
         <input_file_ref idref="fl-b"/>
      </object_component>
      <object_component id="oc-132">
         <name>.debug_info</name>
         <load_address>0x79ee</load_address>
         <run_address>0x79ee</run_address>
         <size>0x2cf</size>
         <input_file_ref idref="fl-b"/>
      </object_component>
      <object_component id="oc-144">
         <name>.debug_info</name>
         <load_address>0x7cbd</load_address>
         <run_address>0x7cbd</run_address>
         <size>0x28f</size>
         <input_file_ref idref="fl-b"/>
      </object_component>
      <object_component id="oc-126">
         <name>.debug_info</name>
         <load_address>0x7f4c</load_address>
         <run_address>0x7f4c</run_address>
         <size>0x291</size>
         <input_file_ref idref="fl-b"/>
      </object_component>
      <object_component id="oc-12c">
         <name>.debug_info</name>
         <load_address>0x81dd</load_address>
         <run_address>0x81dd</run_address>
         <size>0x28d</size>
         <input_file_ref idref="fl-b"/>
      </object_component>
      <object_component id="oc-216">
         <name>.debug_info</name>
         <load_address>0x846a</load_address>
         <run_address>0x846a</run_address>
         <size>0x18b</size>
         <input_file_ref idref="fl-b"/>
      </object_component>
      <object_component id="oc-24b">
         <name>.debug_info</name>
         <load_address>0x85f5</load_address>
         <run_address>0x85f5</run_address>
         <size>0x20e</size>
         <input_file_ref idref="fl-c"/>
      </object_component>
      <object_component id="oc-2df">
         <name>.debug_info</name>
         <load_address>0x8803</load_address>
         <run_address>0x8803</run_address>
         <size>0x210</size>
         <input_file_ref idref="fl-c"/>
      </object_component>
      <object_component id="oc-248">
         <name>.debug_info</name>
         <load_address>0x8a13</load_address>
         <run_address>0x8a13</run_address>
         <size>0x14e</size>
         <input_file_ref idref="fl-c"/>
      </object_component>
      <object_component id="oc-2db">
         <name>.debug_info</name>
         <load_address>0x8b61</load_address>
         <run_address>0x8b61</run_address>
         <size>0x157</size>
         <input_file_ref idref="fl-c"/>
      </object_component>
      <object_component id="oc-23c">
         <name>.debug_info</name>
         <load_address>0x8cb8</load_address>
         <run_address>0x8cb8</run_address>
         <size>0x2c1</size>
         <input_file_ref idref="fl-c"/>
      </object_component>
      <object_component id="oc-139">
         <name>.debug_info</name>
         <load_address>0x8f79</load_address>
         <run_address>0x8f79</run_address>
         <size>0x2c9</size>
         <input_file_ref idref="fl-c"/>
      </object_component>
      <object_component id="oc-14a">
         <name>.debug_info</name>
         <load_address>0x9242</load_address>
         <run_address>0x9242</run_address>
         <size>0x23e</size>
         <input_file_ref idref="fl-c"/>
      </object_component>
      <object_component id="oc-241">
         <name>.debug_info</name>
         <load_address>0x9480</load_address>
         <run_address>0x9480</run_address>
         <size>0x268</size>
         <input_file_ref idref="fl-c"/>
      </object_component>
      <object_component id="oc-21b">
         <name>.debug_info</name>
         <load_address>0x96e8</load_address>
         <run_address>0x96e8</run_address>
         <size>0x298</size>
         <input_file_ref idref="fl-d"/>
      </object_component>
      <object_component id="oc-256">
         <name>.debug_info</name>
         <load_address>0x9980</load_address>
         <run_address>0x9980</run_address>
         <size>0x14d</size>
         <input_file_ref idref="fl-d"/>
      </object_component>
      <object_component id="oc-120">
         <name>.debug_info</name>
         <load_address>0x9acd</load_address>
         <run_address>0x9acd</run_address>
         <size>0x27f</size>
         <input_file_ref idref="fl-d"/>
      </object_component>
      <object_component id="oc-11a">
         <name>.debug_info</name>
         <load_address>0x9d4c</load_address>
         <run_address>0x9d4c</run_address>
         <size>0x27d</size>
         <input_file_ref idref="fl-d"/>
      </object_component>
      <object_component id="oc-10e">
         <name>.debug_info</name>
         <load_address>0x9fc9</load_address>
         <run_address>0x9fc9</run_address>
         <size>0x2db</size>
         <input_file_ref idref="fl-d"/>
      </object_component>
      <object_component id="oc-150">
         <name>.debug_info</name>
         <load_address>0xa2a4</load_address>
         <run_address>0xa2a4</run_address>
         <size>0x2b5</size>
         <input_file_ref idref="fl-d"/>
      </object_component>
      <object_component id="oc-2c4">
         <name>.debug_info</name>
         <load_address>0xa559</load_address>
         <run_address>0xa559</run_address>
         <size>0x5f</size>
         <input_file_ref idref="fl-d"/>
      </object_component>
      <object_component id="oc-268">
         <name>.debug_info</name>
         <load_address>0xa5b8</load_address>
         <run_address>0xa5b8</run_address>
         <size>0x19d</size>
         <input_file_ref idref="fl-e"/>
      </object_component>
      <object_component id="oc-180">
         <name>.debug_info</name>
         <load_address>0xa755</load_address>
         <run_address>0xa755</run_address>
         <size>0x261</size>
         <input_file_ref idref="fl-e"/>
      </object_component>
      <object_component id="oc-186">
         <name>.debug_info</name>
         <load_address>0xa9b6</load_address>
         <run_address>0xa9b6</run_address>
         <size>0x277</size>
         <input_file_ref idref="fl-e"/>
      </object_component>
      <object_component id="oc-18c">
         <name>.debug_info</name>
         <load_address>0xac2d</load_address>
         <run_address>0xac2d</run_address>
         <size>0x227</size>
         <input_file_ref idref="fl-e"/>
      </object_component>
      <object_component id="oc-17a">
         <name>.debug_info</name>
         <load_address>0xae54</load_address>
         <run_address>0xae54</run_address>
         <size>0x229</size>
         <input_file_ref idref="fl-e"/>
      </object_component>
      <object_component id="oc-192">
         <name>.debug_info</name>
         <load_address>0xb07d</load_address>
         <run_address>0xb07d</run_address>
         <size>0x221</size>
         <input_file_ref idref="fl-e"/>
      </object_component>
      <object_component id="oc-25a">
         <name>.debug_info</name>
         <load_address>0xb29e</load_address>
         <run_address>0xb29e</run_address>
         <size>0x223</size>
         <input_file_ref idref="fl-f"/>
      </object_component>
      <object_component id="oc-2ec">
         <name>.debug_info</name>
         <load_address>0xb4c1</load_address>
         <run_address>0xb4c1</run_address>
         <size>0x15a</size>
         <input_file_ref idref="fl-f"/>
      </object_component>
      <object_component id="oc-2ef">
         <name>.debug_info</name>
         <load_address>0xb61b</load_address>
         <run_address>0xb61b</run_address>
         <size>0x16c</size>
         <input_file_ref idref="fl-f"/>
      </object_component>
      <object_component id="oc-162">
         <name>.debug_info</name>
         <load_address>0xb787</load_address>
         <run_address>0xb787</run_address>
         <size>0x2ba</size>
         <input_file_ref idref="fl-f"/>
      </object_component>
      <object_component id="oc-25e">
         <name>.debug_info</name>
         <load_address>0xba41</load_address>
         <run_address>0xba41</run_address>
         <size>0x2eb</size>
         <input_file_ref idref="fl-f"/>
      </object_component>
      <object_component id="oc-168">
         <name>.debug_info</name>
         <load_address>0xbd2c</load_address>
         <run_address>0xbd2c</run_address>
         <size>0x2e4</size>
         <input_file_ref idref="fl-f"/>
      </object_component>
      <object_component id="oc-16e">
         <name>.debug_info</name>
         <load_address>0xc010</load_address>
         <run_address>0xc010</run_address>
         <size>0x294</size>
         <input_file_ref idref="fl-f"/>
      </object_component>
      <object_component id="oc-156">
         <name>.debug_info</name>
         <load_address>0xc2a4</load_address>
         <run_address>0xc2a4</run_address>
         <size>0x296</size>
         <input_file_ref idref="fl-f"/>
      </object_component>
      <object_component id="oc-1b0">
         <name>.debug_info</name>
         <load_address>0xc53a</load_address>
         <run_address>0xc53a</run_address>
         <size>0x292</size>
         <input_file_ref idref="fl-f"/>
      </object_component>
      <object_component id="oc-174">
         <name>.debug_info</name>
         <load_address>0xc7cc</load_address>
         <run_address>0xc7cc</run_address>
         <size>0x27f</size>
         <input_file_ref idref="fl-f"/>
      </object_component>
      <object_component id="oc-15c">
         <name>.debug_info</name>
         <load_address>0xca4b</load_address>
         <run_address>0xca4b</run_address>
         <size>0x28c</size>
         <input_file_ref idref="fl-f"/>
      </object_component>
      <object_component id="oc-24f">
         <name>.debug_info</name>
         <load_address>0xccd7</load_address>
         <run_address>0xccd7</run_address>
         <size>0x212</size>
         <input_file_ref idref="fl-10"/>
      </object_component>
      <object_component id="oc-8b">
         <name>.debug_info</name>
         <load_address>0xcee9</load_address>
         <run_address>0xcee9</run_address>
         <size>0x2d5</size>
         <input_file_ref idref="fl-c6"/>
      </object_component>
      <object_component id="oc-4b">
         <name>.debug_info</name>
         <load_address>0xd1be</load_address>
         <run_address>0xd1be</run_address>
         <size>0x1b6</size>
         <input_file_ref idref="fl-c6"/>
      </object_component>
      <object_component id="oc-86">
         <name>.debug_info</name>
         <load_address>0xd374</load_address>
         <run_address>0xd374</run_address>
         <size>0x46</size>
         <input_file_ref idref="fl-c6"/>
      </object_component>
      <object_component id="oc-b8">
         <name>.debug_info</name>
         <load_address>0xd3ba</load_address>
         <run_address>0xd3ba</run_address>
         <size>0x2c</size>
         <input_file_ref idref="fl-c6"/>
      </object_component>
      <object_component id="oc-43">
         <name>.debug_info</name>
         <load_address>0xd3e6</load_address>
         <run_address>0xd3e6</run_address>
         <size>0x2a9</size>
         <input_file_ref idref="fl-c7"/>
      </object_component>
      <object_component id="oc-19">
         <name>.debug_info</name>
         <load_address>0xd68f</load_address>
         <run_address>0xd68f</run_address>
         <size>0x1eb</size>
         <input_file_ref idref="fl-c7"/>
      </object_component>
      <object_component id="oc-3e">
         <name>.debug_info</name>
         <load_address>0xd87a</load_address>
         <run_address>0xd87a</run_address>
         <size>0x46</size>
         <input_file_ref idref="fl-c7"/>
      </object_component>
      <object_component id="oc-7e">
         <name>.debug_info</name>
         <load_address>0xd8c0</load_address>
         <run_address>0xd8c0</run_address>
         <size>0x2c</size>
         <input_file_ref idref="fl-c7"/>
      </object_component>
      <object_component id="oc-7c">
         <name>.debug_info</name>
         <load_address>0xd8ec</load_address>
         <run_address>0xd8ec</run_address>
         <size>0x29f</size>
         <input_file_ref idref="fl-c8"/>
      </object_component>
      <object_component id="oc-13">
         <name>.debug_info</name>
         <load_address>0xdb8b</load_address>
         <run_address>0xdb8b</run_address>
         <size>0x251</size>
         <input_file_ref idref="fl-c8"/>
      </object_component>
      <object_component id="oc-2e">
         <name>.debug_info</name>
         <load_address>0xdddc</load_address>
         <run_address>0xdddc</run_address>
         <size>0x60</size>
         <input_file_ref idref="fl-c8"/>
      </object_component>
      <object_component id="oc-b1">
         <name>.debug_info</name>
         <load_address>0xde3c</load_address>
         <run_address>0xde3c</run_address>
         <size>0x46</size>
         <input_file_ref idref="fl-c8"/>
      </object_component>
      <object_component id="oc-77">
         <name>.debug_info</name>
         <load_address>0xde82</load_address>
         <run_address>0xde82</run_address>
         <size>0x39</size>
         <input_file_ref idref="fl-c8"/>
      </object_component>
      <object_component id="oc-22">
         <name>.debug_info</name>
         <load_address>0xdebb</load_address>
         <run_address>0xdebb</run_address>
         <size>0x10c</size>
         <input_file_ref idref="fl-c9"/>
      </object_component>
      <object_component id="oc-57">
         <name>.debug_info</name>
         <load_address>0xdfc7</load_address>
         <run_address>0xdfc7</run_address>
         <size>0x1aa</size>
         <input_file_ref idref="fl-c9"/>
      </object_component>
      <object_component id="oc-8d">
         <name>.debug_info</name>
         <load_address>0xe171</load_address>
         <run_address>0xe171</run_address>
         <size>0x148</size>
         <input_file_ref idref="fl-ca"/>
      </object_component>
      <object_component id="oc-39">
         <name>.debug_info</name>
         <load_address>0xe2b9</load_address>
         <run_address>0xe2b9</run_address>
         <size>0x11a</size>
         <input_file_ref idref="fl-cb"/>
      </object_component>
      <object_component id="oc-1ff">
         <name>.debug_info</name>
         <load_address>0xe3d3</load_address>
         <run_address>0xe3d3</run_address>
         <size>0x4b4</size>
         <input_file_ref idref="fl-cc"/>
      </object_component>
      <object_component id="oc-da">
         <name>.debug_info</name>
         <load_address>0xe887</load_address>
         <run_address>0xe887</run_address>
         <size>0x1a7</size>
         <input_file_ref idref="fl-cc"/>
      </object_component>
      <object_component id="oc-2b1">
         <name>.debug_info</name>
         <load_address>0xea2e</load_address>
         <run_address>0xea2e</run_address>
         <size>0x39</size>
         <input_file_ref idref="fl-cc"/>
      </object_component>
      <object_component id="oc-2fa">
         <name>.debug_info</name>
         <load_address>0xea67</load_address>
         <run_address>0xea67</run_address>
         <size>0x39</size>
         <input_file_ref idref="fl-cc"/>
      </object_component>
      <object_component id="oc-2b6">
         <name>.debug_info</name>
         <load_address>0xeaa0</load_address>
         <run_address>0xeaa0</run_address>
         <size>0x39</size>
         <input_file_ref idref="fl-cc"/>
      </object_component>
      <object_component id="oc-2bb">
         <name>.debug_info</name>
         <load_address>0xead9</load_address>
         <run_address>0xead9</run_address>
         <size>0xcd</size>
         <input_file_ref idref="fl-cc"/>
      </object_component>
      <object_component id="oc-93">
         <name>.debug_info</name>
         <load_address>0xeba6</load_address>
         <run_address>0xeba6</run_address>
         <size>0x154</size>
         <input_file_ref idref="fl-cd"/>
      </object_component>
      <object_component id="oc-ce">
         <name>.debug_info</name>
         <load_address>0xecfa</load_address>
         <run_address>0xecfa</run_address>
         <size>0x123</size>
         <input_file_ref idref="fl-cf"/>
      </object_component>
      <object_component id="oc-33f">
         <name>.debug_info</name>
         <load_address>0xee1d</load_address>
         <run_address>0xee1d</run_address>
         <size>0x96</size>
      </object_component>
      <object_component id="oc-10c">
         <name>.debug_line</name>
         <load_address>0x0</load_address>
         <run_address>0x0</run_address>
         <size>0x32</size>
         <input_file_ref idref="fl-1"/>
      </object_component>
      <object_component id="oc-2cc">
         <name>.debug_line</name>
         <load_address>0x32</load_address>
         <run_address>0x32</run_address>
         <size>0x32</size>
         <input_file_ref idref="fl-1"/>
      </object_component>
      <object_component id="oc-2ca">
         <name>.debug_line</name>
         <load_address>0x64</load_address>
         <run_address>0x64</run_address>
         <size>0x32</size>
         <input_file_ref idref="fl-1"/>
      </object_component>
      <object_component id="oc-2ce">
         <name>.debug_line</name>
         <load_address>0x96</load_address>
         <run_address>0x96</run_address>
         <size>0x32</size>
         <input_file_ref idref="fl-1"/>
      </object_component>
      <object_component id="oc-2d0">
         <name>.debug_line</name>
         <load_address>0xc8</load_address>
         <run_address>0xc8</run_address>
         <size>0x32</size>
         <input_file_ref idref="fl-1"/>
      </object_component>
      <object_component id="oc-117">
         <name>.debug_line</name>
         <load_address>0xfa</load_address>
         <run_address>0xfa</run_address>
         <size>0x5c7</size>
         <input_file_ref idref="fl-1"/>
      </object_component>
      <object_component id="oc-70">
         <name>.debug_line</name>
         <load_address>0x6c1</load_address>
         <run_address>0x6c1</run_address>
         <size>0x79</size>
         <input_file_ref idref="fl-1"/>
      </object_component>
      <object_component id="oc-36">
         <name>.debug_line</name>
         <load_address>0x73a</load_address>
         <run_address>0x73a</run_address>
         <size>0x20</size>
         <input_file_ref idref="fl-1"/>
      </object_component>
      <object_component id="oc-ad">
         <name>.debug_line</name>
         <load_address>0x75a</load_address>
         <run_address>0x75a</run_address>
         <size>0x7d</size>
         <input_file_ref idref="fl-1"/>
      </object_component>
      <object_component id="oc-75">
         <name>.debug_line</name>
         <load_address>0x7d7</load_address>
         <run_address>0x7d7</run_address>
         <size>0x7a</size>
         <input_file_ref idref="fl-1"/>
      </object_component>
      <object_component id="oc-22d">
         <name>.debug_line</name>
         <load_address>0x851</load_address>
         <run_address>0x851</run_address>
         <size>0x32</size>
         <input_file_ref idref="fl-1"/>
      </object_component>
      <object_component id="oc-2f6">
         <name>.debug_line</name>
         <load_address>0x883</load_address>
         <run_address>0x883</run_address>
         <size>0x20</size>
         <input_file_ref idref="fl-2"/>
      </object_component>
      <object_component id="oc-284">
         <name>.debug_line</name>
         <load_address>0x8a3</load_address>
         <run_address>0x8a3</run_address>
         <size>0x30</size>
         <input_file_ref idref="fl-2"/>
      </object_component>
      <object_component id="oc-27f">
         <name>.debug_line</name>
         <load_address>0x8d3</load_address>
         <run_address>0x8d3</run_address>
         <size>0x30</size>
         <input_file_ref idref="fl-2"/>
      </object_component>
      <object_component id="oc-282">
         <name>.debug_line</name>
         <load_address>0x903</load_address>
         <run_address>0x903</run_address>
         <size>0x30</size>
         <input_file_ref idref="fl-2"/>
      </object_component>
      <object_component id="oc-286">
         <name>.debug_line</name>
         <load_address>0x933</load_address>
         <run_address>0x933</run_address>
         <size>0x30</size>
         <input_file_ref idref="fl-2"/>
      </object_component>
      <object_component id="oc-288">
         <name>.debug_line</name>
         <load_address>0x963</load_address>
         <run_address>0x963</run_address>
         <size>0x30</size>
         <input_file_ref idref="fl-2"/>
      </object_component>
      <object_component id="oc-28a">
         <name>.debug_line</name>
         <load_address>0x993</load_address>
         <run_address>0x993</run_address>
         <size>0x30</size>
         <input_file_ref idref="fl-2"/>
      </object_component>
      <object_component id="oc-28c">
         <name>.debug_line</name>
         <load_address>0x9c3</load_address>
         <run_address>0x9c3</run_address>
         <size>0x30</size>
         <input_file_ref idref="fl-2"/>
      </object_component>
      <object_component id="oc-28e">
         <name>.debug_line</name>
         <load_address>0x9f3</load_address>
         <run_address>0x9f3</run_address>
         <size>0x30</size>
         <input_file_ref idref="fl-2"/>
      </object_component>
      <object_component id="oc-290">
         <name>.debug_line</name>
         <load_address>0xa23</load_address>
         <run_address>0xa23</run_address>
         <size>0x30</size>
         <input_file_ref idref="fl-2"/>
      </object_component>
      <object_component id="oc-292">
         <name>.debug_line</name>
         <load_address>0xa53</load_address>
         <run_address>0xa53</run_address>
         <size>0x30</size>
         <input_file_ref idref="fl-2"/>
      </object_component>
      <object_component id="oc-294">
         <name>.debug_line</name>
         <load_address>0xa83</load_address>
         <run_address>0xa83</run_address>
         <size>0x30</size>
         <input_file_ref idref="fl-2"/>
      </object_component>
      <object_component id="oc-29e">
         <name>.debug_line</name>
         <load_address>0xab3</load_address>
         <run_address>0xab3</run_address>
         <size>0x30</size>
         <input_file_ref idref="fl-2"/>
      </object_component>
      <object_component id="oc-2a0">
         <name>.debug_line</name>
         <load_address>0xae3</load_address>
         <run_address>0xae3</run_address>
         <size>0x30</size>
         <input_file_ref idref="fl-2"/>
      </object_component>
      <object_component id="oc-297">
         <name>.debug_line</name>
         <load_address>0xb13</load_address>
         <run_address>0xb13</run_address>
         <size>0x1a9</size>
         <input_file_ref idref="fl-3"/>
      </object_component>
      <object_component id="oc-c5">
         <name>.debug_line</name>
         <load_address>0xcbc</load_address>
         <run_address>0xcbc</run_address>
         <size>0xa91</size>
         <input_file_ref idref="fl-3"/>
      </object_component>
      <object_component id="oc-cb">
         <name>.debug_line</name>
         <load_address>0x174d</load_address>
         <run_address>0x174d</run_address>
         <size>0x20</size>
         <input_file_ref idref="fl-3"/>
      </object_component>
      <object_component id="oc-27c">
         <name>.debug_line</name>
         <load_address>0x176d</load_address>
         <run_address>0x176d</run_address>
         <size>0x7c</size>
         <input_file_ref idref="fl-3"/>
      </object_component>
      <object_component id="oc-29b">
         <name>.debug_line</name>
         <load_address>0x17e9</load_address>
         <run_address>0x17e9</run_address>
         <size>0x2d</size>
         <input_file_ref idref="fl-3"/>
      </object_component>
      <object_component id="oc-278">
         <name>.debug_line</name>
         <load_address>0x1816</load_address>
         <run_address>0x1816</run_address>
         <size>0x3c</size>
         <input_file_ref idref="fl-4"/>
      </object_component>
      <object_component id="oc-9c">
         <name>.debug_line</name>
         <load_address>0x1852</load_address>
         <run_address>0x1852</run_address>
         <size>0x42</size>
         <input_file_ref idref="fl-4"/>
      </object_component>
      <object_component id="oc-6c">
         <name>.debug_line</name>
         <load_address>0x1894</load_address>
         <run_address>0x1894</run_address>
         <size>0x41</size>
         <input_file_ref idref="fl-5"/>
      </object_component>
      <object_component id="oc-2b">
         <name>.debug_line</name>
         <load_address>0x18d5</load_address>
         <run_address>0x18d5</run_address>
         <size>0x41</size>
         <input_file_ref idref="fl-5"/>
      </object_component>
      <object_component id="oc-28">
         <name>.debug_line</name>
         <load_address>0x1916</load_address>
         <run_address>0x1916</run_address>
         <size>0xa1</size>
         <input_file_ref idref="fl-5"/>
      </object_component>
      <object_component id="oc-2d2">
         <name>.debug_line</name>
         <load_address>0x19b7</load_address>
         <run_address>0x19b7</run_address>
         <size>0x82</size>
         <input_file_ref idref="fl-b"/>
      </object_component>
      <object_component id="oc-307">
         <name>.debug_line</name>
         <load_address>0x1a39</load_address>
         <run_address>0x1a39</run_address>
         <size>0x7d</size>
         <input_file_ref idref="fl-b"/>
      </object_component>
      <object_component id="oc-309">
         <name>.debug_line</name>
         <load_address>0x1ab6</load_address>
         <run_address>0x1ab6</run_address>
         <size>0x7d</size>
         <input_file_ref idref="fl-b"/>
      </object_component>
      <object_component id="oc-1ad">
         <name>.debug_line</name>
         <load_address>0x1b33</load_address>
         <run_address>0x1b33</run_address>
         <size>0x92</size>
         <input_file_ref idref="fl-b"/>
      </object_component>
      <object_component id="oc-270">
         <name>.debug_line</name>
         <load_address>0x1bc5</load_address>
         <run_address>0x1bc5</run_address>
         <size>0x95</size>
         <input_file_ref idref="fl-b"/>
      </object_component>
      <object_component id="oc-1a7">
         <name>.debug_line</name>
         <load_address>0x1c5a</load_address>
         <run_address>0x1c5a</run_address>
         <size>0xd1</size>
         <input_file_ref idref="fl-b"/>
      </object_component>
      <object_component id="oc-19b">
         <name>.debug_line</name>
         <load_address>0x1d2b</load_address>
         <run_address>0x1d2b</run_address>
         <size>0x99</size>
         <input_file_ref idref="fl-b"/>
      </object_component>
      <object_component id="oc-1a1">
         <name>.debug_line</name>
         <load_address>0x1dc4</load_address>
         <run_address>0x1dc4</run_address>
         <size>0x93</size>
         <input_file_ref idref="fl-b"/>
      </object_component>
      <object_component id="oc-238">
         <name>.debug_line</name>
         <load_address>0x1e57</load_address>
         <run_address>0x1e57</run_address>
         <size>0xa6</size>
         <input_file_ref idref="fl-b"/>
      </object_component>
      <object_component id="oc-141">
         <name>.debug_line</name>
         <load_address>0x1efd</load_address>
         <run_address>0x1efd</run_address>
         <size>0x99</size>
         <input_file_ref idref="fl-b"/>
      </object_component>
      <object_component id="oc-1e1">
         <name>.debug_line</name>
         <load_address>0x1f96</load_address>
         <run_address>0x1f96</run_address>
         <size>0x92</size>
         <input_file_ref idref="fl-b"/>
      </object_component>
      <object_component id="oc-135">
         <name>.debug_line</name>
         <load_address>0x2028</load_address>
         <run_address>0x2028</run_address>
         <size>0x99</size>
         <input_file_ref idref="fl-b"/>
      </object_component>
      <object_component id="oc-147">
         <name>.debug_line</name>
         <load_address>0x20c1</load_address>
         <run_address>0x20c1</run_address>
         <size>0x92</size>
         <input_file_ref idref="fl-b"/>
      </object_component>
      <object_component id="oc-129">
         <name>.debug_line</name>
         <load_address>0x2153</load_address>
         <run_address>0x2153</run_address>
         <size>0x92</size>
         <input_file_ref idref="fl-b"/>
      </object_component>
      <object_component id="oc-12f">
         <name>.debug_line</name>
         <load_address>0x21e5</load_address>
         <run_address>0x21e5</run_address>
         <size>0x92</size>
         <input_file_ref idref="fl-b"/>
      </object_component>
      <object_component id="oc-219">
         <name>.debug_line</name>
         <load_address>0x2277</load_address>
         <run_address>0x2277</run_address>
         <size>0x69</size>
         <input_file_ref idref="fl-b"/>
      </object_component>
      <object_component id="oc-2e5">
         <name>.debug_line</name>
         <load_address>0x22e0</load_address>
         <run_address>0x22e0</run_address>
         <size>0x7c</size>
         <input_file_ref idref="fl-c"/>
      </object_component>
      <object_component id="oc-30d">
         <name>.debug_line</name>
         <load_address>0x235c</load_address>
         <run_address>0x235c</run_address>
         <size>0x82</size>
         <input_file_ref idref="fl-c"/>
      </object_component>
      <object_component id="oc-2e3">
         <name>.debug_line</name>
         <load_address>0x23de</load_address>
         <run_address>0x23de</run_address>
         <size>0x82</size>
         <input_file_ref idref="fl-c"/>
      </object_component>
      <object_component id="oc-30b">
         <name>.debug_line</name>
         <load_address>0x2460</load_address>
         <run_address>0x2460</run_address>
         <size>0x82</size>
         <input_file_ref idref="fl-c"/>
      </object_component>
      <object_component id="oc-23b">
         <name>.debug_line</name>
         <load_address>0x24e2</load_address>
         <run_address>0x24e2</run_address>
         <size>0xaf</size>
         <input_file_ref idref="fl-c"/>
      </object_component>
      <object_component id="oc-138">
         <name>.debug_line</name>
         <load_address>0x2591</load_address>
         <run_address>0x2591</run_address>
         <size>0x99</size>
         <input_file_ref idref="fl-c"/>
      </object_component>
      <object_component id="oc-14d">
         <name>.debug_line</name>
         <load_address>0x262a</load_address>
         <run_address>0x262a</run_address>
         <size>0x97</size>
         <input_file_ref idref="fl-c"/>
      </object_component>
      <object_component id="oc-245">
         <name>.debug_line</name>
         <load_address>0x26c1</load_address>
         <run_address>0x26c1</run_address>
         <size>0xc2</size>
         <input_file_ref idref="fl-c"/>
      </object_component>
      <object_component id="oc-2c3">
         <name>.debug_line</name>
         <load_address>0x2783</load_address>
         <run_address>0x2783</run_address>
         <size>0x13d</size>
         <input_file_ref idref="fl-d"/>
      </object_component>
      <object_component id="oc-2e8">
         <name>.debug_line</name>
         <load_address>0x28c0</load_address>
         <run_address>0x28c0</run_address>
         <size>0x7f</size>
         <input_file_ref idref="fl-d"/>
      </object_component>
      <object_component id="oc-123">
         <name>.debug_line</name>
         <load_address>0x293f</load_address>
         <run_address>0x293f</run_address>
         <size>0x94</size>
         <input_file_ref idref="fl-d"/>
      </object_component>
      <object_component id="oc-11d">
         <name>.debug_line</name>
         <load_address>0x29d3</load_address>
         <run_address>0x29d3</run_address>
         <size>0x94</size>
         <input_file_ref idref="fl-d"/>
      </object_component>
      <object_component id="oc-111">
         <name>.debug_line</name>
         <load_address>0x2a67</load_address>
         <run_address>0x2a67</run_address>
         <size>0xee</size>
         <input_file_ref idref="fl-d"/>
      </object_component>
      <object_component id="oc-153">
         <name>.debug_line</name>
         <load_address>0x2b55</load_address>
         <run_address>0x2b55</run_address>
         <size>0x11a</size>
         <input_file_ref idref="fl-d"/>
      </object_component>
      <object_component id="oc-2c7">
         <name>.debug_line</name>
         <load_address>0x2c6f</load_address>
         <run_address>0x2c6f</run_address>
         <size>0x7f</size>
         <input_file_ref idref="fl-d"/>
      </object_component>
      <object_component id="oc-2f3">
         <name>.debug_line</name>
         <load_address>0x2cee</load_address>
         <run_address>0x2cee</run_address>
         <size>0x82</size>
         <input_file_ref idref="fl-e"/>
      </object_component>
      <object_component id="oc-183">
         <name>.debug_line</name>
         <load_address>0x2d70</load_address>
         <run_address>0x2d70</run_address>
         <size>0x95</size>
         <input_file_ref idref="fl-e"/>
      </object_component>
      <object_component id="oc-189">
         <name>.debug_line</name>
         <load_address>0x2e05</load_address>
         <run_address>0x2e05</run_address>
         <size>0x96</size>
         <input_file_ref idref="fl-e"/>
      </object_component>
      <object_component id="oc-18f">
         <name>.debug_line</name>
         <load_address>0x2e9b</load_address>
         <run_address>0x2e9b</run_address>
         <size>0x95</size>
         <input_file_ref idref="fl-e"/>
      </object_component>
      <object_component id="oc-17d">
         <name>.debug_line</name>
         <load_address>0x2f30</load_address>
         <run_address>0x2f30</run_address>
         <size>0x95</size>
         <input_file_ref idref="fl-e"/>
      </object_component>
      <object_component id="oc-195">
         <name>.debug_line</name>
         <load_address>0x2fc5</load_address>
         <run_address>0x2fc5</run_address>
         <size>0x92</size>
         <input_file_ref idref="fl-e"/>
      </object_component>
      <object_component id="oc-2ea">
         <name>.debug_line</name>
         <load_address>0x3057</load_address>
         <run_address>0x3057</run_address>
         <size>0x82</size>
         <input_file_ref idref="fl-f"/>
      </object_component>
      <object_component id="oc-30f">
         <name>.debug_line</name>
         <load_address>0x30d9</load_address>
         <run_address>0x30d9</run_address>
         <size>0x7e</size>
         <input_file_ref idref="fl-f"/>
      </object_component>
      <object_component id="oc-311">
         <name>.debug_line</name>
         <load_address>0x3157</load_address>
         <run_address>0x3157</run_address>
         <size>0x7e</size>
         <input_file_ref idref="fl-f"/>
      </object_component>
      <object_component id="oc-165">
         <name>.debug_line</name>
         <load_address>0x31d5</load_address>
         <run_address>0x31d5</run_address>
         <size>0x9c</size>
         <input_file_ref idref="fl-f"/>
      </object_component>
      <object_component id="oc-261">
         <name>.debug_line</name>
         <load_address>0x3271</load_address>
         <run_address>0x3271</run_address>
         <size>0xaf</size>
         <input_file_ref idref="fl-f"/>
      </object_component>
      <object_component id="oc-16b">
         <name>.debug_line</name>
         <load_address>0x3320</load_address>
         <run_address>0x3320</run_address>
         <size>0x9a</size>
         <input_file_ref idref="fl-f"/>
      </object_component>
      <object_component id="oc-171">
         <name>.debug_line</name>
         <load_address>0x33ba</load_address>
         <run_address>0x33ba</run_address>
         <size>0x93</size>
         <input_file_ref idref="fl-f"/>
      </object_component>
      <object_component id="oc-159">
         <name>.debug_line</name>
         <load_address>0x344d</load_address>
         <run_address>0x344d</run_address>
         <size>0x93</size>
         <input_file_ref idref="fl-f"/>
      </object_component>
      <object_component id="oc-1b3">
         <name>.debug_line</name>
         <load_address>0x34e0</load_address>
         <run_address>0x34e0</run_address>
         <size>0x93</size>
         <input_file_ref idref="fl-f"/>
      </object_component>
      <object_component id="oc-177">
         <name>.debug_line</name>
         <load_address>0x3573</load_address>
         <run_address>0x3573</run_address>
         <size>0x93</size>
         <input_file_ref idref="fl-f"/>
      </object_component>
      <object_component id="oc-15f">
         <name>.debug_line</name>
         <load_address>0x3606</load_address>
         <run_address>0x3606</run_address>
         <size>0xb7</size>
         <input_file_ref idref="fl-f"/>
      </object_component>
      <object_component id="oc-252">
         <name>.debug_line</name>
         <load_address>0x36bd</load_address>
         <run_address>0x36bd</run_address>
         <size>0x91</size>
         <input_file_ref idref="fl-10"/>
      </object_component>
      <object_component id="oc-be">
         <name>.debug_line</name>
         <load_address>0x374e</load_address>
         <run_address>0x374e</run_address>
         <size>0x92</size>
         <input_file_ref idref="fl-c6"/>
      </object_component>
      <object_component id="oc-4e">
         <name>.debug_line</name>
         <load_address>0x37e0</load_address>
         <run_address>0x37e0</run_address>
         <size>0x4f</size>
         <input_file_ref idref="fl-c6"/>
      </object_component>
      <object_component id="oc-89">
         <name>.debug_line</name>
         <load_address>0x382f</load_address>
         <run_address>0x382f</run_address>
         <size>0x34</size>
         <input_file_ref idref="fl-c6"/>
      </object_component>
      <object_component id="oc-bb">
         <name>.debug_line</name>
         <load_address>0x3863</load_address>
         <run_address>0x3863</run_address>
         <size>0x92</size>
         <input_file_ref idref="fl-c6"/>
      </object_component>
[...]
         <cprec>
            <name>.vtable</name>
            <load_address>0x5118</load_address>
            <load_size>0x8</load_size>
            <run_address>0x20000000</run_address>
            <run_size>0x26c</run_size>
            <compression>zero_init</compression>
         </cprec>
         <cprec>
            <name>.data</name>
            <load_address>0x5120</load_address>
            <load_size>0x7</load_size>
            <run_address>0x200006f8</run_address>
            <run_size>0x8</run_size>
            <compression>lzss</compression>
         </cprec>
      </cptbl>
   </cptbl_list>
   <handler_table>
      <handler_table_name>__TI_handler_table</handler_table_name>
      <handler>
         <index>0x0</index>
         <name>__TI_zero_init</name>
      </handler>
      <handler>
         <index>0x1</index>
         <name>__TI_decompress_lzss</name>
      </handler>
      <handler>
         <index>0x2</index>
         <name>__TI_decompress_none</name>
      </handler>
   </handler_table>
   <symbol_table>
      <symbol id="sm-1">
         <name>__STACK_TOP</name>
         <value>0x200006f8</value>
      </symbol>
      <symbol id="sm-2">
         <name>__TI_CINIT_Base</name>
         <value>0x5128</value>
      </symbol>
      <symbol id="sm-3">
         <name>__TI_CINIT_Limit</name>
         <value>0x5140</value>
      </symbol>
      <symbol id="sm-4">
         <name>__TI_Handler_Table_Base</name>
         <value>0x5100</value>
      </symbol>
      <symbol id="sm-5">
         <name>__TI_Handler_Table_Limit</name>
         <value>0x510c</value>
      </symbol>
      <symbol id="sm-6">
         <name>binit</name>
         <value>0xffffffff</value>
      </symbol>
      <symbol id="sm-7">
         <name>__binit__</name>
         <value>0xffffffff</value>
      </symbol>
      <symbol id="sm-8">
         <name>__STACK_SIZE</name>
         <value>0x200</value>
      </symbol>
      <symbol id="sm-9">
         <name>__STACK_END</name>
         <value>0x200006f8</value>
      </symbol>
      <symbol id="sm-a">
         <name>__c_args__</name>
         <value>0xffffffff</value>
      </symbol>
      <symbol id="sm-b">
         <name>__TI_pprof_out_hndl</name>
         <value>0xffffffff</value>
      </symbol>
      <symbol id="sm-c">
         <name>__TI_prof_data_start</name>
         <value>0xffffffff</value>
      </symbol>
      <symbol id="sm-d">
         <name>__TI_prof_data_size</name>
         <value>0xffffffff</value>
      </symbol>
      <symbol id="sm-ef">
         <name>Screen</name>
         <value>0x2000026c</value>
      </symbol>
      <symbol id="sm-f0">
         <name>Nokia5110_BufferFullImage</name>
         <value>0x2821</value>
         <object_component_ref idref="oc-113"/>
      </symbol>
      <symbol id="sm-f1">
         <name>Nokia5110_Cursor</name>
         <value>0x2055</value>
         <object_component_ref idref="oc-113"/>
      </symbol>
      <symbol id="sm-f2">
         <name>Nokia5110_SetCursor</name>
         <value>0x2001</value>
         <object_component_ref idref="oc-113"/>
      </symbol>
      <symbol id="sm-f3">
         <name>Nokia5110_ClearBuffer</name>
         <value>0x235d</value>
         <object_component_ref idref="oc-113"/>
      </symbol>
      <symbol id="sm-f4">
         <name>Nokia5110_PrintBMP</name>
         <value>0x2179</value>
         <object_component_ref idref="oc-113"/>
      </symbol>
      <symbol id="sm-f5">
         <name>Nokia5110_SetPxl</name>
         <value>0x23b7</value>
         <object_component_ref idref="oc-113"/>
      </symbol>
      <symbol id="sm-f6">
         <name>Nokia5110_DisplayBuffer</name>
         <value>0x2387</value>
         <object_component_ref idref="oc-113"/>
      </symbol>
      <symbol id="sm-f7">
         <name>Nokia5110_OutSpecial</name>
         <value>0x26ed</value>
         <object_component_ref idref="oc-113"/>
      </symbol>
      <symbol id="sm-f8">
         <name>Nokia5110_OutDec</name>
         <value>0x2451</value>
         <object_component_ref idref="oc-113"/>
      </symbol>
      <symbol id="sm-f9">
         <name>Nokia5110_Init</name>
         <value>0x1c77</value>
         <object_component_ref idref="oc-113"/>
      </symbol>
      <symbol id="sm-fa">
         <name>Nokia5110_DrawFullImage</name>
         <value>0x20c5</value>
         <object_component_ref idref="oc-113"/>
      </symbol>
      <symbol id="sm-fb">
         <name>Nokia5110_OutString</name>
         <value>0x1dd1</value>
         <object_component_ref idref="oc-113"/>
      </symbol>
      <symbol id="sm-fc">
         <name>Nokia5110_Padding</name>
         <value>0x2817</value>
         <object_component_ref idref="oc-113"/>
      </symbol>
      <symbol id="sm-fd">
         <name>Nokia5110_DrawChar</name>
         <value>0x2735</value>
         <object_component_ref idref="oc-113"/>
      </symbol>
      <symbol id="sm-fe">
         <name>Nokia5110_OutStringInv</name>
         <value>0x26a9</value>
         <object_component_ref idref="oc-113"/>
      </symbol>
      <symbol id="sm-ff">
         <name>Nokia5110_OutUDec</name>
         <value>0x1dfd</value>
         <object_component_ref idref="oc-113"/>
      </symbol>
      <symbol id="sm-100">
         <name>Nokia5110_DrawMix</name>
         <value>0x279f</value>
         <object_component_ref idref="oc-113"/>
      </symbol>
      <symbol id="sm-101">
         <name>PLL_Init</name>
         <value>0x23dd</value>
         <object_component_ref idref="oc-113"/>
      </symbol>
      <symbol id="sm-102">
         <name>Nokia5110_OutChar</name>
         <value>0x1d91</value>
         <object_component_ref idref="oc-113"/>
      </symbol>
      <symbol id="sm-103">
         <name>Nokia5110_DrawSpecial</name>
         <value>0x276d</value>
         <object_component_ref idref="oc-113"/>
      </symbol>
      <symbol id="sm-104">
         <name>Nokia5110_MyDrawing</name>
         <value>0x20ff</value>
         <object_component_ref idref="oc-113"/>
      </symbol>
      <symbol id="sm-105">
         <name>Nokia5110_OutCharInv</name>
         <value>0x2617</value>
         <object_component_ref idref="oc-113"/>
      </symbol>
      <symbol id="sm-106">
         <name>Nokia5110_ClrPxl</name>
         <value>0x2391</value>
         <object_component_ref idref="oc-113"/>
      </symbol>
      <symbol id="sm-107">
         <name>Nokia5110_Clear</name>
         <value>0x2095</value>
         <object_component_ref idref="oc-113"/>
      </symbol>
      <symbol id="sm-108">
         <name>Masks</name>
         <value>0x50f0</value>
         <object_component_ref idref="oc-220"/>
      </symbol>
      <symbol id="sm-15b">
         <name>Inst8</name>
         <value>0x4174</value>
         <object_component_ref idref="oc-1da"/>
      </symbol>
      <symbol id="sm-15c">
         <name>Inst3</name>
         <value>0x379c</value>
         <object_component_ref idref="oc-1cb"/>
      </symbol>
      <symbol id="sm-15d">
         <name>Inst2</name>
         <value>0x35a4</value>
         <object_component_ref idref="oc-1c8"/>
      </symbol>
      <symbol id="sm-15e">
         <name>Inst1</name>
         <value>0x33ac</value>
         <object_component_ref idref="oc-1c5"/>
      </symbol>
      <symbol id="sm-15f">
         <name>Inst7</name>
         <value>0x3f7c</value>
         <object_component_ref idref="oc-1d7"/>
      </symbol>
      <symbol id="sm-160">
         <name>Inst6</name>
         <value>0x3d84</value>
         <object_component_ref idref="oc-1d4"/>
      </symbol>
      <symbol id="sm-161">
         <name>Inst5</name>
         <value>0x3b8c</value>
         <object_component_ref idref="oc-1d1"/>
      </symbol>
      <symbol id="sm-162">
         <name>Inst4</name>
         <value>0x3994</value>
         <object_component_ref idref="oc-1ce"/>
      </symbol>
      <symbol id="sm-163">
         <name>Menu2_full</name>
         <value>0x4954</value>
         <object_component_ref idref="oc-1bf"/>
      </symbol>
      <symbol id="sm-164">
         <name>Menu1_full</name>
         <value>0x475c</value>
         <object_component_ref idref="oc-1bc"/>
      </symbol>
      <symbol id="sm-165">
         <name>Buttons</name>
         <value>0x31b4</value>
         <object_component_ref idref="oc-1c2"/>
      </symbol>
      <symbol id="sm-166">
         <name>JogoPlayer2</name>
         <value>0x4564</value>
         <object_component_ref idref="oc-1ef"/>
      </symbol>
      <symbol id="sm-167">
         <name>JogoPlayer1</name>
         <value>0x436c</value>
         <object_component_ref idref="oc-1ec"/>
      </symbol>
      <symbol id="sm-2f8">
         <name>pedras</name>
         <value>0x20000464</value>
      </symbol>
      <symbol id="sm-2f9">
         <name>trataTimer0</name>
         <value>0x4df</value>
         <object_component_ref idref="oc-c1"/>
      </symbol>
      <symbol id="sm-2fa">
         <name>start</name>
         <value>0x26d</value>
         <object_component_ref idref="oc-c1"/>
      </symbol>
      <symbol id="sm-2fb">
         <name>trataSysTick</name>
         <value>0x859</value>
         <object_component_ref idref="oc-c1"/>
      </symbol>
      <symbol id="sm-2fc">
         <name>trataGPIOF</name>
         <value>0x561</value>
         <object_component_ref idref="oc-c1"/>
      </symbol>
      <symbol id="sm-30b">
         <name>G_posmenu</name>
         <value>0x200004f0</value>
      </symbol>
      <symbol id="sm-30c">
         <name>G_modo</name>
         <value>0x200004ed</value>
      </symbol>
      <symbol id="sm-30d">
         <name>G_linhaInst</name>
         <value>0x200004ec</value>
      </symbol>
      <symbol id="sm-30e">
         <name>G_vit</name>
         <value>0x200004f1</value>
      </symbol>
      <symbol id="sm-30f">
         <name>G_player</name>
         <value>0x200004ef</value>
      </symbol>
      <symbol id="sm-310">
         <name>G_mux</name>
         <value>0x200004ee</value>
      </symbol>
      <symbol id="sm-311">
         <name>debouncer</name>
         <value>0x200004f2</value>
      </symbol>
      <symbol id="sm-312">
         <name>G_selec_x</name>
         <value>0x200004e4</value>
      </symbol>
      <symbol id="sm-313">
         <name>G_selec_y</name>
         <value>0x200004e8</value>
      </symbol>
      <symbol id="sm-314">
         <name>G_cursor_x</name>
         <value>0x200004dc</value>
      </symbol>
      <symbol id="sm-315">
         <name>G_cursor_y</name>
         <value>0x200004e0</value>
      </symbol>
      <symbol id="sm-316">
         <name>main</name>
         <value>0x318f</value>
         <object_component_ref idref="oc-98"/>
      </symbol>
      <symbol id="sm-332">
         <name>ResetISR</name>
         <value>0x3171</value>
         <object_component_ref idref="oc-24"/>
      </symbol>
      <symbol id="sm-333">
         <name>g_pfnVectors</name>
         <value>0x0</value>
         <object_component_ref idref="oc-f"/>
      </symbol>
      <symbol id="sm-3b6">
         <name>GPIOIntRegister</name>
         <value>0x304d</value>
         <object_component_ref idref="oc-131"/>
      </symbol>
      <symbol id="sm-3b7">
         <name>GPIOIntDisable</name>
         <value>0x3115</value>
         <object_component_ref idref="oc-125"/>
      </symbol>
      <symbol id="sm-3b8">
         <name>GPIOIntEnable</name>
         <value>0x3159</value>
         <object_component_ref idref="oc-143"/>
      </symbol>
      <symbol id="sm-3b9">
         <name>GPIOIntTypeSet</name>
         <value>0x2de1</value>
         <object_component_ref idref="oc-13d"/>
      </symbol>
      <symbol id="sm-3ba">
         <name>GPIOPinTypeGPIOInput</name>
         <value>0x30d1</value>
         <object_component_ref idref="oc-19d"/>
      </symbol>
      <symbol id="sm-3bb">
         <name>GPIOIntClear</name>
         <value>0x3197</value>
         <object_component_ref idref="oc-12b"/>
      </symbol>
      <symbol id="sm-3bc">
         <name>GPIOIntStatus</name>
         <value>0x3123</value>
         <object_component_ref idref="oc-1dd"/>
      </symbol>
      <symbol id="sm-3bd">
         <name>GPIOPinTypeGPIOOutput</name>
         <value>0x3065</value>
         <object_component_ref idref="oc-197"/>
      </symbol>
      <symbol id="sm-3be">
         <name>GPIODirModeSet</name>
         <value>0x2fe1</value>
         <object_component_ref idref="oc-26c"/>
      </symbol>
      <symbol id="sm-3bf">
         <name>GPIOPinWrite</name>
         <value>0x319d</value>
         <object_component_ref idref="oc-1a9"/>
      </symbol>
      <symbol id="sm-3c0">
         <name>GPIOPadConfigSet</name>
         <value>0x2861</value>
         <object_component_ref idref="oc-1a3"/>
      </symbol>
      <symbol id="sm-413">
         <name>IntPrioritySet</name>
         <value>0x300d</value>
         <object_component_ref idref="oc-137"/>
      </symbol>
      <symbol id="sm-414">
         <name>IntEnable</name>
         <value>0x2cb1</value>
         <object_component_ref idref="oc-240"/>
      </symbol>
      <symbol id="sm-415">
         <name>IntRegister</name>
         <value>0x2f45</value>
         <object_component_ref idref="oc-23a"/>
      </symbol>
      <symbol id="sm-416">
         <name>g_pfnRAMVectors</name>
         <value>0x20000000</value>
         <object_component_ref idref="oc-2da"/>
      </symbol>
      <symbol id="sm-417">
         <name>IntMasterEnable</name>
         <value>0x30f5</value>
         <object_component_ref idref="oc-149"/>
      </symbol>
      <symbol id="sm-474">
         <name>SysCtlClockSet</name>
         <value>0x2aa5</value>
         <object_component_ref idref="oc-10d"/>
      </symbol>
      <symbol id="sm-475">
         <name>SysCtlDelay</name>
         <value>0x31a3</value>
         <object_component_ref idref="oc-214"/>
      </symbol>
      <symbol id="sm-476">
         <name>SysCtlPeripheralEnable</name>
         <value>0x2f79</value>
         <object_component_ref idref="oc-119"/>
      </symbol>
      <symbol id="sm-477">
         <name>SysCtlClockGet</name>
         <value>0x2995</value>
         <object_component_ref idref="oc-14f"/>
      </symbol>
      <symbol id="sm-478">
         <name>SysCtlPeripheralReady</name>
         <value>0x2f0d</value>
         <object_component_ref idref="oc-11f"/>
      </symbol>
      <symbol id="sm-4af">
         <name>SysTickIntDisable</name>
         <value>0x30a9</value>
         <object_component_ref idref="oc-179"/>
      </symbol>
      <symbol id="sm-4b0">
         <name>SysTickEnable</name>
         <value>0x3095</value>
         <object_component_ref idref="oc-191"/>
      </symbol>
      <symbol id="sm-4b1">
         <name>SysTickIntRegister</name>
         <value>0x3031</value>
         <object_component_ref idref="oc-185"/>
      </symbol>
      <symbol id="sm-4b2">
         <name>SysTickIntEnable</name>
         <value>0x30bd</value>
         <object_component_ref idref="oc-18b"/>
      </symbol>
      <symbol id="sm-4b3">
         <name>SysTickPeriodSet</name>
         <value>0x3105</value>
         <object_component_ref idref="oc-17f"/>
      </symbol>
      <symbol id="sm-516">
         <name>TimerLoadSet</name>
         <value>0x30e3</value>
         <object_component_ref idref="oc-161"/>
      </symbol>
      <symbol id="sm-517">
         <name>TimerIntRegister</name>
         <value>0x307d</value>
         <object_component_ref idref="oc-167"/>
      </symbol>
      <symbol id="sm-518">
         <name>TimerEnable</name>
         <value>0x3131</value>
         <object_component_ref idref="oc-173"/>
      </symbol>
      <symbol id="sm-519">
         <name>TimerIntDisable</name>
         <value>0x317d</value>
         <object_component_ref idref="oc-155"/>
      </symbol>
      <symbol id="sm-51a">
         <name>TimerIntEnable</name>
         <value>0x3187</value>
         <object_component_ref idref="oc-16d"/>
      </symbol>
      <symbol id="sm-51b">
         <name>TimerConfigure</name>
         <value>0x2d81</value>
         <object_component_ref idref="oc-15b"/>
      </symbol>
      <symbol id="sm-51c">
         <name>TimerIntClear</name>
         <value>0x31a9</value>
         <object_component_ref idref="oc-1af"/>
      </symbol>
      <symbol id="sm-526">
         <name>CPUcpsie</name>
         <value>0x314d</value>
         <object_component_ref idref="oc-24e"/>
      </symbol>
      <symbol id="sm-53d">
         <name>__TI_zero_init</name>
         <value>0x3165</value>
         <object_component_ref idref="oc-4a"/>
      </symbol>
      <symbol id="sm-554">
         <name>__TI_decompress_none</name>
         <value>0x313f</value>
         <object_component_ref idref="oc-18"/>
      </symbol>
      <symbol id="sm-577">
         <name>__TI_decompress_lzss</name>
         <value>0x2d19</value>
         <object_component_ref idref="oc-12"/>
      </symbol>
      <symbol id="sm-58a">
         <name>__stack</name>
         <value>0x200004f8</value>
         <object_component_ref idref="oc-21"/>
      </symbol>
      <symbol id="sm-58b">
         <name>_c_int00_noargs</name>
         <value>0x2fad</value>
         <object_component_ref idref="oc-56"/>
      </symbol>
      <symbol id="sm-59a">
         <name>__aeabi_memset</name>
         <value>0x2c37</value>
         <object_component_ref idref="oc-8c"/>
      </symbol>
      <symbol id="sm-59b">
         <name>memset</name>
         <value>0x2c3d</value>
         <object_component_ref idref="oc-8c"/>
      </symbol>
      <symbol id="sm-59c">
         <name>__aeabi_memset8</name>
         <value>0x2c37</value>
         <object_component_ref idref="oc-8c"/>
      </symbol>
      <symbol id="sm-59d">
         <name>__aeabi_memset4</name>
         <value>0x2c37</value>
         <object_component_ref idref="oc-8c"/>
      </symbol>
      <symbol id="sm-59e">
         <name>__aeabi_memclr8</name>
         <value>0x2c35</value>
         <object_component_ref idref="oc-8c"/>
      </symbol>
      <symbol id="sm-59f">
         <name>__aeabi_memclr4</name>
         <value>0x2c35</value>
         <object_component_ref idref="oc-8c"/>
      </symbol>
      <symbol id="sm-5a0">
         <name>__aeabi_memclr</name>
         <value>0x2c35</value>
         <object_component_ref idref="oc-8c"/>
      </symbol>
      <symbol id="sm-5bb">
         <name>memcpy</name>
         <value>0x2b99</value>
         <object_component_ref idref="oc-38"/>
      </symbol>
      <symbol id="sm-5bc">
         <name>__aeabi_memcpy</name>
         <value>0x2b99</value>
         <object_component_ref idref="oc-38"/>
      </symbol>
      <symbol id="sm-5bd">
         <name>__aeabi_memcpy8</name>
         <value>0x2b99</value>
         <object_component_ref idref="oc-38"/>
      </symbol>
      <symbol id="sm-5be">
         <name>__aeabi_memcpy4</name>
         <value>0x2b99</value>
         <object_component_ref idref="oc-38"/>
      </symbol>
      <symbol id="sm-5e6">
         <name>__TI_auto_init_nobinit_nopinit</name>
         <value>0x2ec9</value>
         <object_component_ref idref="oc-d9"/>
      </symbol>
      <symbol id="sm-5f0">
         <name>_system_pre_init</name>
         <value>0x31ad</value>
         <object_component_ref idref="oc-92"/>
      </symbol>
      <symbol id="sm-5fc">
         <name>C$$EXIT</name>
         <value>0x31b1</value>
         <object_component_ref idref="oc-cd"/>
      </symbol>
      <symbol id="sm-5fd">
         <name>abort</name>
         <value>0x31b1</value>
         <object_component_ref idref="oc-cd"/>
      </symbol>
      <symbol id="sm-600">
         <name>__TI_static_base__</name>
         <value>0x0</value>
      </symbol>
      <symbol id="sm-603">
         <name>__mpu_init</name>
         <value>0x0</value>
      </symbol>
      <symbol id="sm-604">
         <name>_system_post_cinit</name>
         <value>0x0</value>
      </symbol>
   </symbol_table>
   <title>Link successful</title>
</link_info>
